.att_syntax
.section .note.GNU-stack,"",%progbits

.global test1
.type test1, @function
.global test2
.type test2, @function
.global test3
.type test3, @function
.global test4
.type test4, @function

.section .text
.L__kefir_text_section_begin:
test1:
.L__kefir_text_func_test1_begin:
    jmp .L__kefir_func_test1_label1
.L__kefir_func_test1_label1:
    movsx %dil, %rcx
    mov %ecx, %eax
    mov %rax, %rdx
    add %eax, %edx
    sar $31, %ecx
    mov %rdx, %rax
    xor %ecx, %eax
    or $1, %eax
    mov %rax, %rcx
    bsr %eax, %ecx
    mov %rcx, %rax
    xor $31, %eax
    sub $24, %eax
    ret
.L__kefir_text_func_test1_end:

test2:
.L__kefir_text_func_test2_begin:
    jmp .L__kefir_func_test2_label1
.L__kefir_func_test2_label1:
    movsx %di, %rcx
    mov %ecx, %eax
    mov %rax, %rdx
    add %eax, %edx
    sar $31, %ecx
    mov %rdx, %rax
    xor %ecx, %eax
    or $1, %eax
    mov %rax, %rcx
    bsr %eax, %ecx
    mov %rcx, %rax
    xor $31, %eax
    sub $16, %eax
    ret
.L__kefir_text_func_test2_end:

test3:
.L__kefir_text_func_test3_begin:
    jmp .L__kefir_func_test3_label1
.L__kefir_func_test3_label1:
    mov %edi, %eax
    mov %rax, %rcx
    add %eax, %ecx
    sar $31, %edi
    mov %rcx, %rax
    xor %edi, %eax
    or $1, %eax
    mov %rax, %rcx
    bsr %eax, %ecx
    mov %rcx, %rax
    xor $31, %eax
    ret
.L__kefir_text_func_test3_end:

test4:
.L__kefir_text_func_test4_begin:
    jmp .L__kefir_func_test4_label1
.L__kefir_func_test4_label1:
    mov %rdi, %rax
    mov %rax, %rcx
    add %rax, %rcx
    sar $63, %rdi
    mov %rcx, %rax
    xor %rdi, %rax
    or $1, %rax
    mov %rax, %rcx
    bsr %rax, %rcx
    mov %rcx, %rax
    xor $63, %eax
    ret
.L__kefir_text_func_test4_end:

.L__kefir_text_section_end:

