.att_syntax
.section .note.GNU-stack,"",%progbits

.global test1
.type test1, @function
.extern somefn

.section .text
.L__kefir_text_section_begin:
test1:
.L__kefir_text_func_test1_begin:
    push %rbp
    mov %rsp, %rbp
    push %rbx
    push %r12
    push %r13
    push %r14
    sub $16, %rsp
    mov %rsi, %rbx
    mov %r8, %r12
    mov %rcx, %r13
    mov %rdx, %r14
.L__kefir_func_test1_label2:
    movq %r12, -48(%rbp)
    movq %r14, -40(%rbp)
    mov %r13, %rdi
    leaq -48(%rbp), %rsi
    mov %rbx, %rdx
    leaq -40(%rbp), %rcx
    call somefn@PLT
    cmp $0, %eax
    jne .L__kefir_func_test1_label9
    jmp .L__kefir_func_test1_label4
.L__kefir_func_test1_label4:
    movq -48(%rbp), %rax
    movq -48(%rbp), %rdi
    movq -40(%rbp), %r9
    movq -40(%rbp), %r10
    mov %r12, %r8
    sub %rdi, %r8
    mov %r14, %rdx
    sub %r10, %rdx
    mov %r13, %rcx
    add %rax, %rcx
    mov %rbx, %rsi
    add %r9, %rsi
    xor %eax, %eax
    cmp $0, %rdx
    seta %al
    xor %edi, %edi
    cmp $0, %r8
    seta %dil
    and %dil, %al
    jz .L__kefir_func_test1_label7
    mov %rsi, %rbx
    mov %r8, %r12
    mov %rcx, %r13
    mov %rdx, %r14
    jmp .L__kefir_func_test1_label2
.L__kefir_func_test1_label9:
    xor %eax, %eax
    lea -32(%rbp), %rsp
    pop %r14
    pop %r13
    pop %r12
    pop %rbx
    pop %rbp
    ret
.L__kefir_func_test1_label7:
    xor %eax, %eax
    lea -32(%rbp), %rsp
    pop %r14
    pop %r13
    pop %r12
    pop %rbx
    pop %rbp
    ret
.L__kefir_text_func_test1_end:

.L__kefir_text_section_end:

