.att_syntax
.section .note.GNU-stack,"",%progbits

.global int_or
.type int_or, @function
.global char_or
.type char_or, @function
.global int_and
.type int_and, @function
.global int_or3
.type int_or3, @function
.global long_or
.type long_or, @function
.global char_and
.type char_and, @function
.global char_or3
.type char_or3, @function
.global int_and3
.type int_and3, @function
.global long_and
.type long_and, @function
.global long_or3
.type long_or3, @function
.global short_or
.type short_or, @function
.global char_and3
.type char_and3, @function
.global long_and3
.type long_and3, @function
.global short_and
.type short_and, @function
.global short_or3
.type short_or3, @function
.global short_and3
.type short_and3, @function

.section .text
.L__kefir_text_section_begin:
int_or:
.L__kefir_text_func_int_or_begin:
    mov %rsi, %rax
    mov %rdi, %rcx
    mov %rcx, %rdx
    or %eax, %edx
    mov %rdx, %rax
    setne %al
    movzx %al, %rax
    ret
.L__kefir_text_func_int_or_end:

char_or:
.L__kefir_text_func_char_or_begin:
    mov %rsi, %rax
    mov %rdi, %rcx
    mov %rcx, %rdx
    or %al, %dl
    mov %rdx, %rax
    setne %al
    movzx %al, %rax
    ret
.L__kefir_text_func_char_or_end:

int_and:
.L__kefir_text_func_int_and_begin:
    mov %rsi, %rax
    mov %rdi, %rcx
    test %ecx, %ecx
    mov %rdx, %rcx
    setne %cl
    test %eax, %eax
    mov %rdx, %rax
    setne %al
    and %cl, %al
    movzx %al, %rax
    ret
.L__kefir_text_func_int_and_end:

int_or3:
.L__kefir_text_func_int_or3_begin:
    mov %rdx, %rax
    mov %rsi, %rcx
    mov %rdi, %rdx
    mov %rdx, %rsi
    or %ecx, %esi
    mov %rsi, %rcx
    setne %cl
    movzx %cl, %rcx
    mov %rcx, %rdx
    or %eax, %edx
    mov %rdx, %rax
    setne %al
    movzx %al, %rax
    ret
.L__kefir_text_func_int_or3_end:

long_or:
.L__kefir_text_func_long_or_begin:
    mov %rsi, %rax
    mov %rdi, %rcx
    mov %rcx, %rdx
    or %rax, %rdx
    mov %rdx, %rax
    setne %al
    movzx %al, %rax
    movsx %eax, %rax
    ret
.L__kefir_text_func_long_or_end:

char_and:
.L__kefir_text_func_char_and_begin:
    mov %rsi, %rax
    mov %rdi, %rcx
    test %cl, %cl
    mov %rdx, %rcx
    setne %cl
    test %al, %al
    mov %rdx, %rax
    setne %al
    and %cl, %al
    movzx %al, %rax
    ret
.L__kefir_text_func_char_and_end:

char_or3:
.L__kefir_text_func_char_or3_begin:
    mov %rdx, %rax
    mov %rsi, %rcx
    mov %rdi, %rdx
    mov %rdx, %rsi
    or %cl, %sil
    mov %rsi, %rcx
    setne %cl
    mov %rcx, %rdx
    or %al, %dl
    mov %rdx, %rax
    setne %al
    movzx %al, %rax
    ret
.L__kefir_text_func_char_or3_end:

int_and3:
.L__kefir_text_func_int_and3_begin:
    mov %rdx, %rax
    mov %rsi, %rcx
    mov %rdi, %rdx
    test %edx, %edx
    mov %rsi, %rdx
    setne %dl
    test %ecx, %ecx
    mov %rsi, %rcx
    setne %cl
    and %dl, %cl
    movzx %cl, %rcx
    test %eax, %eax
    mov %rdx, %rax
    setne %al
    and %cl, %al
    movzx %al, %rax
    ret
.L__kefir_text_func_int_and3_end:

long_and:
.L__kefir_text_func_long_and_begin:
    mov %rsi, %rax
    mov %rdi, %rcx
    test %rcx, %rcx
    mov %rdx, %rcx
    setne %cl
    test %rax, %rax
    mov %rdx, %rax
    setne %al
    and %cl, %al
    movzx %al, %rax
    movsx %eax, %rax
    ret
.L__kefir_text_func_long_and_end:

long_or3:
.L__kefir_text_func_long_or3_begin:
    mov %rdx, %rax
    mov %rsi, %rcx
    mov %rdi, %rdx
    mov %rdx, %rsi
    or %rcx, %rsi
    mov %rsi, %rcx
    setne %cl
    movzx %cl, %rcx
    mov %rcx, %rdx
    or %rax, %rdx
    mov %rdx, %rax
    setne %al
    movzx %al, %rax
    movsx %eax, %rax
    ret
.L__kefir_text_func_long_or3_end:

short_or:
.L__kefir_text_func_short_or_begin:
    mov %rsi, %rax
    mov %rdi, %rcx
    mov %rcx, %rdx
    or %ax, %dx
    mov %rdx, %rax
    setne %al
    movzx %al, %rax
    ret
.L__kefir_text_func_short_or_end:

char_and3:
.L__kefir_text_func_char_and3_begin:
    mov %rdx, %rax
    mov %rsi, %rcx
    mov %rdi, %rdx
    test %dl, %dl
    mov %rsi, %rdx
    setne %dl
    test %cl, %cl
    mov %rsi, %rcx
    setne %cl
    mov %rdx, %rsi
    and %cl, %sil
    mov %rsi, %rcx
    test %al, %al
    mov %rdx, %rax
    setne %al
    and %cl, %al
    movzx %al, %rax
    ret
.L__kefir_text_func_char_and3_end:

long_and3:
.L__kefir_text_func_long_and3_begin:
    mov %rdx, %rax
    mov %rsi, %rcx
    mov %rdi, %rdx
    test %rdx, %rdx
    mov %rsi, %rdx
    setne %dl
    test %rcx, %rcx
    mov %rsi, %rcx
    setne %cl
    and %dl, %cl
    movzx %cl, %rcx
    test %rax, %rax
    mov %rdx, %rax
    setne %al
    and %cl, %al
    movzx %al, %rax
    movsx %eax, %rax
    ret
.L__kefir_text_func_long_and3_end:

short_and:
.L__kefir_text_func_short_and_begin:
    mov %rsi, %rax
    mov %rdi, %rcx
    test %cx, %cx
    mov %rdx, %rcx
    setne %cl
    test %ax, %ax
    mov %rdx, %rax
    setne %al
    and %cl, %al
    movzx %al, %rax
    ret
.L__kefir_text_func_short_and_end:

short_or3:
.L__kefir_text_func_short_or3_begin:
    mov %rdx, %rax
    mov %rsi, %rcx
    mov %rdi, %rdx
    mov %rdx, %rsi
    or %cx, %si
    mov %rsi, %rcx
    setne %cl
    movzx %cl, %rcx
    mov %rcx, %rdx
    or %ax, %dx
    mov %rdx, %rax
    setne %al
    movzx %al, %rax
    ret
.L__kefir_text_func_short_or3_end:

short_and3:
.L__kefir_text_func_short_and3_begin:
    mov %rdx, %rax
    mov %rsi, %rcx
    mov %rdi, %rdx
    test %dx, %dx
    mov %rsi, %rdx
    setne %dl
    test %cx, %cx
    mov %rsi, %rcx
    setne %cl
    and %dl, %cl
    movzx %cl, %rcx
    test %ax, %ax
    mov %rdx, %rax
    setne %al
    and %cl, %al
    movzx %al, %rax
    ret
.L__kefir_text_func_short_and3_end:

.L__kefir_text_section_end:

