.att_syntax
.section .note.GNU-stack,"",%progbits

.global factorial
.type factorial, @function

.section .text
__kefir_text_section_begin:
factorial:
#{
#    "function": {
#        "code": [
#            {
#                "opcode": "touch_virtual_register",
#                "args": [
#                    {
#                        "type": "virtual_register",
#                        "index": 0,
#                        "variant": "default"
#                    }
#                ],
#                "labels": [
#                    0
#                ]
#            },
#            {
#                "opcode": "function_prologue",
#                "args": [],
#                "labels": []
#            },
#            {
#                "opcode": "virtual_register_link",
#                "args": [
#                    {
#                        "type": "virtual_register",
#                        "index": 2,
#                        "variant": "default"
#                    },
#                    {
#                        "type": "virtual_register",
#                        "index": 1,
#                        "variant": "default"
#                    }
#                ],
#                "labels": []
#            },
#            {
#                "opcode": "virtual_register_link",
#                "args": [
#                    {
#                        "type": "virtual_register",
#                        "index": 3,
#                        "variant": "default"
#                    },
#                    {
#                        "type": "virtual_register",
#                        "index": 0,
#                        "variant": "default"
#                    }
#                ],
#                "labels": []
#            },
#            {
#                "opcode": "jmp",
#                "args": [
#                    {
#                        "type": "internal_label",
#                        "label": 1
#                    }
#                ],
#                "labels": []
#            },
#            {
#                "opcode": "virtual_register_link",
#                "args": [
#                    {
#                        "type": "virtual_register",
#                        "index": 4,
#                        "variant": "default"
#                    },
#                    {
#                        "type": "virtual_register",
#                        "index": 3,
#                        "variant": "default"
#                    }
#                ],
#                "labels": [
#                    1
#                ]
#            },
#            {
#                "opcode": "mov",
#                "args": [
#                    {
#                        "type": "indirect",
#                        "basis": "local_var",
#                        "identifier": 0,
#                        "offset": 0,
#                        "variant": "32bit"
#                    },
#                    {
#                        "type": "virtual_register",
#                        "index": 4,
#                        "variant": "32bit"
#                    }
#                ],
#                "labels": []
#            },
#            {
#                "opcode": "mov",
#                "args": [
#                    {
#                        "type": "virtual_register",
#                        "index": 5,
#                        "variant": "default"
#                    },
#                    {
#                        "type": "indirect",
#                        "basis": "local_var",
#                        "identifier": 0,
#                        "offset": 0,
#                        "variant": "32bit"
#                    }
#                ],
#                "labels": []
#            },
#            {
#                "opcode": "mov",
#                "args": [
#                    {
#                        "type": "virtual_register",
#                        "index": 6,
#                        "variant": "default"
#                    },
#                    {
#                        "type": "integer",
#                        "value": 0
#                    }
#                ],
#                "labels": []
#            },
#            {
#                "opcode": "cmp",
#                "args": [
#                    {
#                        "type": "virtual_register",
#                        "index": 5,
#                        "variant": "32bit"
#                    },
#                    {
#                        "type": "integer",
#                        "value": 0
#                    }
#                ],
#                "labels": []
#            },
#            {
#                "opcode": "setl",
#                "args": [
#                    {
#                        "type": "virtual_register",
#                        "index": 7,
#                        "variant": "default"
#                    }
#                ],
#                "labels": []
#            },
#            {
#                "opcode": "test",
#                "args": [
#                    {
#                        "type": "virtual_register",
#                        "index": 7,
#                        "variant": "32bit"
#                    },
#                    {
#                        "type": "virtual_register",
#                        "index": 7,
#                        "variant": "32bit"
#                    }
#                ],
#                "labels": []
#            },
#            {
#                "opcode": "sete",
#                "args": [
#                    {
#                        "type": "virtual_register",
#                        "index": 8,
#                        "variant": "default"
#                    }
#                ],
#                "labels": []
#            },
#            {
#                "opcode": "test",
#                "args": [
#                    {
#                        "type": "virtual_register",
#                        "index": 8,
#                        "variant": "8bit"
#                    },
#                    {
#                        "type": "virtual_register",
#                        "index": 8,
#                        "variant": "8bit"
#                    }
#                ],
#                "labels": []
#            },
#            {
#                "opcode": "jz",
#                "args": [
#                    {
#                        "type": "internal_label",
#                        "label": 14
#                    }
#                ],
#                "labels": []
#            },
#            {
#                "opcode": "virtual_register_link",
#                "args": [
#                    {
#                        "type": "virtual_register",
#                        "index": 10,
#                        "variant": "default"
#                    },
#                    {
#                        "type": "virtual_register",
#                        "index": 9,
#                        "variant": "default"
#                    }
#                ],
#                "labels": [
#                    2
#                ]
#            },
#            {
#                "opcode": "jmp",
#                "args": [
#                    {
#                        "type": "internal_label",
#                        "label": 3
#                    }
#                ],
#                "labels": []
#            },
#            {
#                "opcode": "virtual_register_link",
#                "args": [
#                    {
#                        "type": "virtual_register",
#                        "index": 11,
#                        "variant": "default"
#                    },
#                    {
#                        "type": "integer",
#                        "value": 0
#                    }
#                ],
#                "labels": [
#                    14
#                ]
#            },
#            {
#                "opcode": "function_epilogue",
#                "args": [],
#                "labels": []
#            },
#            {
#                "opcode": "touch_virtual_register",
#                "args": [
#                    {
#                        "type": "virtual_register",
#                        "index": 11,
#                        "variant": "default"
#                    }
#                ],
#                "labels": []
#            },
#            {
#                "opcode": "touch_virtual_register",
#                "args": [
#                    {
#                        "type": "virtual_register",
#                        "index": 11,
#                        "variant": "default"
#                    }
#                ],
#                "labels": []
#            },
#            {
#                "opcode": "ret",
#                "args": [],
#                "labels": []
#            },
#            {
#                "opcode": "mov",
#                "args": [
#                    {
#                        "type": "virtual_register",
#                        "index": 12,
#                        "variant": "default"
#                    },
#                    {
#                        "type": "indirect",
#                        "basis": "local_var",
#                        "identifier": 0,
#                        "offset": 0,
#                        "variant": "32bit"
#                    }
#                ],
#                "labels": [
#                    3
#                ]
#            },
#            {
#                "opcode": "mov",
#                "args": [
#                    {
#                        "type": "virtual_register",
#                        "index": 13,
#                        "variant": "default"
#                    },
#                    {
#                        "type": "integer",
#                        "value": 0
#                    }
#                ],
#                "labels": []
#            },
#            {
#                "opcode": "cmp",
#                "args": [
#                    {
#                        "type": "virtual_register",
#                        "index": 12,
#                        "variant": "32bit"
#                    },
#                    {
#                        "type": "integer",
#                        "value": 2
#                    }
#                ],
#                "labels": []
#            },
#            {
#                "opcode": "setl",
#                "args": [
#                    {
#                        "type": "virtual_register",
#                        "index": 14,
#                        "variant": "default"
#                    }
#                ],
#                "labels": []
#            },
#            {
#                "opcode": "mov",
#                "args": [
#                    {
#                        "type": "virtual_register",
#                        "index": 15,
#                        "variant": "default"
#                    },
#                    {
#                        "type": "integer",
#                        "value": 0
#                    }
#                ],
#                "labels": []
#            },
#            {
#                "opcode": "cmp",
#                "args": [
#                    {
#                        "type": "integer",
#                        "value": 2
#                    },
#                    {
#                        "type": "virtual_register",
#                        "index": 12,
#                        "variant": "32bit"
#                    }
#                ],
#                "labels": []
#            },
#            {
#                "opcode": "sete",
#                "args": [
#                    {
#                        "type": "virtual_register",
#                        "index": 16,
#                        "variant": "default"
#                    }
#                ],
#                "labels": []
#            },
#            {
#                "opcode": "virtual_register_link",
#                "args": [
#                    {
#                        "type": "virtual_register",
#                        "index": 17,
#                        "variant": "default"
#                    },
#                    {
#                        "type": "virtual_register",
#                        "index": 14,
#                        "variant": "default"
#                    }
#                ],
#                "labels": []
#            },
#            {
#                "opcode": "virtual_register_link",
#                "args": [
#                    {
#                        "type": "virtual_register",
#                        "index": 18,
#                        "variant": "default"
#                    },
#                    {
#                        "type": "virtual_register",
#                        "index": 17,
#                        "variant": "default"
#                    }
#                ],
#                "labels": []
#            },
#            {
#                "opcode": "or",
#                "args": [
#                    {
#                        "type": "virtual_register",
#                        "index": 18,
#                        "variant": "default"
#                    },
#                    {
#                        "type": "virtual_register",
#                        "index": 16,
#                        "variant": "64bit"
#                    }
#                ],
#                "labels": []
#            },
#            {
#                "opcode": "setne",
#                "args": [
#                    {
#                        "type": "virtual_register",
#                        "index": 19,
#                        "variant": "default"
#                    }
#                ],
#                "labels": []
#            },
#            {
#                "opcode": "movzx",
#                "args": [
#                    {
#                        "type": "virtual_register",
#                        "index": 20,
#                        "variant": "default"
#                    },
#                    {
#                        "type": "virtual_register",
#                        "index": 19,
#                        "variant": "8bit"
#                    }
#                ],
#                "labels": []
#            },
#            {
#                "opcode": "test",
#                "args": [
#                    {
#                        "type": "virtual_register",
#                        "index": 20,
#                        "variant": "32bit"
#                    },
#                    {
#                        "type": "virtual_register",
#                        "index": 20,
#                        "variant": "32bit"
#                    }
#                ],
#                "labels": []
#            },
#            {
#                "opcode": "sete",
#                "args": [
#                    {
#                        "type": "virtual_register",
#                        "index": 21,
#                        "variant": "default"
#                    }
#                ],
#                "labels": []
#            },
#            {
#                "opcode": "test",
#                "args": [
#                    {
#                        "type": "virtual_register",
#                        "index": 21,
#                        "variant": "8bit"
#                    },
#                    {
#                        "type": "virtual_register",
#                        "index": 21,
#                        "variant": "8bit"
#                    }
#                ],
#                "labels": []
#            },
#            {
#                "opcode": "jz",
#                "args": [
#                    {
#                        "type": "internal_label",
#                        "label": 12
#                    }
#                ],
#                "labels": []
#            },
#            {
#                "opcode": "jmp",
#                "args": [
#                    {
#                        "type": "internal_label",
#                        "label": 5
#                    }
#                ],
#                "labels": [
#                    4
#                ]
#            },
#            {
#                "opcode": "mov",
#                "args": [
#                    {
#                        "type": "virtual_register",
#                        "index": 22,
#                        "variant": "default"
#                    },
#                    {
#                        "type": "indirect",
#                        "basis": "local_var",
#                        "identifier": 0,
#                        "offset": 0,
#                        "variant": "32bit"
#                    }
#                ],
#                "labels": [
#                    12
#                ]
#            },
#            {
#                "opcode": "virtual_register_link",
#                "args": [
#                    {
#                        "type": "virtual_register",
#                        "index": 23,
#                        "variant": "default"
#                    },
#                    {
#                        "type": "virtual_register",
#                        "index": 22,
#                        "variant": "default"
#                    }
#                ],
#                "labels": []
#            },
#            {
#                "opcode": "function_epilogue",
#                "args": [],
#                "labels": []
#            },
#            {
#                "opcode": "touch_virtual_register",
#                "args": [
#                    {
#                        "type": "virtual_register",
#                        "index": 23,
#                        "variant": "default"
#                    }
#                ],
#                "labels": []
#            },
#            {
#                "opcode": "touch_virtual_register",
#                "args": [
#                    {
#                        "type": "virtual_register",
#                        "index": 23,
#                        "variant": "default"
#                    }
#                ],
#                "labels": []
#            },
#            {
#                "opcode": "ret",
#                "args": [],
#                "labels": []
#            },
#            {
#                "opcode": "mov",
#                "args": [
#                    {
#                        "type": "indirect",
#                        "basis": "local_var",
#                        "identifier": 2,
#                        "offset": 0,
#                        "variant": "32bit"
#                    },
#                    {
#                        "type": "integer",
#                        "value": 1
#                    }
#                ],
#                "labels": [
#                    5
#                ]
#            },
#            {
#                "opcode": "virtual_register_link",
#                "args": [
#                    {
#                        "type": "virtual_register",
#                        "index": 25,
#                        "variant": "default"
#                    },
#                    {
#                        "type": "virtual_register",
#                        "index": 24,
#                        "variant": "default"
#                    }
#                ],
#                "labels": []
#            },
#            {
#                "opcode": "jmp",
#                "args": [
#                    {
#                        "type": "internal_label",
#                        "label": 6
#                    }
#                ],
#                "labels": []
#            },
#            {
#                "opcode": "mov",
#                "args": [
#                    {
#                        "type": "virtual_register",
#                        "index": 26,
#                        "variant": "default"
#                    },
#                    {
#                        "type": "indirect",
#                        "basis": "local_var",
#                        "identifier": 0,
#                        "offset": 0,
#                        "variant": "32bit"
#                    }
#                ],
#                "labels": [
#                    6
#                ]
#            },
#            {
#                "opcode": "mov",
#                "args": [
#                    {
#                        "type": "virtual_register",
#                        "index": 27,
#                        "variant": "default"
#                    },
#                    {
#                        "type": "integer",
#                        "value": 0
#                    }
#                ],
#                "labels": []
#            },
#            {
#                "opcode": "cmp",
#                "args": [
#                    {
#                        "type": "virtual_register",
#                        "index": 26,
#                        "variant": "32bit"
#                    },
#                    {
#                        "type": "integer",
#                        "value": 1
#                    }
#                ],
#                "labels": []
#            },
#            {
#                "opcode": "setg",
#                "args": [
#                    {
#                        "type": "virtual_register",
#                        "index": 28,
#                        "variant": "default"
#                    }
#                ],
#                "labels": []
#            },
#            {
#                "opcode": "test",
#                "args": [
#                    {
#                        "type": "virtual_register",
#                        "index": 28,
#                        "variant": "32bit"
#                    },
#                    {
#                        "type": "virtual_register",
#                        "index": 28,
#                        "variant": "32bit"
#                    }
#                ],
#                "labels": []
#            },
#            {
#                "opcode": "sete",
#                "args": [
#                    {
#                        "type": "virtual_register",
#                        "index": 29,
#                        "variant": "default"
#                    }
#                ],
#                "labels": []
#            },
#            {
#                "opcode": "test",
#                "args": [
#                    {
#                        "type": "virtual_register",
#                        "index": 29,
#                        "variant": "8bit"
#                    },
#                    {
#                        "type": "virtual_register",
#                        "index": 29,
#                        "variant": "8bit"
#                    }
#                ],
#                "labels": []
#            },
#            {
#                "opcode": "jz",
#                "args": [
#                    {
#                        "type": "internal_label",
#                        "label": 10
#                    }
#                ],
#                "labels": []
#            },
#            {
#                "opcode": "jmp",
#                "args": [
#                    {
#                        "type": "internal_label",
#                        "label": 8
#                    }
#                ],
#                "labels": [
#                    7
#                ]
#            },
#            {
#                "opcode": "mov",
#                "args": [
#                    {
#                        "type": "virtual_register",
#                        "index": 30,
#                        "variant": "default"
#                    },
#                    {
#                        "type": "indirect",
#                        "basis": "local_var",
#                        "identifier": 0,
#                        "offset": 0,
#                        "variant": "32bit"
#                    }
#                ],
#                "labels": [
#                    10
#                ]
#            },
#            {
#                "opcode": "mov",
#                "args": [
#                    {
#                        "type": "virtual_register",
#                        "index": 31,
#                        "variant": "default"
#                    },
#                    {
#                        "type": "indirect",
#                        "basis": "local_var",
#                        "identifier": 2,
#                        "offset": 0,
#                        "variant": "32bit"
#                    }
#                ],
#                "labels": []
#            },
#            {
#                "opcode": "virtual_register_link",
#                "args": [
#                    {
#                        "type": "virtual_register",
#                        "index": 32,
#                        "variant": "default"
#                    },
#                    {
#                        "type": "virtual_register",
#                        "index": 31,
#                        "variant": "default"
#                    }
#                ],
#                "labels": []
#            },
#            {
#                "opcode": "virtual_register_link",
#                "args": [
#                    {
#                        "type": "virtual_register",
#                        "index": 33,
#                        "variant": "default"
#                    },
#                    {
#                        "type": "virtual_register",
#                        "index": 32,
#                        "variant": "default"
#                    }
#                ],
#                "labels": []
#            },
#            {
#                "opcode": "imul",
#                "args": [
#                    {
#                        "type": "virtual_register",
#                        "index": 33,
#                        "variant": "default"
#                    },
#                    {
#                        "type": "virtual_register",
#                        "index": 30,
#                        "variant": "32bit"
#                    }
#                ],
#                "labels": []
#            },
#            {
#                "opcode": "mov",
#                "args": [
#                    {
#                        "type": "indirect",
#                        "basis": "local_var",
#                        "identifier": 2,
#                        "offset": 0,
#                        "variant": "32bit"
#                    },
#                    {
#                        "type": "virtual_register",
#                        "index": 33,
#                        "variant": "32bit"
#                    }
#                ],
#                "labels": []
#            },
#            {
#                "opcode": "mov",
#                "args": [
#                    {
#                        "type": "virtual_register",
#                        "index": 34,
#                        "variant": "default"
#                    },
#                    {
#                        "type": "indirect",
#                        "basis": "local_var",
#                        "identifier": 0,
#                        "offset": 0,
#                        "variant": "32bit"
#                    }
#                ],
#                "labels": []
#            },
#            {
#                "opcode": "virtual_register_link",
#                "args": [
#                    {
#                        "type": "virtual_register",
#                        "index": 35,
#                        "variant": "default"
#                    },
#                    {
#                        "type": "virtual_register",
#                        "index": 34,
#                        "variant": "default"
#                    }
#                ],
#                "labels": []
#            },
#            {
#                "opcode": "virtual_register_link",
#                "args": [
#                    {
#                        "type": "virtual_register",
#                        "index": 36,
#                        "variant": "default"
#                    },
#                    {
#                        "type": "virtual_register",
#                        "index": 35,
#                        "variant": "default"
#                    }
#                ],
#                "labels": []
#            },
#            {
#                "opcode": "add",
#                "args": [
#                    {
#                        "type": "virtual_register",
#                        "index": 36,
#                        "variant": "default"
#                    },
#                    {
#                        "type": "integer",
#                        "value": -1
#                    }
#                ],
#                "labels": []
#            },
#            {
#                "opcode": "mov",
#                "args": [
#                    {
#                        "type": "indirect",
#                        "basis": "local_var",
#                        "identifier": 0,
#                        "offset": 0,
#                        "variant": "32bit"
#                    },
#                    {
#                        "type": "virtual_register",
#                        "index": 36,
#                        "variant": "32bit"
#                    }
#                ],
#                "labels": []
#            },
#            {
#                "opcode": "virtual_register_link",
#                "args": [
#                    {
#                        "type": "virtual_register",
#                        "index": 25,
#                        "variant": "default"
#                    },
#                    {
#                        "type": "virtual_register",
#                        "index": 29,
#                        "variant": "default"
#                    }
#                ],
#                "labels": []
#            },
#            {
#                "opcode": "jmp",
#                "args": [
#                    {
#                        "type": "internal_label",
#                        "label": 6
#                    }
#                ],
#                "labels": []
#            },
#            {
#                "opcode": "mov",
#                "args": [
#                    {
#                        "type": "virtual_register",
#                        "index": 37,
#                        "variant": "default"
#                    },
#                    {
#                        "type": "indirect",
#                        "basis": "local_var",
#                        "identifier": 2,
#                        "offset": 0,
#                        "variant": "32bit"
#                    }
#                ],
#                "labels": [
#                    8
#                ]
#            },
#            {
#                "opcode": "virtual_register_link",
#                "args": [
#                    {
#                        "type": "virtual_register",
#                        "index": 38,
#                        "variant": "default"
#                    },
#                    {
#                        "type": "virtual_register",
#                        "index": 37,
#                        "variant": "default"
#                    }
#                ],
#                "labels": []
#            },
#            {
#                "opcode": "function_epilogue",
#                "args": [],
#                "labels": []
#            },
#            {
#                "opcode": "touch_virtual_register",
#                "args": [
#                    {
#                        "type": "virtual_register",
#                        "index": 38,
#                        "variant": "default"
#                    }
#                ],
#                "labels": []
#            },
#            {
#                "opcode": "touch_virtual_register",
#                "args": [
#                    {
#                        "type": "virtual_register",
#                        "index": 38,
#                        "variant": "default"
#                    }
#                ],
#                "labels": []
#            },
#            {
#                "opcode": "ret",
#                "args": [],
#                "labels": []
#            }
#        ]
#    }
#}
__kefir_text_func_factorial_begin:
    push %rbp
    mov %rsp, %rbp
    sub $16, %rsp
__kefir_func_factorial_label0:
    movl %edi, -8(%rbp)
    movl -8(%rbp), %eax
    mov $0, %rcx
    cmp $0, %eax
    setl %cl
    test %ecx, %ecx
    sete %al
    test %al, %al
    jz __kefir_func_factorial_label14
__kefir_func_factorial_label1:
__kefir_func_factorial_label2:
    movl -8(%rbp), %eax
    mov $0, %rcx
    cmp $2, %eax
    setl %cl
    mov $0, %rdx
    mov $2, %rdi
    cmp %eax, %edi
    sete %dl
    or %rdx, %rcx
    setne %cl
    movzx %cl, %rcx
    test %ecx, %ecx
    sete %al
    test %al, %al
    jz __kefir_func_factorial_label12
__kefir_func_factorial_label3:
__kefir_func_factorial_label4:
    movl $1, -4(%rbp)
__kefir_func_factorial_label5:
__kefir_func_factorial_label6:
    movl -8(%rbp), %eax
    mov $0, %rcx
    cmp $1, %eax
    setg %cl
    test %ecx, %ecx
    sete %al
    test %al, %al
    jz __kefir_func_factorial_label10
__kefir_func_factorial_label7:
__kefir_func_factorial_label8:
    movl -4(%rbp), %eax
    lea (%rbp), %rsp
    pop %rbp
    ret
__kefir_func_factorial_label9:
__kefir_func_factorial_label10:
    movl -8(%rbp), %eax
    movl -4(%rbp), %ecx
    imul %eax, %ecx
    movl %ecx, -4(%rbp)
    movl -8(%rbp), %eax
    add $-1, %eax
    movl %eax, -8(%rbp)
    jmp __kefir_func_factorial_label6
__kefir_func_factorial_label11:
__kefir_func_factorial_label12:
    movl -8(%rbp), %eax
    lea (%rbp), %rsp
    pop %rbp
    ret
__kefir_func_factorial_label13:
__kefir_func_factorial_label14:
    mov $0, %rax
    lea (%rbp), %rsp
    pop %rbp
    ret
__kefir_func_factorial_label15:
__kefir_text_func_factorial_end:

__kefir_text_section_end:

