.att_syntax
.section .note.GNU-stack,"",%progbits

.extern get
.global get2
.type get2, @function
.global get3
.type get3, @function

.section .text
.L__kefir_text_section_begin:
get2:
.L__kefir_text_func_get2_begin:
    push %rbp
    mov %rsp, %rbp
    push %rbx
    push %r12
    sub $256, %rsp
    mov %rsi, %r12
    mov %rdi, %rsi
    lea -272(%rbp), %rbx
    mov %rbx, %rdi
    call get@PLT
    movsx %r12d, %rax
    imul $4, %rax, %rax
    lea -272(%rbp), %rcx
    add %rax, %rcx
    movl (%rcx), %eax
    lea -16(%rbp), %rsp
    pop %r12
    pop %rbx
    pop %rbp
    ret
.L__kefir_text_func_get2_end:

get3:
.L__kefir_text_func_get3_begin:
    push %rbp
    mov %rsp, %rbp
    push %rbx
    push %r12
    sub $512, %rsp
    mov %rsi, %r12
    mov %rdi, %rsi
    lea ptr(%rip), %rax
    lea -528(%rbp), %rcx
    movq %rcx, (%rax)
    lea -272(%rbp), %rbx
    mov %rbx, %rdi
    call get@PLT
    lea -528(%rbp), %rdi
    mov %rax, %rsi
    cld
    mov $32, %rcx
    rep movsq
    movsx %r12d, %rax
    imul $4, %rax, %rax
    lea -528(%rbp), %rcx
    add %rax, %rcx
    movl (%rcx), %eax
    lea -16(%rbp), %rsp
    pop %r12
    pop %rbx
    pop %rbp
    ret
.L__kefir_text_func_get3_end:

.L__kefir_text_section_end:

.section .bss
    .align 8
ptr:
    .skip 8

