.att_syntax
.section .note.GNU-stack,"",%progbits

.global less
.type less, @function
.global above
.type above, @function
.global below
.type below, @function
.global equals
.type equals, @function
.global greater
.type greater, @function
.global not_less
.type not_less, @function
.global not_above
.type not_above, @function
.global not_below
.type not_below, @function
.global not_equals
.type not_equals, @function
.global not_equals2
.type not_equals2, @function
.global not_greater
.type not_greater, @function

.section .text
__kefir_text_section_begin:
less:
__kefir_text_func_less_begin:
    push %rbp
    mov %rsp, %rbp
    sub $16, %rsp
_kefir_func_less_label0:
    movl %esi, -4(%rbp)
    movl %edi, -8(%rbp)
    movl -8(%rbp), %eax
    movl -4(%rbp), %ecx
    cmp %ecx, %eax
    jl _kefir_func_less_label2
_kefir_func_less_label1:
    mov $0, %rax
    lea (%rbp), %rsp
    pop %rbp
    ret
_kefir_func_less_label2:
    mov $1, %rax
    lea (%rbp), %rsp
    pop %rbp
    ret
__kefir_text_func_less_end:

above:
__kefir_text_func_above_begin:
    push %rbp
    mov %rsp, %rbp
    sub $16, %rsp
_kefir_func_above_label0:
    movl %esi, -4(%rbp)
    movl %edi, -8(%rbp)
    movl -8(%rbp), %eax
    movl -4(%rbp), %ecx
    cmp %ecx, %eax
    ja _kefir_func_above_label2
_kefir_func_above_label1:
    mov $0, %rax
    lea (%rbp), %rsp
    pop %rbp
    ret
_kefir_func_above_label2:
    mov $1, %rax
    lea (%rbp), %rsp
    pop %rbp
    ret
__kefir_text_func_above_end:

below:
__kefir_text_func_below_begin:
    push %rbp
    mov %rsp, %rbp
    sub $16, %rsp
_kefir_func_below_label0:
    movl %esi, -4(%rbp)
    movl %edi, -8(%rbp)
    movl -8(%rbp), %eax
    movl -4(%rbp), %ecx
    cmp %ecx, %eax
    jb _kefir_func_below_label2
_kefir_func_below_label1:
    mov $0, %rax
    lea (%rbp), %rsp
    pop %rbp
    ret
_kefir_func_below_label2:
    mov $1, %rax
    lea (%rbp), %rsp
    pop %rbp
    ret
__kefir_text_func_below_end:

equals:
__kefir_text_func_equals_begin:
    push %rbp
    mov %rsp, %rbp
    sub $16, %rsp
_kefir_func_equals_label0:
    movl %esi, -4(%rbp)
    movl %edi, -8(%rbp)
    movl -8(%rbp), %eax
    movl -4(%rbp), %ecx
    cmp %ecx, %eax
    je _kefir_func_equals_label2
_kefir_func_equals_label1:
    mov $0, %rax
    lea (%rbp), %rsp
    pop %rbp
    ret
_kefir_func_equals_label2:
    mov $1, %rax
    lea (%rbp), %rsp
    pop %rbp
    ret
__kefir_text_func_equals_end:

greater:
__kefir_text_func_greater_begin:
    push %rbp
    mov %rsp, %rbp
    sub $16, %rsp
_kefir_func_greater_label0:
    movl %esi, -4(%rbp)
    movl %edi, -8(%rbp)
    movl -8(%rbp), %eax
    movl -4(%rbp), %ecx
    cmp %ecx, %eax
    jg _kefir_func_greater_label2
_kefir_func_greater_label1:
    mov $0, %rax
    lea (%rbp), %rsp
    pop %rbp
    ret
_kefir_func_greater_label2:
    mov $1, %rax
    lea (%rbp), %rsp
    pop %rbp
    ret
__kefir_text_func_greater_end:

not_less:
__kefir_text_func_not_less_begin:
    push %rbp
    mov %rsp, %rbp
    sub $16, %rsp
_kefir_func_not_less_label0:
    movl %esi, -4(%rbp)
    movl %edi, -8(%rbp)
    movl -8(%rbp), %eax
    movl -4(%rbp), %ecx
    cmp %ecx, %eax
    jge _kefir_func_not_less_label2
_kefir_func_not_less_label1:
    mov $0, %rax
    lea (%rbp), %rsp
    pop %rbp
    ret
_kefir_func_not_less_label2:
    mov $1, %rax
    lea (%rbp), %rsp
    pop %rbp
    ret
__kefir_text_func_not_less_end:

not_above:
__kefir_text_func_not_above_begin:
    push %rbp
    mov %rsp, %rbp
    sub $16, %rsp
_kefir_func_not_above_label0:
    movl %esi, -4(%rbp)
    movl %edi, -8(%rbp)
    movl -8(%rbp), %eax
    movl -4(%rbp), %ecx
    cmp %ecx, %eax
    jbe _kefir_func_not_above_label2
_kefir_func_not_above_label1:
    mov $0, %rax
    lea (%rbp), %rsp
    pop %rbp
    ret
_kefir_func_not_above_label2:
    mov $1, %rax
    lea (%rbp), %rsp
    pop %rbp
    ret
__kefir_text_func_not_above_end:

not_below:
__kefir_text_func_not_below_begin:
    push %rbp
    mov %rsp, %rbp
    sub $16, %rsp
_kefir_func_not_below_label0:
    movl %esi, -4(%rbp)
    movl %edi, -8(%rbp)
    movl -8(%rbp), %eax
    movl -4(%rbp), %ecx
    cmp %ecx, %eax
    jae _kefir_func_not_below_label2
_kefir_func_not_below_label1:
    mov $0, %rax
    lea (%rbp), %rsp
    pop %rbp
    ret
_kefir_func_not_below_label2:
    mov $1, %rax
    lea (%rbp), %rsp
    pop %rbp
    ret
__kefir_text_func_not_below_end:

not_equals:
__kefir_text_func_not_equals_begin:
    push %rbp
    mov %rsp, %rbp
    sub $16, %rsp
_kefir_func_not_equals_label0:
    movl %esi, -4(%rbp)
    movl %edi, -8(%rbp)
    movl -8(%rbp), %eax
    movl -4(%rbp), %ecx
    cmp %ecx, %eax
    jne _kefir_func_not_equals_label2
_kefir_func_not_equals_label1:
    mov $0, %rax
    lea (%rbp), %rsp
    pop %rbp
    ret
_kefir_func_not_equals_label2:
    mov $1, %rax
    lea (%rbp), %rsp
    pop %rbp
    ret
__kefir_text_func_not_equals_end:

not_equals2:
__kefir_text_func_not_equals2_begin:
    push %rbp
    mov %rsp, %rbp
    sub $16, %rsp
_kefir_func_not_equals2_label0:
    movl %esi, -4(%rbp)
    movl %edi, -8(%rbp)
    movl -8(%rbp), %eax
    movl -4(%rbp), %ecx
    cmp %ecx, %eax
    jne _kefir_func_not_equals2_label2
_kefir_func_not_equals2_label1:
    mov $0, %rax
    lea (%rbp), %rsp
    pop %rbp
    ret
_kefir_func_not_equals2_label2:
    mov $1, %rax
    lea (%rbp), %rsp
    pop %rbp
    ret
__kefir_text_func_not_equals2_end:

not_greater:
__kefir_text_func_not_greater_begin:
    push %rbp
    mov %rsp, %rbp
    sub $16, %rsp
_kefir_func_not_greater_label0:
    movl %esi, -4(%rbp)
    movl %edi, -8(%rbp)
    movl -8(%rbp), %eax
    movl -4(%rbp), %ecx
    cmp %ecx, %eax
    jle _kefir_func_not_greater_label2
_kefir_func_not_greater_label1:
    mov $0, %rax
    lea (%rbp), %rsp
    pop %rbp
    ret
_kefir_func_not_greater_label2:
    mov $1, %rax
    lea (%rbp), %rsp
    pop %rbp
    ret
__kefir_text_func_not_greater_end:

__kefir_text_section_end:

