.att_syntax
.section .note.GNU-stack,"",%progbits

.global int_sar_const
.type int_sar_const, @function
.global int_shl_const
.type int_shl_const, @function
.global int_shr_const
.type int_shr_const, @function

.section .text
.L__kefir_text_section_begin:
int_sar_const:
.L__kefir_text_func_int_sar_const_begin:
    push %rbp
    mov %rsp, %rbp
    mov %rdi, %rax
    sar $4, %rax
    pop %rbp
    ret
.L__kefir_text_func_int_sar_const_end:

int_shl_const:
.L__kefir_text_func_int_shl_const_begin:
    push %rbp
    mov %rsp, %rbp
    mov %rdi, %rax
    shl $6, %rax
    pop %rbp
    ret
.L__kefir_text_func_int_shl_const_end:

int_shr_const:
.L__kefir_text_func_int_shr_const_begin:
    push %rbp
    mov %rsp, %rbp
    mov %rdi, %rax
    shr $4, %rax
    pop %rbp
    ret
.L__kefir_text_func_int_shr_const_end:

.L__kefir_text_section_end:

