.att_syntax
.section .note.GNU-stack,"",%progbits

.global sum32
.type sum32, @function

.section .text
.L__kefir_text_section_begin:
sum32:
.L__kefir_text_func_sum32_begin:
    push %rbp
    mov %rsp, %rbp
    sub $224, %rsp
    stmxcsr -8(%rbp)
    jmp .L__kefir_func_sum32_label1
.L__kefir_func_sum32_label1:
    movd 40(%rbp), %xmm11
    movd 44(%rbp), %xmm8
    movd %xmm8, -160(%rbp)
    movd 32(%rbp), %xmm12
    movd 36(%rbp), %xmm8
    movd %xmm8, -144(%rbp)
    movd 24(%rbp), %xmm13
    movd 28(%rbp), %xmm8
    movd %xmm8, -128(%rbp)
    movd 16(%rbp), %xmm14
    movd 20(%rbp), %xmm8
    movd %xmm8, -112(%rbp)
    movaps %xmm7, %xmm8
    movdqu %xmm8, -96(%rbp)
    movdqu -96(%rbp), %xmm9
    shufps $1, %xmm8, %xmm9
    movdqu %xmm9, -96(%rbp)
    movaps %xmm6, %xmm8
    movaps %xmm8, %xmm15
    shufps $1, %xmm8, %xmm15
    movaps %xmm5, %xmm8
    movdqu %xmm8, -224(%rbp)
    movdqu -224(%rbp), %xmm9
    shufps $1, %xmm8, %xmm9
    movdqu %xmm9, -224(%rbp)
    movaps %xmm4, %xmm8
    movdqu %xmm8, -208(%rbp)
    movdqu -208(%rbp), %xmm9
    shufps $1, %xmm8, %xmm9
    movdqu %xmm9, -208(%rbp)
    movaps %xmm3, %xmm8
    movdqu %xmm8, -192(%rbp)
    movdqu -192(%rbp), %xmm9
    shufps $1, %xmm8, %xmm9
    movdqu %xmm9, -192(%rbp)
    movaps %xmm2, %xmm8
    movdqu %xmm8, -176(%rbp)
    movdqu -176(%rbp), %xmm9
    shufps $1, %xmm8, %xmm9
    movdqu %xmm9, -176(%rbp)
    movaps %xmm1, %xmm8
    movaps %xmm8, %xmm9
    shufps $1, %xmm8, %xmm9
    movaps %xmm0, %xmm8
    movaps %xmm8, %xmm10
    shufps $1, %xmm8, %xmm10
    addss %xmm1, %xmm0
    addss %xmm2, %xmm0
    addss %xmm3, %xmm0
    addss %xmm4, %xmm0
    addss %xmm5, %xmm0
    addss %xmm6, %xmm0
    addss %xmm7, %xmm0
    addss %xmm14, %xmm0
    addss %xmm13, %xmm0
    addss %xmm12, %xmm0
    addss %xmm11, %xmm0
    movaps %xmm10, %xmm1
    addss %xmm9, %xmm1
    addss -176(%rbp), %xmm1
    addss -192(%rbp), %xmm1
    addss -208(%rbp), %xmm1
    addss -224(%rbp), %xmm1
    addss %xmm15, %xmm1
    addss -96(%rbp), %xmm1
    addss -112(%rbp), %xmm1
    addss -128(%rbp), %xmm1
    addss -144(%rbp), %xmm1
    addss -160(%rbp), %xmm1
    insertps $16, %xmm1, %xmm0
    ldmxcsr -8(%rbp)
    lea (%rbp), %rsp
    pop %rbp
    ret
.L__kefir_text_func_sum32_end:

.L__kefir_text_section_end:

