.att_syntax
.section .note.GNU-stack,"",%progbits

.global sum32
.type sum32, @function

.section .text
__kefir_text_section_begin:
sum32:
__kefir_text_func_sum32_begin:
    push %rbp
    mov %rsp, %rbp
    sub $208, %rsp
    stmxcsr -8(%rbp)
    movd 40(%rbp), %xmm15
    movd 44(%rbp), %xmm8
    movd %xmm8, -112(%rbp)
    movd 32(%rbp), %xmm8
    movd %xmm8, -208(%rbp)
    movd 36(%rbp), %xmm8
    movd %xmm8, -96(%rbp)
    movd 24(%rbp), %xmm8
    movd 28(%rbp), %xmm9
    movd %xmm9, -192(%rbp)
    movd 16(%rbp), %xmm9
    movd 20(%rbp), %xmm10
    movd %xmm10, -176(%rbp)
    movaps %xmm7, -160(%rbp)
    movdqu -160(%rbp), %xmm10
    shufps $1, -160(%rbp), %xmm10
    movdqu %xmm10, -160(%rbp)
    movaps %xmm6, -144(%rbp)
    movdqu -144(%rbp), %xmm10
    shufps $1, -144(%rbp), %xmm10
    movdqu %xmm10, -144(%rbp)
    movaps %xmm5, -128(%rbp)
    movdqu -128(%rbp), %xmm10
    shufps $1, -128(%rbp), %xmm10
    movdqu %xmm10, -128(%rbp)
    movaps %xmm4, %xmm10
    shufps $1, %xmm10, %xmm10
    movaps %xmm3, %xmm11
    shufps $1, %xmm11, %xmm11
    movaps %xmm2, %xmm12
    shufps $1, %xmm12, %xmm12
    movaps %xmm1, %xmm13
    shufps $1, %xmm13, %xmm13
    movaps %xmm0, %xmm14
    shufps $1, %xmm14, %xmm14
    addss %xmm1, %xmm0
    addss %xmm2, %xmm0
    addss %xmm3, %xmm0
    addss %xmm4, %xmm0
    addss %xmm5, %xmm0
    addss %xmm6, %xmm0
    addss %xmm7, %xmm0
    movaps %xmm9, %xmm1
    addss %xmm1, %xmm0
    movaps %xmm8, %xmm1
    addss %xmm1, %xmm0
    movdqu -208(%rbp), %xmm1
    addss %xmm1, %xmm0
    movaps %xmm15, %xmm1
    addss %xmm1, %xmm0
    movaps %xmm14, %xmm1
    movaps %xmm13, %xmm2
    addss %xmm2, %xmm1
    movaps %xmm12, %xmm2
    addss %xmm2, %xmm1
    movaps %xmm11, %xmm2
    addss %xmm2, %xmm1
    movaps %xmm10, %xmm2
    addss %xmm2, %xmm1
    movdqu -128(%rbp), %xmm2
    addss %xmm2, %xmm1
    movdqu -144(%rbp), %xmm2
    addss %xmm2, %xmm1
    movdqu -160(%rbp), %xmm2
    addss %xmm2, %xmm1
    movdqu -176(%rbp), %xmm2
    addss %xmm2, %xmm1
    movdqu -192(%rbp), %xmm2
    addss %xmm2, %xmm1
    movdqu -96(%rbp), %xmm2
    addss %xmm2, %xmm1
    movdqu -112(%rbp), %xmm2
    addss %xmm2, %xmm1
    insertps $16, %xmm1, %xmm0
    ldmxcsr -8(%rbp)
    lea (%rbp), %rsp
    pop %rbp
    ret
__kefir_text_func_sum32_end:

__kefir_text_section_end:

