.att_syntax
.section .note.GNU-stack,"",%progbits

.global get1
.type get1, @function
.global get2
.type get2, @function

.section .text
.L__kefir_text_section_begin:
get1:
.file 0 "source/tests/end2end/return_space_local_var_allocation1/lib.kefir.c"
.loc 0 23 1
.L__kefir_text_func_get1_begin:
    mov %rdi, %rcx
    mov %rsi, %rax
    xorps %xmm0, %xmm0
    movdqu %xmm0, (%rcx)
    movdqu %xmm0, 16(%rcx)
    movdqu %xmm0, 32(%rcx)
    movdqu %xmm0, 48(%rcx)
    movq $0, (%rcx)
    lea 8(%rcx), %rdx
    movq %rax, (%rdx)
    lea 16(%rcx), %rdx
    lea 1(%rax), %rsi
    movq %rsi, (%rdx)
    lea 24(%rcx), %rdx
    lea 2(%rax), %rsi
    movq %rsi, (%rdx)
    lea 32(%rcx), %rdx
    lea 3(%rax), %rsi
    movq %rsi, (%rdx)
    lea 40(%rcx), %rdx
    lea 4(%rax), %rsi
    movq %rsi, (%rdx)
    lea 48(%rcx), %rdx
    lea 5(%rax), %rsi
    movq %rsi, (%rdx)
    lea 56(%rcx), %rdx
    add $6, %rax
    movq %rax, (%rdx)
    mov %rcx, %rax
    ret
.L__kefir_text_func_get1_end:

get2:
.loc 0 35 1
.L__kefir_text_func_get2_begin:
    push %rbp
    mov %rsp, %rbp
    sub $128, %rsp
    mov %rdi, %rcx
    mov %rdx, %rax
    mov %rsi, %rdx
    xorps %xmm0, %xmm0
    movdqu %xmm0, (%rcx)
    movdqu %xmm0, 16(%rcx)
    movdqu %xmm0, 32(%rcx)
    movdqu %xmm0, 48(%rcx)
    movq $0, (%rcx)
    xorps %xmm0, %xmm0
    movdqu %xmm0, -128(%rbp)
    movdqu %xmm0, -112(%rbp)
    movdqu %xmm0, -96(%rbp)
    movdqu %xmm0, -80(%rbp)
    movq $0, -128(%rbp)
    xorps %xmm0, %xmm0
    movdqu %xmm0, -64(%rbp)
    movdqu %xmm0, -48(%rbp)
    movdqu %xmm0, -32(%rbp)
    movdqu %xmm0, -16(%rbp)
    movq $0, -64(%rbp)
    xor %esi, %esi
.L__kefir_func_get2_label4:
    xor %edi, %edi
    cmp $1, %edx
    setne %dil
    xor %r8d, %r8d
    cmp $0, %edx
    setg %r8b
    cmp $7, %esi
    jl .L__kefir_func_get2_label56
    mov %r8, %rax
    and %dil, %al
    jnz .L__kefir_func_get2_label46
    cmp $0, %edx
    jl .L__kefir_func_get2_label52
    cmp $1, %edx
    jne .L__kefir_func_get2_label44
    mov %rcx, %rax
    lea (%rbp), %rsp
    pop %rbp
    ret
.L__kefir_func_get2_label44:
    mov %rcx, %rax
    movdqu -64(%rbp), %xmm0
    movdqu %xmm0, (%rax)
    movdqu -48(%rbp), %xmm0
    movdqu %xmm0, 16(%rax)
    movdqu -32(%rbp), %xmm0
    movdqu %xmm0, 32(%rax)
    movdqu -16(%rbp), %xmm0
    movdqu %xmm0, 48(%rax)
    lea (%rbp), %rsp
    pop %rbp
    ret
.L__kefir_func_get2_label52:
    mov %rcx, %rax
    movdqu -128(%rbp), %xmm0
    movdqu %xmm0, (%rax)
    movdqu -112(%rbp), %xmm0
    movdqu %xmm0, 16(%rax)
    movdqu -96(%rbp), %xmm0
    movdqu %xmm0, 32(%rax)
    movdqu -80(%rbp), %xmm0
    movdqu %xmm0, 48(%rax)
    lea (%rbp), %rsp
    pop %rbp
    ret
.L__kefir_func_get2_label46:
    mov %rcx, %rax
    lea (%rbp), %rsp
    pop %rbp
    ret
.L__kefir_func_get2_label56:
    mov %rsi, %rdi
    add $1, %edi
    movsx %edi, %rdi
    imul $8, %rdi, %rdi
    mov %rcx, %r8
    add %rdi, %r8
    mov %r8, %rdi
    movsx %esi, %r8
    mov %rax, %r9
    add %r8, %r9
    mov %r9, %r8
    movq %r8, (%rdi)
    mov %rsi, %rdi
    add $1, %edi
    movsx %edi, %rdi
    imul $8, %rdi, %rdi
    lea -128(%rbp), %r9
    mov %r9, %r10
    add %rdi, %r10
    mov %r10, %rdi
    mov %r8, %r9
    neg %r9
    movq %r9, (%rdi)
    mov %rsi, %rdi
    add $1, %edi
    movsx %edi, %rdi
    imul $8, %rdi, %rdi
    lea -64(%rbp), %r9
    mov %r9, %r10
    add %rdi, %r10
    mov %r10, %rdi
    not %r8
    movq %r8, (%rdi)
    add $1, %esi
    jmp .L__kefir_func_get2_label4
.L__kefir_text_func_get2_end:

.L__kefir_text_section_end:


.section .debug_abbrev
__kefir_debug_abbrev_section_begin:
__kefir_debug_abbrev_section_entry_1:
    .byte 1
    .byte 17
    .byte 1
    .byte 19
    .byte 5
    .byte 37
    .byte 8
    .byte 17
    .byte 1
    .byte 18
    .byte 7
    .byte 16
    .byte 23
    .byte 0
    .byte 0
__kefir_debug_abbrev_section_entry_2:
    .byte 2
    .byte 19
    .byte 1
    .byte 3
    .byte 14
    .byte 11
    .byte 15
    .byte 136
    .byte 1
    .byte 15
    .byte 0
    .byte 0
__kefir_debug_abbrev_section_entry_3:
    .byte 3
    .byte 13
    .byte 0
    .byte 3
    .byte 14
    .byte 73
    .byte 19
    .byte 11
    .byte 15
    .byte 136
    .byte 1
    .byte 15
    .byte 56
    .byte 15
    .byte 0
    .byte 0
__kefir_debug_abbrev_section_entry_4:
    .byte 4
    .byte 1
    .byte 1
    .byte 73
    .byte 19
    .byte 0
    .byte 0
__kefir_debug_abbrev_section_entry_5:
    .byte 5
    .byte 36
    .byte 0
    .byte 3
    .byte 14
    .byte 11
    .byte 11
    .byte 136
    .byte 1
    .byte 11
    .byte 62
    .byte 11
    .byte 0
    .byte 0
__kefir_debug_abbrev_section_entry_6:
    .byte 6
    .byte 33
    .byte 0
    .byte 73
    .byte 19
    .byte 55
    .byte 15
    .byte 0
    .byte 0
__kefir_debug_abbrev_section_entry_7:
    .byte 7
    .byte 46
    .byte 1
    .byte 3
    .byte 14
    .byte 17
    .byte 1
    .byte 18
    .byte 7
    .byte 64
    .byte 24
    .byte 73
    .byte 19
    .byte 63
    .byte 12
    .byte 60
    .byte 12
    .byte 110
    .byte 14
    .byte 58
    .byte 14
    .byte 59
    .byte 7
    .byte 57
    .byte 7
    .byte 0
    .byte 0
__kefir_debug_abbrev_section_entry_8:
    .byte 8
    .byte 5
    .byte 0
    .byte 3
    .byte 14
    .byte 73
    .byte 19
    .byte 2
    .byte 23
    .byte 0
    .byte 0
__kefir_debug_abbrev_section_entry_9:
    .byte 9
    .byte 52
    .byte 0
    .byte 3
    .byte 14
    .byte 73
    .byte 19
    .byte 2
    .byte 23
    .byte 63
    .byte 12
    .byte 60
    .byte 12
    .byte 58
    .byte 14
    .byte 59
    .byte 7
    .byte 57
    .byte 7
    .byte 0
    .byte 0
__kefir_debug_abbrev_section_entry_10:
    .byte 10
    .byte 11
    .byte 1
    .byte 85
    .byte 23
    .byte 0
    .byte 0
    .byte 0

.section .debug_info
__kefir_debug_info_section:
    .long __kefir_debug_info_section_end - __kefir_debug_info_section_begin
__kefir_debug_info_section_begin:
    .word 5
    .byte 1
    .byte 8
    .long __kefir_debug_abbrev_section_begin
__kefir_debug_info_section_entry_1:
    .byte 1
    .word 29
    .ascii "Kefir C compiler 0.5.0\000"
    .quad .L__kefir_text_section_begin
    .quad .L__kefir_text_section_end - .L__kefir_text_section_begin
    .long __kefir_debug_lines_section_begin
__kefir_debug_info_section_entry_2:
    .byte 7
    .long __kefir_debug_str_section_entry_0
    .quad .L__kefir_text_func_get1_begin
    .quad .L__kefir_text_func_get1_end - .L__kefir_text_func_get1_begin
    .byte 2
    .byte 118
    .byte 0
    .long __kefir_debug_info_section_entry_3 - __kefir_debug_info_section
    .byte 1
    .byte 0
    .long __kefir_debug_str_section_entry_0
    .long __kefir_debug_str_section_entry_1
    .quad 23
    .quad 1
__kefir_debug_info_section_entry_4:
    .byte 8
    .long __kefir_debug_str_section_entry_2
    .long __kefir_debug_info_section_entry_5 - __kefir_debug_info_section
    .long __kefir_debug_loclist_section_entry_1
__kefir_debug_info_section_entry_6:
    .byte 9
    .long __kefir_debug_str_section_entry_3
    .long __kefir_debug_info_section_entry_3 - __kefir_debug_info_section
    .long __kefir_debug_loclist_section_entry_2
    .byte 0
    .byte 0
    .long __kefir_debug_str_section_entry_1
    .quad 24
    .quad 15
__kefir_debug_info_section_entry_7:
    .byte 9
    .long __kefir_debug_str_section_entry_2
    .long __kefir_debug_info_section_entry_5 - __kefir_debug_info_section
    .long __kefir_debug_loclist_section_entry_3
    .byte 0
    .byte 0
    .long __kefir_debug_str_section_entry_1
    .quad 23
    .quad 30
__kefir_debug_info_section_entry_8:
    .byte 9
    .long __kefir_debug_str_section_entry_4
    .long __kefir_debug_info_section_entry_9 - __kefir_debug_info_section
    .long __kefir_debug_loclist_section_entry_4
    .byte 0
    .byte 0
    .long __kefir_debug_str_section_entry_5
    .quad 0
    .quad 0
    .byte 0
__kefir_debug_info_section_entry_10:
    .byte 7
    .long __kefir_debug_str_section_entry_6
    .quad .L__kefir_text_func_get2_begin
    .quad .L__kefir_text_func_get2_end - .L__kefir_text_func_get2_begin
    .byte 2
    .byte 118
    .byte 0
    .long __kefir_debug_info_section_entry_3 - __kefir_debug_info_section
    .byte 1
    .byte 0
    .long __kefir_debug_str_section_entry_6
    .long __kefir_debug_str_section_entry_1
    .quad 35
    .quad 1
__kefir_debug_info_section_entry_11:
    .byte 8
    .long __kefir_debug_str_section_entry_7
    .long __kefir_debug_info_section_entry_12 - __kefir_debug_info_section
    .long __kefir_debug_loclist_section_entry_5
__kefir_debug_info_section_entry_13:
    .byte 8
    .long __kefir_debug_str_section_entry_2
    .long __kefir_debug_info_section_entry_5 - __kefir_debug_info_section
    .long __kefir_debug_loclist_section_entry_6
__kefir_debug_info_section_entry_14:
    .byte 10
    .long __kefir_debug_rnglist_section_entry_7
__kefir_debug_info_section_entry_15:
    .byte 10
    .long __kefir_debug_rnglist_section_entry_8
    .byte 0
__kefir_debug_info_section_entry_16:
    .byte 9
    .long __kefir_debug_str_section_entry_8
    .long __kefir_debug_info_section_entry_12 - __kefir_debug_info_section
    .long __kefir_debug_loclist_section_entry_9
    .byte 0
    .byte 0
    .long __kefir_debug_str_section_entry_1
    .quad 37
    .quad 14
    .byte 0
__kefir_debug_info_section_entry_17:
    .byte 10
    .long __kefir_debug_rnglist_section_entry_10
__kefir_debug_info_section_entry_18:
    .byte 10
    .long __kefir_debug_rnglist_section_entry_11
    .byte 0
__kefir_debug_info_section_entry_19:
    .byte 10
    .long __kefir_debug_rnglist_section_entry_12
__kefir_debug_info_section_entry_20:
    .byte 10
    .long __kefir_debug_rnglist_section_entry_13
    .byte 0
__kefir_debug_info_section_entry_21:
    .byte 10
    .long __kefir_debug_rnglist_section_entry_14
__kefir_debug_info_section_entry_22:
    .byte 10
    .long __kefir_debug_rnglist_section_entry_15
    .byte 0
__kefir_debug_info_section_entry_23:
    .byte 10
    .long __kefir_debug_rnglist_section_entry_16
    .byte 0
    .byte 0
    .byte 0
    .byte 0
__kefir_debug_info_section_entry_24:
    .byte 9
    .long __kefir_debug_str_section_entry_7
    .long __kefir_debug_info_section_entry_12 - __kefir_debug_info_section
    .long __kefir_debug_loclist_section_entry_17
    .byte 0
    .byte 0
    .long __kefir_debug_str_section_entry_1
    .quad 35
    .quad 20
__kefir_debug_info_section_entry_25:
    .byte 9
    .long __kefir_debug_str_section_entry_2
    .long __kefir_debug_info_section_entry_5 - __kefir_debug_info_section
    .long __kefir_debug_loclist_section_entry_18
    .byte 0
    .byte 0
    .long __kefir_debug_str_section_entry_1
    .quad 35
    .quad 37
__kefir_debug_info_section_entry_26:
    .byte 9
    .long __kefir_debug_str_section_entry_9
    .long __kefir_debug_info_section_entry_3 - __kefir_debug_info_section
    .long __kefir_debug_loclist_section_entry_19
    .byte 0
    .byte 0
    .long __kefir_debug_str_section_entry_1
    .quad 36
    .quad 15
__kefir_debug_info_section_entry_27:
    .byte 9
    .long __kefir_debug_str_section_entry_10
    .long __kefir_debug_info_section_entry_3 - __kefir_debug_info_section
    .long __kefir_debug_loclist_section_entry_20
    .byte 0
    .byte 0
    .long __kefir_debug_str_section_entry_1
    .quad 36
    .quad 25
__kefir_debug_info_section_entry_28:
    .byte 9
    .long __kefir_debug_str_section_entry_11
    .long __kefir_debug_info_section_entry_3 - __kefir_debug_info_section
    .long __kefir_debug_loclist_section_entry_21
    .byte 0
    .byte 0
    .long __kefir_debug_str_section_entry_1
    .quad 36
    .quad 35
__kefir_debug_info_section_entry_29:
    .byte 9
    .long __kefir_debug_str_section_entry_4
    .long __kefir_debug_info_section_entry_30 - __kefir_debug_info_section
    .long __kefir_debug_loclist_section_entry_22
    .byte 0
    .byte 0
    .long __kefir_debug_str_section_entry_5
    .quad 0
    .quad 0
    .byte 0
__kefir_debug_info_section_entry_3:
    .byte 2
    .long __kefir_debug_str_section_entry_12
    .byte 64
    .byte 8
__kefir_debug_info_section_entry_31:
    .byte 3
    .long __kefir_debug_str_section_entry_13
    .long __kefir_debug_info_section_entry_32 - __kefir_debug_info_section
    .byte 64
    .byte 8
    .byte 0
    .byte 0
__kefir_debug_info_section_entry_5:
    .byte 5
    .long __kefir_debug_str_section_entry_14
    .byte 8
    .byte 8
    .byte 7
__kefir_debug_info_section_entry_9:
    .byte 4
    .long __kefir_debug_info_section_entry_33 - __kefir_debug_info_section
__kefir_debug_info_section_entry_34:
    .byte 6
    .long __kefir_debug_info_section_entry_5 - __kefir_debug_info_section
    .byte 5
    .byte 0
__kefir_debug_info_section_entry_12:
    .byte 5
    .long __kefir_debug_str_section_entry_15
    .byte 4
    .byte 4
    .byte 5
__kefir_debug_info_section_entry_30:
    .byte 4
    .long __kefir_debug_info_section_entry_33 - __kefir_debug_info_section
__kefir_debug_info_section_entry_35:
    .byte 6
    .long __kefir_debug_info_section_entry_5 - __kefir_debug_info_section
    .byte 5
    .byte 0
__kefir_debug_info_section_entry_32:
    .byte 4
    .long __kefir_debug_info_section_entry_5 - __kefir_debug_info_section
__kefir_debug_info_section_entry_36:
    .byte 6
    .long __kefir_debug_info_section_entry_5 - __kefir_debug_info_section
    .byte 8
    .byte 0
__kefir_debug_info_section_entry_33:
    .byte 5
    .long __kefir_debug_str_section_entry_16
    .byte 1
    .byte 1
    .byte 6
    .byte 0
    .byte 0
__kefir_debug_info_section_end:

.section .debug_loclists
__kefir_debug_loclists_section:
    .long __kefir_debug_loclists_section_end - __kefir_debug_loclists_section_begin
__kefir_debug_loclists_section_begin:
    .word 5
    .byte 8
    .byte 0
    .long 0
__kefir_debug_loclist_section_entry_1:
    .byte 0
__kefir_debug_loclist_section_entry_2:
    .byte 0
__kefir_debug_loclist_section_entry_3:
    .byte 0
__kefir_debug_loclist_section_entry_4:
    .byte 0
__kefir_debug_loclist_section_entry_5:
    .byte 0
__kefir_debug_loclist_section_entry_6:
    .byte 0
__kefir_debug_loclist_section_entry_9:
    .byte 0
__kefir_debug_loclist_section_entry_17:
    .byte 0
__kefir_debug_loclist_section_entry_18:
    .byte 0
__kefir_debug_loclist_section_entry_19:
    .byte 0
__kefir_debug_loclist_section_entry_20:
    .byte 0
__kefir_debug_loclist_section_entry_21:
    .byte 0
__kefir_debug_loclist_section_entry_22:
    .byte 0
__kefir_debug_loclists_section_end:

.section .debug_rnglists
__kefir_debug_rnglists_section:
    .long __kefir_debug_rnglists_section_end - __kefir_debug_rnglists_section_begin
__kefir_debug_rnglists_section_begin:
    .word 5
    .byte 8
    .byte 0
    .long 0
__kefir_debug_rnglist_section_entry_7:
    .byte 0
__kefir_debug_rnglist_section_entry_8:
    .byte 0
__kefir_debug_rnglist_section_entry_10:
    .byte 0
__kefir_debug_rnglist_section_entry_11:
    .byte 0
__kefir_debug_rnglist_section_entry_12:
    .byte 0
__kefir_debug_rnglist_section_entry_13:
    .byte 0
__kefir_debug_rnglist_section_entry_14:
    .byte 0
__kefir_debug_rnglist_section_entry_15:
    .byte 0
__kefir_debug_rnglist_section_entry_16:
    .byte 0
__kefir_debug_rnglists_section_end:

.section .debug_str
__kefir_debug_str_section:
    .long __kefir_debug_str_section_end - __kefir_debug_str_section_begin
__kefir_debug_str_section_begin:
    .word 5
    .byte 8
    .byte 0
    .long 0
__kefir_debug_str_section_entry_5:
    .ascii "\000"
__kefir_debug_str_section_entry_7:
    .ascii "a\000"
__kefir_debug_str_section_entry_8:
    .ascii "i\000"
__kefir_debug_str_section_entry_3:
    .ascii "s\000"
__kefir_debug_str_section_entry_2:
    .ascii "x\000"
__kefir_debug_str_section_entry_12:
    .ascii "S1\000"
__kefir_debug_str_section_entry_9:
    .ascii "s1\000"
__kefir_debug_str_section_entry_10:
    .ascii "s2\000"
__kefir_debug_str_section_entry_11:
    .ascii "s3\000"
__kefir_debug_str_section_entry_13:
    .ascii "arr\000"
__kefir_debug_str_section_entry_16:
    .ascii "char\000"
__kefir_debug_str_section_entry_0:
    .ascii "get1\000"
__kefir_debug_str_section_entry_6:
    .ascii "get2\000"
__kefir_debug_str_section_entry_4:
    .ascii "__func__\000"
__kefir_debug_str_section_entry_15:
    .ascii "signed int\000"
__kefir_debug_str_section_entry_14:
    .ascii "unsigned long\000"
__kefir_debug_str_section_entry_1:
    .ascii "source/tests/end2end/return_space_local_var_allocation1/lib.kefir.c\000"
__kefir_debug_str_section_end:

.section .debug_line
__kefir_debug_lines_section_begin:
