.att_syntax
.section .note.GNU-stack,"",%progbits

.global get1
.type get1, @function
.global get2
.type get2, @function

.section .text
__kefir_text_section_begin:
get1:
.file 0 "source/tests/end2end/return_space_local_var_allocation1/lib.kefir.c"
.loc 0 23 1
__kefir_text_func_get1_begin:
.loc 0 24 5
__kefir_func_get1_label2:
__kefir_func_get1_label0:
    xorps %xmm0, %xmm0
    movdqu %xmm0, (%rdi)
    movdqu %xmm0, 16(%rdi)
    movdqu %xmm0, 32(%rdi)
    movdqu %xmm0, 48(%rdi)
.loc 0 24 5
__kefir_func_get1_label3:
    movq $0, (%rdi)
.loc 0 25 5
__kefir_func_get1_label4:
    movq %rsi, 8(%rdi)
.loc 0 26 16
__kefir_func_get1_label5:
    lea 1(%rsi), %rax
.loc 0 26 5
__kefir_func_get1_label6:
    movq %rax, 16(%rdi)
.loc 0 27 16
__kefir_func_get1_label7:
    lea 2(%rsi), %rax
.loc 0 27 5
__kefir_func_get1_label8:
    movq %rax, 24(%rdi)
.loc 0 28 16
__kefir_func_get1_label9:
    lea 3(%rsi), %rax
.loc 0 28 5
__kefir_func_get1_label10:
    movq %rax, 32(%rdi)
.loc 0 29 16
__kefir_func_get1_label11:
    lea 4(%rsi), %rax
.loc 0 29 5
__kefir_func_get1_label12:
    movq %rax, 40(%rdi)
.loc 0 30 16
__kefir_func_get1_label13:
    lea 5(%rsi), %rax
.loc 0 30 5
__kefir_func_get1_label14:
    movq %rax, 48(%rdi)
.loc 0 31 16
__kefir_func_get1_label15:
    add $6, %rsi
.loc 0 31 5
__kefir_func_get1_label16:
    movq %rsi, 56(%rdi)
.loc 0 32 5
__kefir_func_get1_label17:
    mov %rdi, %rax
    ret
__kefir_func_get1_label1:
__kefir_func_get1_label18:
__kefir_text_func_get1_end:

get2:
.loc 0 35 1
__kefir_text_func_get2_begin:
    push %rbp
    mov %rsp, %rbp
    sub $128, %rsp
__kefir_func_get2_label0:
    mov %rdx, %r9
.loc 0 36 5
__kefir_func_get2_label21:
__kefir_func_get2_label20:
    xorps %xmm0, %xmm0
    movdqu %xmm0, (%rdi)
    movdqu %xmm0, 16(%rdi)
    movdqu %xmm0, 32(%rdi)
    movdqu %xmm0, 48(%rdi)
.loc 0 36 5
__kefir_func_get2_label22:
    movq $0, (%rdi)
.loc 0 36 5
__kefir_func_get2_label23:
    xorps %xmm0, %xmm0
    movdqu %xmm0, -128(%rbp)
    movdqu %xmm0, -112(%rbp)
    movdqu %xmm0, -96(%rbp)
    movdqu %xmm0, -80(%rbp)
.loc 0 36 5
__kefir_func_get2_label24:
    movq $0, -128(%rbp)
.loc 0 36 5
__kefir_func_get2_label25:
    xorps %xmm0, %xmm0
    movdqu %xmm0, -64(%rbp)
    movdqu %xmm0, -48(%rbp)
    movdqu %xmm0, -32(%rbp)
    movdqu %xmm0, -16(%rbp)
.loc 0 36 5
__kefir_func_get2_label26:
    movq $0, -64(%rbp)
__kefir_func_get2_label27:
    xor %r8d, %r8d
.loc 0 43 5
__kefir_func_get2_label1:
__kefir_func_get2_label2:
__kefir_func_get2_label28:
    xor %eax, %eax
    cmp $1, %esi
    setne %al
.loc 0 43 9
__kefir_func_get2_label29:
    xor %ecx, %ecx
    cmp $0, %esi
    setg %cl
.loc 0 43 5
__kefir_func_get2_label31:
__kefir_func_get2_label30:
    cmp $7, %r8d
    jl __kefir_func_get2_label18
.loc 0 43 5
__kefir_func_get2_label3:
__kefir_func_get2_label4:
__kefir_func_get2_label32:
    and %al, %cl
.loc 0 43 5
__kefir_func_get2_label33:
    test %cl, %cl
    jnz __kefir_func_get2_label16
.loc 0 45 12
__kefir_func_get2_label5:
__kefir_func_get2_label6:
__kefir_func_get2_label34:
    cmp $0, %esi
    jl __kefir_func_get2_label14
.loc 0 47 12
__kefir_func_get2_label7:
__kefir_func_get2_label8:
__kefir_func_get2_label35:
    cmp $1, %esi
    jne __kefir_func_get2_label12
.loc 0 50 9
__kefir_func_get2_label9:
__kefir_func_get2_label10:
__kefir_func_get2_label36:
    mov %rdi, %rax
    lea (%rbp), %rsp
    pop %rbp
    ret
.loc 0 48 9
__kefir_func_get2_label11:
__kefir_func_get2_label12:
__kefir_func_get2_label37:
    mov %rdi, %rax
    movdqu -64(%rbp), %xmm0
    movdqu %xmm0, (%rax)
    movdqu -48(%rbp), %xmm0
    movdqu %xmm0, 16(%rax)
    movdqu -32(%rbp), %xmm0
    movdqu %xmm0, 32(%rax)
    movdqu -16(%rbp), %xmm0
    movdqu %xmm0, 48(%rax)
    lea (%rbp), %rsp
    pop %rbp
    ret
.loc 0 46 9
__kefir_func_get2_label13:
__kefir_func_get2_label14:
__kefir_func_get2_label38:
    mov %rdi, %rax
    movdqu -128(%rbp), %xmm0
    movdqu %xmm0, (%rax)
    movdqu -112(%rbp), %xmm0
    movdqu %xmm0, 16(%rax)
    movdqu -96(%rbp), %xmm0
    movdqu %xmm0, 32(%rax)
    movdqu -80(%rbp), %xmm0
    movdqu %xmm0, 48(%rax)
    lea (%rbp), %rsp
    pop %rbp
    ret
.loc 0 44 9
__kefir_func_get2_label15:
__kefir_func_get2_label16:
__kefir_func_get2_label39:
    mov %rdi, %rax
    lea (%rbp), %rsp
    pop %rbp
    ret
.loc 0 38 16
__kefir_func_get2_label17:
__kefir_func_get2_label18:
__kefir_func_get2_label40:
    mov %r8, %rax
    add $1, %eax
.loc 0 38 9
__kefir_func_get2_label41:
    movsx %eax, %rax
.loc 0 38 9
__kefir_func_get2_label42:
    imul $8, %rax, %rax
__kefir_func_get2_label43:
    leaq (%rdi), %rcx
.loc 0 38 9
    add %rax, %rcx
.loc 0 38 25
__kefir_func_get2_label44:
    movsx %r8d, %rax
.loc 0 38 25
__kefir_func_get2_label45:
    mov %r9, %rdx
    add %rax, %rdx
.loc 0 38 9
__kefir_func_get2_label46:
    movq %rdx, (%rcx)
.loc 0 39 16
__kefir_func_get2_label47:
    mov %r8, %rax
    add $1, %eax
.loc 0 39 9
__kefir_func_get2_label48:
    movsx %eax, %rax
.loc 0 39 9
__kefir_func_get2_label49:
    imul $8, %rax, %rax
__kefir_func_get2_label50:
    leaq -128(%rbp), %rcx
.loc 0 39 9
    add %rax, %rcx
.loc 0 39 25
__kefir_func_get2_label51:
    mov %rdx, %rax
    neg %rax
.loc 0 39 9
__kefir_func_get2_label52:
    movq %rax, (%rcx)
.loc 0 40 16
__kefir_func_get2_label53:
    mov %r8, %rax
    add $1, %eax
.loc 0 40 9
__kefir_func_get2_label54:
    movsx %eax, %rax
.loc 0 40 9
__kefir_func_get2_label55:
    imul $8, %rax, %rax
__kefir_func_get2_label56:
    leaq -64(%rbp), %rcx
.loc 0 40 9
    add %rax, %rcx
.loc 0 40 25
__kefir_func_get2_label57:
    not %rdx
.loc 0 40 9
__kefir_func_get2_label58:
    movq %rdx, (%rcx)
.loc 0 37 28
__kefir_func_get2_label59:
    mov %r8, %rax
    add $1, %eax
.loc 0 37 5
__kefir_func_get2_label60:
    mov %rax, %r8
    jmp __kefir_func_get2_label2
__kefir_func_get2_label19:
__kefir_func_get2_label61:
__kefir_text_func_get2_end:

__kefir_text_section_end:


.section .debug_abbrev
__kefir_debug_abbrev_section_begin:
__kefir_debug_abbrev_section_entry_1:
    .byte 1
    .byte 17
    .byte 1
    .byte 19
    .byte 5
    .byte 37
    .byte 8
    .byte 17
    .byte 1
    .byte 18
    .byte 7
    .byte 16
    .byte 23
    .byte 0
    .byte 0
__kefir_debug_abbrev_section_entry_2:
    .byte 2
    .byte 19
    .byte 1
    .byte 3
    .byte 8
    .byte 11
    .byte 15
    .byte 136
    .byte 1
    .byte 15
    .byte 0
    .byte 0
__kefir_debug_abbrev_section_entry_3:
    .byte 3
    .byte 13
    .byte 0
    .byte 3
    .byte 8
    .byte 73
    .byte 19
    .byte 11
    .byte 15
    .byte 136
    .byte 1
    .byte 15
    .byte 56
    .byte 15
    .byte 0
    .byte 0
__kefir_debug_abbrev_section_entry_4:
    .byte 4
    .byte 1
    .byte 1
    .byte 73
    .byte 19
    .byte 0
    .byte 0
__kefir_debug_abbrev_section_entry_5:
    .byte 5
    .byte 36
    .byte 0
    .byte 3
    .byte 8
    .byte 11
    .byte 11
    .byte 136
    .byte 1
    .byte 11
    .byte 62
    .byte 11
    .byte 0
    .byte 0
__kefir_debug_abbrev_section_entry_6:
    .byte 6
    .byte 33
    .byte 0
    .byte 73
    .byte 19
    .byte 55
    .byte 15
    .byte 0
    .byte 0
__kefir_debug_abbrev_section_entry_7:
    .byte 7
    .byte 46
    .byte 1
    .byte 3
    .byte 8
    .byte 17
    .byte 1
    .byte 18
    .byte 7
    .byte 64
    .byte 24
    .byte 73
    .byte 19
    .byte 63
    .byte 12
    .byte 60
    .byte 12
    .byte 110
    .byte 8
    .byte 58
    .byte 8
    .byte 59
    .byte 7
    .byte 57
    .byte 7
    .byte 0
    .byte 0
__kefir_debug_abbrev_section_entry_8:
    .byte 8
    .byte 5
    .byte 0
    .byte 3
    .byte 8
    .byte 73
    .byte 19
    .byte 2
    .byte 23
    .byte 0
    .byte 0
__kefir_debug_abbrev_section_entry_9:
    .byte 9
    .byte 52
    .byte 0
    .byte 3
    .byte 8
    .byte 73
    .byte 19
    .byte 2
    .byte 23
    .byte 63
    .byte 12
    .byte 60
    .byte 12
    .byte 58
    .byte 8
    .byte 59
    .byte 7
    .byte 57
    .byte 7
    .byte 0
    .byte 0
__kefir_debug_abbrev_section_entry_10:
    .byte 10
    .byte 11
    .byte 1
    .byte 85
    .byte 23
    .byte 0
    .byte 0
    .byte 0

.section .debug_info
__kefir_debug_info_section:
    .long __kefir_debug_info_section_end - __kefir_debug_info_section_begin
__kefir_debug_info_section_begin:
    .word 5
    .byte 1
    .byte 8
    .long __kefir_debug_abbrev_section_begin
__kefir_debug_info_section_entry_1:
    .byte 1
    .word 29
    .ascii "Kefir C compiler 0.5.0\000"
    .quad __kefir_text_section_begin
    .quad __kefir_text_section_end - __kefir_text_section_begin
    .long __kefir_debug_lines_section_begin
__kefir_debug_info_section_entry_2:
    .byte 7
    .ascii "get1\000"
    .quad __kefir_text_func_get1_begin
    .quad __kefir_text_func_get1_end - __kefir_text_func_get1_begin
    .byte 2
    .byte 118
    .byte 0
    .long __kefir_debug_info_section_entry_3 - __kefir_debug_info_section
    .byte 1
    .byte 0
    .ascii "get1\000"
    .ascii "source/tests/end2end/return_space_local_var_allocation1/lib.kefir.c\000"
    .quad 23
    .quad 1
__kefir_debug_info_section_entry_4:
    .byte 8
    .ascii "x\000"
    .long __kefir_debug_info_section_entry_5 - __kefir_debug_info_section
    .long __kefir_debug_loclist_section_entry_1
__kefir_debug_info_section_entry_6:
    .byte 9
    .ascii "s\000"
    .long __kefir_debug_info_section_entry_3 - __kefir_debug_info_section
    .long __kefir_debug_loclist_section_entry_2
    .byte 0
    .byte 0
    .ascii "source/tests/end2end/return_space_local_var_allocation1/lib.kefir.c\000"
    .quad 24
    .quad 15
__kefir_debug_info_section_entry_7:
    .byte 9
    .ascii "x\000"
    .long __kefir_debug_info_section_entry_5 - __kefir_debug_info_section
    .long __kefir_debug_loclist_section_entry_3
    .byte 0
    .byte 0
    .ascii "source/tests/end2end/return_space_local_var_allocation1/lib.kefir.c\000"
    .quad 23
    .quad 30
__kefir_debug_info_section_entry_8:
    .byte 9
    .ascii "__func__\000"
    .long __kefir_debug_info_section_entry_9 - __kefir_debug_info_section
    .long __kefir_debug_loclist_section_entry_4
    .byte 0
    .byte 0
    .ascii "\000"
    .quad 0
    .quad 0
    .byte 0
__kefir_debug_info_section_entry_10:
    .byte 7
    .ascii "get2\000"
    .quad __kefir_text_func_get2_begin
    .quad __kefir_text_func_get2_end - __kefir_text_func_get2_begin
    .byte 2
    .byte 118
    .byte 0
    .long __kefir_debug_info_section_entry_3 - __kefir_debug_info_section
    .byte 1
    .byte 0
    .ascii "get2\000"
    .ascii "source/tests/end2end/return_space_local_var_allocation1/lib.kefir.c\000"
    .quad 35
    .quad 1
__kefir_debug_info_section_entry_11:
    .byte 8
    .ascii "a\000"
    .long __kefir_debug_info_section_entry_12 - __kefir_debug_info_section
    .long __kefir_debug_loclist_section_entry_5
__kefir_debug_info_section_entry_13:
    .byte 8
    .ascii "x\000"
    .long __kefir_debug_info_section_entry_5 - __kefir_debug_info_section
    .long __kefir_debug_loclist_section_entry_6
__kefir_debug_info_section_entry_14:
    .byte 10
    .long __kefir_debug_rnglist_section_entry_7
__kefir_debug_info_section_entry_15:
    .byte 10
    .long __kefir_debug_rnglist_section_entry_8
    .byte 0
__kefir_debug_info_section_entry_16:
    .byte 9
    .ascii "i\000"
    .long __kefir_debug_info_section_entry_12 - __kefir_debug_info_section
    .long __kefir_debug_loclist_section_entry_9
    .byte 0
    .byte 0
    .ascii "source/tests/end2end/return_space_local_var_allocation1/lib.kefir.c\000"
    .quad 37
    .quad 14
    .byte 0
__kefir_debug_info_section_entry_17:
    .byte 10
    .long __kefir_debug_rnglist_section_entry_10
__kefir_debug_info_section_entry_18:
    .byte 10
    .long __kefir_debug_rnglist_section_entry_11
    .byte 0
__kefir_debug_info_section_entry_19:
    .byte 10
    .long __kefir_debug_rnglist_section_entry_12
__kefir_debug_info_section_entry_20:
    .byte 10
    .long __kefir_debug_rnglist_section_entry_13
    .byte 0
__kefir_debug_info_section_entry_21:
    .byte 10
    .long __kefir_debug_rnglist_section_entry_14
__kefir_debug_info_section_entry_22:
    .byte 10
    .long __kefir_debug_rnglist_section_entry_15
    .byte 0
__kefir_debug_info_section_entry_23:
    .byte 10
    .long __kefir_debug_rnglist_section_entry_16
    .byte 0
    .byte 0
    .byte 0
    .byte 0
__kefir_debug_info_section_entry_24:
    .byte 9
    .ascii "a\000"
    .long __kefir_debug_info_section_entry_12 - __kefir_debug_info_section
    .long __kefir_debug_loclist_section_entry_17
    .byte 0
    .byte 0
    .ascii "source/tests/end2end/return_space_local_var_allocation1/lib.kefir.c\000"
    .quad 35
    .quad 20
__kefir_debug_info_section_entry_25:
    .byte 9
    .ascii "x\000"
    .long __kefir_debug_info_section_entry_5 - __kefir_debug_info_section
    .long __kefir_debug_loclist_section_entry_18
    .byte 0
    .byte 0
    .ascii "source/tests/end2end/return_space_local_var_allocation1/lib.kefir.c\000"
    .quad 35
    .quad 37
__kefir_debug_info_section_entry_26:
    .byte 9
    .ascii "s1\000"
    .long __kefir_debug_info_section_entry_3 - __kefir_debug_info_section
    .long __kefir_debug_loclist_section_entry_19
    .byte 0
    .byte 0
    .ascii "source/tests/end2end/return_space_local_var_allocation1/lib.kefir.c\000"
    .quad 36
    .quad 15
__kefir_debug_info_section_entry_27:
    .byte 9
    .ascii "s2\000"
    .long __kefir_debug_info_section_entry_3 - __kefir_debug_info_section
    .long __kefir_debug_loclist_section_entry_20
    .byte 0
    .byte 0
    .ascii "source/tests/end2end/return_space_local_var_allocation1/lib.kefir.c\000"
    .quad 36
    .quad 25
__kefir_debug_info_section_entry_28:
    .byte 9
    .ascii "s3\000"
    .long __kefir_debug_info_section_entry_3 - __kefir_debug_info_section
    .long __kefir_debug_loclist_section_entry_21
    .byte 0
    .byte 0
    .ascii "source/tests/end2end/return_space_local_var_allocation1/lib.kefir.c\000"
    .quad 36
    .quad 35
__kefir_debug_info_section_entry_29:
    .byte 9
    .ascii "__func__\000"
    .long __kefir_debug_info_section_entry_30 - __kefir_debug_info_section
    .long __kefir_debug_loclist_section_entry_22
    .byte 0
    .byte 0
    .ascii "\000"
    .quad 0
    .quad 0
    .byte 0
__kefir_debug_info_section_entry_3:
    .byte 2
    .ascii "S1\000"
    .byte 64
    .byte 8
__kefir_debug_info_section_entry_31:
    .byte 3
    .ascii "arr\000"
    .long __kefir_debug_info_section_entry_32 - __kefir_debug_info_section
    .byte 64
    .byte 8
    .byte 0
    .byte 0
__kefir_debug_info_section_entry_5:
    .byte 5
    .ascii "unsigned long\000"
    .byte 8
    .byte 8
    .byte 7
__kefir_debug_info_section_entry_9:
    .byte 4
    .long __kefir_debug_info_section_entry_33 - __kefir_debug_info_section
__kefir_debug_info_section_entry_34:
    .byte 6
    .long __kefir_debug_info_section_entry_5 - __kefir_debug_info_section
    .byte 5
    .byte 0
__kefir_debug_info_section_entry_12:
    .byte 5
    .ascii "signed int\000"
    .byte 4
    .byte 4
    .byte 5
__kefir_debug_info_section_entry_30:
    .byte 4
    .long __kefir_debug_info_section_entry_33 - __kefir_debug_info_section
__kefir_debug_info_section_entry_35:
    .byte 6
    .long __kefir_debug_info_section_entry_5 - __kefir_debug_info_section
    .byte 5
    .byte 0
__kefir_debug_info_section_entry_32:
    .byte 4
    .long __kefir_debug_info_section_entry_5 - __kefir_debug_info_section
__kefir_debug_info_section_entry_36:
    .byte 6
    .long __kefir_debug_info_section_entry_5 - __kefir_debug_info_section
    .byte 8
    .byte 0
__kefir_debug_info_section_entry_33:
    .byte 5
    .ascii "char\000"
    .byte 1
    .byte 1
    .byte 6
    .byte 0
    .byte 0
__kefir_debug_info_section_end:

.section .debug_loclists
__kefir_debug_loclists_section:
    .long __kefir_debug_loclists_section_end - __kefir_debug_loclists_section_begin
__kefir_debug_loclists_section_begin:
    .word 5
    .byte 8
    .byte 0
    .long 0
__kefir_debug_loclist_section_entry_1:
    .byte 7
    .quad __kefir_func_get1_label0
    .quad __kefir_func_get1_label15
    .byte 2
    .byte 144
    .byte 4
    .byte 0
__kefir_debug_loclist_section_entry_2:
    .byte 7
    .quad __kefir_func_get1_label2
    .quad __kefir_func_get1_label3
    .byte 3
    .byte 146
    .byte 5
    .byte 0
    .byte 7
    .quad __kefir_func_get1_label3
    .quad __kefir_func_get1_label4
    .byte 3
    .byte 146
    .byte 5
    .byte 0
    .byte 7
    .quad __kefir_func_get1_label4
    .quad __kefir_func_get1_label5
    .byte 3
    .byte 146
    .byte 5
    .byte 0
    .byte 7
    .quad __kefir_func_get1_label5
    .quad __kefir_func_get1_label6
    .byte 3
    .byte 146
    .byte 5
    .byte 0
    .byte 7
    .quad __kefir_func_get1_label6
    .quad __kefir_func_get1_label7
    .byte 3
    .byte 146
    .byte 5
    .byte 0
    .byte 7
    .quad __kefir_func_get1_label7
    .quad __kefir_func_get1_label8
    .byte 3
    .byte 146
    .byte 5
    .byte 0
    .byte 7
    .quad __kefir_func_get1_label8
    .quad __kefir_func_get1_label9
    .byte 3
    .byte 146
    .byte 5
    .byte 0
    .byte 7
    .quad __kefir_func_get1_label9
    .quad __kefir_func_get1_label10
    .byte 3
    .byte 146
    .byte 5
    .byte 0
    .byte 7
    .quad __kefir_func_get1_label10
    .quad __kefir_func_get1_label11
    .byte 3
    .byte 146
    .byte 5
    .byte 0
    .byte 7
    .quad __kefir_func_get1_label11
    .quad __kefir_func_get1_label12
    .byte 3
    .byte 146
    .byte 5
    .byte 0
    .byte 7
    .quad __kefir_func_get1_label12
    .quad __kefir_func_get1_label13
    .byte 3
    .byte 146
    .byte 5
    .byte 0
    .byte 7
    .quad __kefir_func_get1_label13
    .quad __kefir_func_get1_label14
    .byte 3
    .byte 146
    .byte 5
    .byte 0
    .byte 7
    .quad __kefir_func_get1_label14
    .quad __kefir_func_get1_label15
    .byte 3
    .byte 146
    .byte 5
    .byte 0
    .byte 7
    .quad __kefir_func_get1_label15
    .quad __kefir_func_get1_label16
    .byte 3
    .byte 146
    .byte 5
    .byte 0
    .byte 7
    .quad __kefir_func_get1_label16
    .quad __kefir_func_get1_label17
    .byte 3
    .byte 146
    .byte 5
    .byte 0
    .byte 7
    .quad __kefir_func_get1_label17
    .quad __kefir_func_get1_label18
    .byte 3
    .byte 146
    .byte 5
    .byte 0
    .byte 0
__kefir_debug_loclist_section_entry_3:
    .byte 7
    .quad __kefir_func_get1_label0
    .quad __kefir_func_get1_label15
    .byte 2
    .byte 144
    .byte 4
    .byte 0
__kefir_debug_loclist_section_entry_4:
    .byte 0
__kefir_debug_loclist_section_entry_5:
    .byte 7
    .quad __kefir_func_get2_label0
    .quad __kefir_func_get2_label28
    .byte 2
    .byte 144
    .byte 4
    .byte 7
    .quad __kefir_func_get2_label6
    .quad __kefir_func_get2_label35
    .byte 2
    .byte 144
    .byte 4
    .byte 7
    .quad __kefir_func_get2_label4
    .quad __kefir_func_get2_label34
    .byte 2
    .byte 144
    .byte 4
    .byte 7
    .quad __kefir_func_get2_label2
    .quad __kefir_func_get2_label32
    .byte 2
    .byte 144
    .byte 4
    .byte 7
    .quad __kefir_func_get2_label18
    .quad __kefir_func_get2_label61
    .byte 2
    .byte 144
    .byte 4
    .byte 0
__kefir_debug_loclist_section_entry_6:
    .byte 7
    .quad __kefir_func_get2_label2
    .quad __kefir_func_get2_label32
    .byte 2
    .byte 144
    .byte 9
    .byte 7
    .quad __kefir_func_get2_label0
    .quad __kefir_func_get2_label28
    .byte 2
    .byte 144
    .byte 9
    .byte 7
    .quad __kefir_func_get2_label18
    .quad __kefir_func_get2_label61
    .byte 2
    .byte 144
    .byte 9
    .byte 0
__kefir_debug_loclist_section_entry_9:
    .byte 7
    .quad __kefir_func_get2_label0
    .quad __kefir_func_get2_label61
    .byte 2
    .byte 144
    .byte 0
    .byte 7
    .quad __kefir_func_get2_label0
    .quad __kefir_func_get2_label28
    .byte 3
    .byte 158
    .byte 1
    .byte 0
    .byte 7
    .quad __kefir_func_get2_label0
    .quad __kefir_func_get2_label32
    .byte 2
    .byte 144
    .byte 8
    .byte 7
    .quad __kefir_func_get2_label18
    .quad __kefir_func_get2_label59
    .byte 2
    .byte 144
    .byte 8
    .byte 0
__kefir_debug_loclist_section_entry_17:
    .byte 7
    .quad __kefir_func_get2_label0
    .quad __kefir_func_get2_label28
    .byte 2
    .byte 144
    .byte 4
    .byte 7
    .quad __kefir_func_get2_label6
    .quad __kefir_func_get2_label35
    .byte 2
    .byte 144
    .byte 4
    .byte 7
    .quad __kefir_func_get2_label4
    .quad __kefir_func_get2_label34
    .byte 2
    .byte 144
    .byte 4
    .byte 7
    .quad __kefir_func_get2_label2
    .quad __kefir_func_get2_label32
    .byte 2
    .byte 144
    .byte 4
    .byte 7
    .quad __kefir_func_get2_label18
    .quad __kefir_func_get2_label61
    .byte 2
    .byte 144
    .byte 4
    .byte 0
__kefir_debug_loclist_section_entry_18:
    .byte 7
    .quad __kefir_func_get2_label2
    .quad __kefir_func_get2_label32
    .byte 2
    .byte 144
    .byte 9
    .byte 7
    .quad __kefir_func_get2_label0
    .quad __kefir_func_get2_label28
    .byte 2
    .byte 144
    .byte 9
    .byte 7
    .quad __kefir_func_get2_label18
    .quad __kefir_func_get2_label61
    .byte 2
    .byte 144
    .byte 9
    .byte 0
__kefir_debug_loclist_section_entry_19:
    .byte 7
    .quad __kefir_func_get2_label21
    .quad __kefir_func_get2_label22
    .byte 3
    .byte 146
    .byte 5
    .byte 0
    .byte 7
    .quad __kefir_func_get2_label22
    .quad __kefir_func_get2_label23
    .byte 3
    .byte 146
    .byte 5
    .byte 0
    .byte 7
    .quad __kefir_func_get2_label23
    .quad __kefir_func_get2_label24
    .byte 3
    .byte 146
    .byte 5
    .byte 0
    .byte 7
    .quad __kefir_func_get2_label24
    .quad __kefir_func_get2_label25
    .byte 3
    .byte 146
    .byte 5
    .byte 0
    .byte 7
    .quad __kefir_func_get2_label25
    .quad __kefir_func_get2_label26
    .byte 3
    .byte 146
    .byte 5
    .byte 0
    .byte 7
    .quad __kefir_func_get2_label26
    .quad __kefir_func_get2_label27
    .byte 3
    .byte 146
    .byte 5
    .byte 0
    .byte 7
    .quad __kefir_func_get2_label30
    .quad __kefir_func_get2_label31
    .byte 3
    .byte 146
    .byte 5
    .byte 0
    .byte 7
    .quad __kefir_func_get2_label44
    .quad __kefir_func_get2_label45
    .byte 3
    .byte 146
    .byte 5
    .byte 0
    .byte 7
    .quad __kefir_func_get2_label45
    .quad __kefir_func_get2_label46
    .byte 3
    .byte 146
    .byte 5
    .byte 0
    .byte 7
    .quad __kefir_func_get2_label18
    .quad __kefir_func_get2_label41
    .byte 3
    .byte 146
    .byte 5
    .byte 0
    .byte 7
    .quad __kefir_func_get2_label41
    .quad __kefir_func_get2_label42
    .byte 3
    .byte 146
    .byte 5
    .byte 0
    .byte 7
    .quad __kefir_func_get2_label42
    .quad __kefir_func_get2_label43
    .byte 3
    .byte 146
    .byte 5
    .byte 0
    .byte 7
    .quad __kefir_func_get2_label43
    .quad __kefir_func_get2_label44
    .byte 3
    .byte 146
    .byte 5
    .byte 0
    .byte 7
    .quad __kefir_func_get2_label46
    .quad __kefir_func_get2_label47
    .byte 3
    .byte 146
    .byte 5
    .byte 0
    .byte 7
    .quad __kefir_func_get2_label51
    .quad __kefir_func_get2_label52
    .byte 3
    .byte 146
    .byte 5
    .byte 0
    .byte 7
    .quad __kefir_func_get2_label47
    .quad __kefir_func_get2_label48
    .byte 3
    .byte 146
    .byte 5
    .byte 0
    .byte 7
    .quad __kefir_func_get2_label48
    .quad __kefir_func_get2_label49
    .byte 3
    .byte 146
    .byte 5
    .byte 0
    .byte 7
    .quad __kefir_func_get2_label49
    .quad __kefir_func_get2_label50
    .byte 3
    .byte 146
    .byte 5
    .byte 0
    .byte 7
    .quad __kefir_func_get2_label50
    .quad __kefir_func_get2_label51
    .byte 3
    .byte 146
    .byte 5
    .byte 0
    .byte 7
    .quad __kefir_func_get2_label52
    .quad __kefir_func_get2_label53
    .byte 3
    .byte 146
    .byte 5
    .byte 0
    .byte 7
    .quad __kefir_func_get2_label57
    .quad __kefir_func_get2_label58
    .byte 3
    .byte 146
    .byte 5
    .byte 0
    .byte 7
    .quad __kefir_func_get2_label53
    .quad __kefir_func_get2_label54
    .byte 3
    .byte 146
    .byte 5
    .byte 0
    .byte 7
    .quad __kefir_func_get2_label54
    .quad __kefir_func_get2_label55
    .byte 3
    .byte 146
    .byte 5
    .byte 0
    .byte 7
    .quad __kefir_func_get2_label55
    .quad __kefir_func_get2_label56
    .byte 3
    .byte 146
    .byte 5
    .byte 0
    .byte 7
    .quad __kefir_func_get2_label56
    .quad __kefir_func_get2_label57
    .byte 3
    .byte 146
    .byte 5
    .byte 0
    .byte 7
    .quad __kefir_func_get2_label58
    .quad __kefir_func_get2_label59
    .byte 3
    .byte 146
    .byte 5
    .byte 0
    .byte 7
    .quad __kefir_func_get2_label59
    .quad __kefir_func_get2_label60
    .byte 3
    .byte 146
    .byte 5
    .byte 0
    .byte 7
    .quad __kefir_func_get2_label60
    .quad __kefir_func_get2_label61
    .byte 3
    .byte 146
    .byte 5
    .byte 0
    .byte 7
    .quad __kefir_func_get2_label29
    .quad __kefir_func_get2_label30
    .byte 3
    .byte 146
    .byte 5
    .byte 0
    .byte 7
    .quad __kefir_func_get2_label2
    .quad __kefir_func_get2_label29
    .byte 3
    .byte 146
    .byte 5
    .byte 0
    .byte 7
    .quad __kefir_func_get2_label31
    .quad __kefir_func_get2_label32
    .byte 3
    .byte 146
    .byte 5
    .byte 0
    .byte 7
    .quad __kefir_func_get2_label4
    .quad __kefir_func_get2_label33
    .byte 3
    .byte 146
    .byte 5
    .byte 0
    .byte 7
    .quad __kefir_func_get2_label33
    .quad __kefir_func_get2_label34
    .byte 3
    .byte 146
    .byte 5
    .byte 0
    .byte 7
    .quad __kefir_func_get2_label16
    .quad __kefir_func_get2_label40
    .byte 3
    .byte 146
    .byte 5
    .byte 0
    .byte 7
    .quad __kefir_func_get2_label6
    .quad __kefir_func_get2_label35
    .byte 3
    .byte 146
    .byte 5
    .byte 0
    .byte 7
    .quad __kefir_func_get2_label14
    .quad __kefir_func_get2_label39
    .byte 3
    .byte 146
    .byte 5
    .byte 0
    .byte 7
    .quad __kefir_func_get2_label8
    .quad __kefir_func_get2_label36
    .byte 3
    .byte 146
    .byte 5
    .byte 0
    .byte 7
    .quad __kefir_func_get2_label12
    .quad __kefir_func_get2_label38
    .byte 3
    .byte 146
    .byte 5
    .byte 0
    .byte 7
    .quad __kefir_func_get2_label10
    .quad __kefir_func_get2_label37
    .byte 3
    .byte 146
    .byte 5
    .byte 0
    .byte 0
__kefir_debug_loclist_section_entry_20:
    .byte 7
    .quad __kefir_func_get2_label21
    .quad __kefir_func_get2_label22
    .byte 3
    .byte 145
    .byte 128
    .byte 127
    .byte 7
    .quad __kefir_func_get2_label22
    .quad __kefir_func_get2_label23
    .byte 3
    .byte 145
    .byte 128
    .byte 127
    .byte 7
    .quad __kefir_func_get2_label23
    .quad __kefir_func_get2_label24
    .byte 3
    .byte 145
    .byte 128
    .byte 127
    .byte 7
    .quad __kefir_func_get2_label24
    .quad __kefir_func_get2_label25
    .byte 3
    .byte 145
    .byte 128
    .byte 127
    .byte 7
    .quad __kefir_func_get2_label25
    .quad __kefir_func_get2_label26
    .byte 3
    .byte 145
    .byte 128
    .byte 127
    .byte 7
    .quad __kefir_func_get2_label26
    .quad __kefir_func_get2_label27
    .byte 3
    .byte 145
    .byte 128
    .byte 127
    .byte 7
    .quad __kefir_func_get2_label30
    .quad __kefir_func_get2_label31
    .byte 3
    .byte 145
    .byte 128
    .byte 127
    .byte 7
    .quad __kefir_func_get2_label44
    .quad __kefir_func_get2_label45
    .byte 3
    .byte 145
    .byte 128
    .byte 127
    .byte 7
    .quad __kefir_func_get2_label45
    .quad __kefir_func_get2_label46
    .byte 3
    .byte 145
    .byte 128
    .byte 127
    .byte 7
    .quad __kefir_func_get2_label18
    .quad __kefir_func_get2_label41
    .byte 3
    .byte 145
    .byte 128
    .byte 127
    .byte 7
    .quad __kefir_func_get2_label41
    .quad __kefir_func_get2_label42
    .byte 3
    .byte 145
    .byte 128
    .byte 127
    .byte 7
    .quad __kefir_func_get2_label42
    .quad __kefir_func_get2_label43
    .byte 3
    .byte 145
    .byte 128
    .byte 127
    .byte 7
    .quad __kefir_func_get2_label43
    .quad __kefir_func_get2_label44
    .byte 3
    .byte 145
    .byte 128
    .byte 127
    .byte 7
    .quad __kefir_func_get2_label46
    .quad __kefir_func_get2_label47
    .byte 3
    .byte 145
    .byte 128
    .byte 127
    .byte 7
    .quad __kefir_func_get2_label51
    .quad __kefir_func_get2_label52
    .byte 3
    .byte 145
    .byte 128
    .byte 127
    .byte 7
    .quad __kefir_func_get2_label47
    .quad __kefir_func_get2_label48
    .byte 3
    .byte 145
    .byte 128
    .byte 127
    .byte 7
    .quad __kefir_func_get2_label48
    .quad __kefir_func_get2_label49
    .byte 3
    .byte 145
    .byte 128
    .byte 127
    .byte 7
    .quad __kefir_func_get2_label49
    .quad __kefir_func_get2_label50
    .byte 3
    .byte 145
    .byte 128
    .byte 127
    .byte 7
    .quad __kefir_func_get2_label50
    .quad __kefir_func_get2_label51
    .byte 3
    .byte 145
    .byte 128
    .byte 127
    .byte 7
    .quad __kefir_func_get2_label52
    .quad __kefir_func_get2_label53
    .byte 3
    .byte 145
    .byte 128
    .byte 127
    .byte 7
    .quad __kefir_func_get2_label57
    .quad __kefir_func_get2_label58
    .byte 3
    .byte 145
    .byte 128
    .byte 127
    .byte 7
    .quad __kefir_func_get2_label53
    .quad __kefir_func_get2_label54
    .byte 3
    .byte 145
    .byte 128
    .byte 127
    .byte 7
    .quad __kefir_func_get2_label54
    .quad __kefir_func_get2_label55
    .byte 3
    .byte 145
    .byte 128
    .byte 127
    .byte 7
    .quad __kefir_func_get2_label55
    .quad __kefir_func_get2_label56
    .byte 3
    .byte 145
    .byte 128
    .byte 127
    .byte 7
    .quad __kefir_func_get2_label56
    .quad __kefir_func_get2_label57
    .byte 3
    .byte 145
    .byte 128
    .byte 127
    .byte 7
    .quad __kefir_func_get2_label58
    .quad __kefir_func_get2_label59
    .byte 3
    .byte 145
    .byte 128
    .byte 127
    .byte 7
    .quad __kefir_func_get2_label59
    .quad __kefir_func_get2_label60
    .byte 3
    .byte 145
    .byte 128
    .byte 127
    .byte 7
    .quad __kefir_func_get2_label60
    .quad __kefir_func_get2_label61
    .byte 3
    .byte 145
    .byte 128
    .byte 127
    .byte 7
    .quad __kefir_func_get2_label29
    .quad __kefir_func_get2_label30
    .byte 3
    .byte 145
    .byte 128
    .byte 127
    .byte 7
    .quad __kefir_func_get2_label2
    .quad __kefir_func_get2_label29
    .byte 3
    .byte 145
    .byte 128
    .byte 127
    .byte 7
    .quad __kefir_func_get2_label31
    .quad __kefir_func_get2_label32
    .byte 3
    .byte 145
    .byte 128
    .byte 127
    .byte 7
    .quad __kefir_func_get2_label4
    .quad __kefir_func_get2_label33
    .byte 3
    .byte 145
    .byte 128
    .byte 127
    .byte 7
    .quad __kefir_func_get2_label33
    .quad __kefir_func_get2_label34
    .byte 3
    .byte 145
    .byte 128
    .byte 127
    .byte 7
    .quad __kefir_func_get2_label16
    .quad __kefir_func_get2_label40
    .byte 3
    .byte 145
    .byte 128
    .byte 127
    .byte 7
    .quad __kefir_func_get2_label6
    .quad __kefir_func_get2_label35
    .byte 3
    .byte 145
    .byte 128
    .byte 127
    .byte 7
    .quad __kefir_func_get2_label14
    .quad __kefir_func_get2_label39
    .byte 3
    .byte 145
    .byte 128
    .byte 127
    .byte 7
    .quad __kefir_func_get2_label8
    .quad __kefir_func_get2_label36
    .byte 3
    .byte 145
    .byte 128
    .byte 127
    .byte 7
    .quad __kefir_func_get2_label12
    .quad __kefir_func_get2_label38
    .byte 3
    .byte 145
    .byte 128
    .byte 127
    .byte 7
    .quad __kefir_func_get2_label10
    .quad __kefir_func_get2_label37
    .byte 3
    .byte 145
    .byte 128
    .byte 127
    .byte 0
__kefir_debug_loclist_section_entry_21:
    .byte 7
    .quad __kefir_func_get2_label21
    .quad __kefir_func_get2_label22
    .byte 2
    .byte 145
    .byte 64
    .byte 7
    .quad __kefir_func_get2_label22
    .quad __kefir_func_get2_label23
    .byte 2
    .byte 145
    .byte 64
    .byte 7
    .quad __kefir_func_get2_label23
    .quad __kefir_func_get2_label24
    .byte 2
    .byte 145
    .byte 64
    .byte 7
    .quad __kefir_func_get2_label24
    .quad __kefir_func_get2_label25
    .byte 2
    .byte 145
    .byte 64
    .byte 7
    .quad __kefir_func_get2_label25
    .quad __kefir_func_get2_label26
    .byte 2
    .byte 145
    .byte 64
    .byte 7
    .quad __kefir_func_get2_label26
    .quad __kefir_func_get2_label27
    .byte 2
    .byte 145
    .byte 64
    .byte 7
    .quad __kefir_func_get2_label30
    .quad __kefir_func_get2_label31
    .byte 2
    .byte 145
    .byte 64
    .byte 7
    .quad __kefir_func_get2_label44
    .quad __kefir_func_get2_label45
    .byte 2
    .byte 145
    .byte 64
    .byte 7
    .quad __kefir_func_get2_label45
    .quad __kefir_func_get2_label46
    .byte 2
    .byte 145
    .byte 64
    .byte 7
    .quad __kefir_func_get2_label18
    .quad __kefir_func_get2_label41
    .byte 2
    .byte 145
    .byte 64
    .byte 7
    .quad __kefir_func_get2_label41
    .quad __kefir_func_get2_label42
    .byte 2
    .byte 145
    .byte 64
    .byte 7
    .quad __kefir_func_get2_label42
    .quad __kefir_func_get2_label43
    .byte 2
    .byte 145
    .byte 64
    .byte 7
    .quad __kefir_func_get2_label43
    .quad __kefir_func_get2_label44
    .byte 2
    .byte 145
    .byte 64
    .byte 7
    .quad __kefir_func_get2_label46
    .quad __kefir_func_get2_label47
    .byte 2
    .byte 145
    .byte 64
    .byte 7
    .quad __kefir_func_get2_label51
    .quad __kefir_func_get2_label52
    .byte 2
    .byte 145
    .byte 64
    .byte 7
    .quad __kefir_func_get2_label47
    .quad __kefir_func_get2_label48
    .byte 2
    .byte 145
    .byte 64
    .byte 7
    .quad __kefir_func_get2_label48
    .quad __kefir_func_get2_label49
    .byte 2
    .byte 145
    .byte 64
    .byte 7
    .quad __kefir_func_get2_label49
    .quad __kefir_func_get2_label50
    .byte 2
    .byte 145
    .byte 64
    .byte 7
    .quad __kefir_func_get2_label50
    .quad __kefir_func_get2_label51
    .byte 2
    .byte 145
    .byte 64
    .byte 7
    .quad __kefir_func_get2_label52
    .quad __kefir_func_get2_label53
    .byte 2
    .byte 145
    .byte 64
    .byte 7
    .quad __kefir_func_get2_label57
    .quad __kefir_func_get2_label58
    .byte 2
    .byte 145
    .byte 64
    .byte 7
    .quad __kefir_func_get2_label53
    .quad __kefir_func_get2_label54
    .byte 2
    .byte 145
    .byte 64
    .byte 7
    .quad __kefir_func_get2_label54
    .quad __kefir_func_get2_label55
    .byte 2
    .byte 145
    .byte 64
    .byte 7
    .quad __kefir_func_get2_label55
    .quad __kefir_func_get2_label56
    .byte 2
    .byte 145
    .byte 64
    .byte 7
    .quad __kefir_func_get2_label56
    .quad __kefir_func_get2_label57
    .byte 2
    .byte 145
    .byte 64
    .byte 7
    .quad __kefir_func_get2_label58
    .quad __kefir_func_get2_label59
    .byte 2
    .byte 145
    .byte 64
    .byte 7
    .quad __kefir_func_get2_label59
    .quad __kefir_func_get2_label60
    .byte 2
    .byte 145
    .byte 64
    .byte 7
    .quad __kefir_func_get2_label60
    .quad __kefir_func_get2_label61
    .byte 2
    .byte 145
    .byte 64
    .byte 7
    .quad __kefir_func_get2_label29
    .quad __kefir_func_get2_label30
    .byte 2
    .byte 145
    .byte 64
    .byte 7
    .quad __kefir_func_get2_label2
    .quad __kefir_func_get2_label29
    .byte 2
    .byte 145
    .byte 64
    .byte 7
    .quad __kefir_func_get2_label31
    .quad __kefir_func_get2_label32
    .byte 2
    .byte 145
    .byte 64
    .byte 7
    .quad __kefir_func_get2_label4
    .quad __kefir_func_get2_label33
    .byte 2
    .byte 145
    .byte 64
    .byte 7
    .quad __kefir_func_get2_label33
    .quad __kefir_func_get2_label34
    .byte 2
    .byte 145
    .byte 64
    .byte 7
    .quad __kefir_func_get2_label16
    .quad __kefir_func_get2_label40
    .byte 2
    .byte 145
    .byte 64
    .byte 7
    .quad __kefir_func_get2_label6
    .quad __kefir_func_get2_label35
    .byte 2
    .byte 145
    .byte 64
    .byte 7
    .quad __kefir_func_get2_label14
    .quad __kefir_func_get2_label39
    .byte 2
    .byte 145
    .byte 64
    .byte 7
    .quad __kefir_func_get2_label8
    .quad __kefir_func_get2_label36
    .byte 2
    .byte 145
    .byte 64
    .byte 7
    .quad __kefir_func_get2_label12
    .quad __kefir_func_get2_label38
    .byte 2
    .byte 145
    .byte 64
    .byte 7
    .quad __kefir_func_get2_label10
    .quad __kefir_func_get2_label37
    .byte 2
    .byte 145
    .byte 64
    .byte 0
__kefir_debug_loclist_section_entry_22:
    .byte 0
__kefir_debug_loclists_section_end:

.section .debug_rnglists
__kefir_debug_rnglists_section:
    .long __kefir_debug_rnglists_section_end - __kefir_debug_rnglists_section_begin
__kefir_debug_rnglists_section_begin:
    .word 5
    .byte 8
    .byte 0
    .long 0
__kefir_debug_rnglist_section_entry_7:
    .byte 6
    .quad __kefir_func_get2_label30
    .quad __kefir_func_get2_label31
    .byte 6
    .quad __kefir_func_get2_label44
    .quad __kefir_func_get2_label45
    .byte 6
    .quad __kefir_func_get2_label45
    .quad __kefir_func_get2_label46
    .byte 6
    .quad __kefir_func_get2_label18
    .quad __kefir_func_get2_label41
    .byte 6
    .quad __kefir_func_get2_label41
    .quad __kefir_func_get2_label42
    .byte 6
    .quad __kefir_func_get2_label42
    .quad __kefir_func_get2_label43
    .byte 6
    .quad __kefir_func_get2_label43
    .quad __kefir_func_get2_label44
    .byte 6
    .quad __kefir_func_get2_label46
    .quad __kefir_func_get2_label47
    .byte 6
    .quad __kefir_func_get2_label51
    .quad __kefir_func_get2_label52
    .byte 6
    .quad __kefir_func_get2_label47
    .quad __kefir_func_get2_label48
    .byte 6
    .quad __kefir_func_get2_label48
    .quad __kefir_func_get2_label49
    .byte 6
    .quad __kefir_func_get2_label49
    .quad __kefir_func_get2_label50
    .byte 6
    .quad __kefir_func_get2_label50
    .quad __kefir_func_get2_label51
    .byte 6
    .quad __kefir_func_get2_label52
    .quad __kefir_func_get2_label53
    .byte 6
    .quad __kefir_func_get2_label57
    .quad __kefir_func_get2_label58
    .byte 6
    .quad __kefir_func_get2_label53
    .quad __kefir_func_get2_label54
    .byte 6
    .quad __kefir_func_get2_label54
    .quad __kefir_func_get2_label55
    .byte 6
    .quad __kefir_func_get2_label55
    .quad __kefir_func_get2_label56
    .byte 6
    .quad __kefir_func_get2_label56
    .quad __kefir_func_get2_label57
    .byte 6
    .quad __kefir_func_get2_label58
    .quad __kefir_func_get2_label59
    .byte 6
    .quad __kefir_func_get2_label59
    .quad __kefir_func_get2_label60
    .byte 6
    .quad __kefir_func_get2_label60
    .quad __kefir_func_get2_label61
    .byte 0
__kefir_debug_rnglist_section_entry_8:
    .byte 6
    .quad __kefir_func_get2_label44
    .quad __kefir_func_get2_label45
    .byte 6
    .quad __kefir_func_get2_label45
    .quad __kefir_func_get2_label46
    .byte 6
    .quad __kefir_func_get2_label18
    .quad __kefir_func_get2_label41
    .byte 6
    .quad __kefir_func_get2_label41
    .quad __kefir_func_get2_label42
    .byte 6
    .quad __kefir_func_get2_label42
    .quad __kefir_func_get2_label43
    .byte 6
    .quad __kefir_func_get2_label43
    .quad __kefir_func_get2_label44
    .byte 6
    .quad __kefir_func_get2_label46
    .quad __kefir_func_get2_label47
    .byte 6
    .quad __kefir_func_get2_label51
    .quad __kefir_func_get2_label52
    .byte 6
    .quad __kefir_func_get2_label47
    .quad __kefir_func_get2_label48
    .byte 6
    .quad __kefir_func_get2_label48
    .quad __kefir_func_get2_label49
    .byte 6
    .quad __kefir_func_get2_label49
    .quad __kefir_func_get2_label50
    .byte 6
    .quad __kefir_func_get2_label50
    .quad __kefir_func_get2_label51
    .byte 6
    .quad __kefir_func_get2_label52
    .quad __kefir_func_get2_label53
    .byte 6
    .quad __kefir_func_get2_label57
    .quad __kefir_func_get2_label58
    .byte 6
    .quad __kefir_func_get2_label53
    .quad __kefir_func_get2_label54
    .byte 6
    .quad __kefir_func_get2_label54
    .quad __kefir_func_get2_label55
    .byte 6
    .quad __kefir_func_get2_label55
    .quad __kefir_func_get2_label56
    .byte 6
    .quad __kefir_func_get2_label56
    .quad __kefir_func_get2_label57
    .byte 6
    .quad __kefir_func_get2_label58
    .quad __kefir_func_get2_label59
    .byte 0
__kefir_debug_rnglist_section_entry_10:
    .byte 6
    .quad __kefir_func_get2_label29
    .quad __kefir_func_get2_label30
    .byte 6
    .quad __kefir_func_get2_label2
    .quad __kefir_func_get2_label29
    .byte 6
    .quad __kefir_func_get2_label31
    .quad __kefir_func_get2_label32
    .byte 6
    .quad __kefir_func_get2_label4
    .quad __kefir_func_get2_label33
    .byte 6
    .quad __kefir_func_get2_label33
    .quad __kefir_func_get2_label34
    .byte 6
    .quad __kefir_func_get2_label16
    .quad __kefir_func_get2_label40
    .byte 6
    .quad __kefir_func_get2_label6
    .quad __kefir_func_get2_label35
    .byte 6
    .quad __kefir_func_get2_label14
    .quad __kefir_func_get2_label39
    .byte 6
    .quad __kefir_func_get2_label8
    .quad __kefir_func_get2_label36
    .byte 6
    .quad __kefir_func_get2_label12
    .quad __kefir_func_get2_label38
    .byte 6
    .quad __kefir_func_get2_label10
    .quad __kefir_func_get2_label37
    .byte 0
__kefir_debug_rnglist_section_entry_11:
    .byte 6
    .quad __kefir_func_get2_label16
    .quad __kefir_func_get2_label40
    .byte 0
__kefir_debug_rnglist_section_entry_12:
    .byte 6
    .quad __kefir_func_get2_label6
    .quad __kefir_func_get2_label35
    .byte 6
    .quad __kefir_func_get2_label14
    .quad __kefir_func_get2_label39
    .byte 6
    .quad __kefir_func_get2_label8
    .quad __kefir_func_get2_label36
    .byte 6
    .quad __kefir_func_get2_label12
    .quad __kefir_func_get2_label38
    .byte 6
    .quad __kefir_func_get2_label10
    .quad __kefir_func_get2_label37
    .byte 0
__kefir_debug_rnglist_section_entry_13:
    .byte 6
    .quad __kefir_func_get2_label14
    .quad __kefir_func_get2_label39
    .byte 0
__kefir_debug_rnglist_section_entry_14:
    .byte 6
    .quad __kefir_func_get2_label8
    .quad __kefir_func_get2_label36
    .byte 6
    .quad __kefir_func_get2_label12
    .quad __kefir_func_get2_label38
    .byte 6
    .quad __kefir_func_get2_label10
    .quad __kefir_func_get2_label37
    .byte 0
__kefir_debug_rnglist_section_entry_15:
    .byte 6
    .quad __kefir_func_get2_label12
    .quad __kefir_func_get2_label38
    .byte 0
__kefir_debug_rnglist_section_entry_16:
    .byte 6
    .quad __kefir_func_get2_label10
    .quad __kefir_func_get2_label37
    .byte 0
__kefir_debug_rnglists_section_end:

.section .debug_line
__kefir_debug_lines_section_begin:
