.att_syntax
.section .note.GNU-stack,"",%progbits

.global eval1
.type eval1, @function
.global eval2
.type eval2, @function

.section .text
__kefir_text_section_begin:
eval1:
__kefir_text_func_eval1_begin:
    mov %rdi, %rax
    add $1, %eax
    add %edi, %eax
    ret
__kefir_text_func_eval1_end:

eval2:
__kefir_text_func_eval2_begin:
    push %rbp
    mov %rsp, %rbp
    sub $32, %rsp
    xor %edx, %edx
    mov %rdx, %rax
    sub $16, %rsp
    movq %rdx, (%rsp)
    mov %rsp, %rdx
    movq %rax, -24(%rbp)
    movsx %edi, %rax
    imul $8, %rax, %rax
    movq %rax, -8(%rbp)
    sub %rax, %rsp
    mov $16, %rax
    cmp $8, %rax
    mov $8, %rcx
    cmovl %rcx, %rax
    neg %rax
    and %rax, %rsp
    mov %rsp, %rax
    movq %rax, -16(%rbp)
    movq -8(%rbp), %rcx
    movq -24(%rbp), %rax
    cmp $0, %rdx
    jz _kefir_func_eval2_label1
    mov %rdx, %rsp
    movq (%rsp), %rdx
    add $16, %rsp
_kefir_func_eval2_label1:
    movsx %edi, %rax
    add %rcx, %rax
    lea (%rbp), %rsp
    pop %rbp
    ret
__kefir_text_func_eval2_end:

__kefir_text_section_end:

