.att_syntax
.section .note.GNU-stack,"",%progbits

.global test1
.type test1, @function

.section .text
__kefir_text_section_begin:
test1:
__kefir_text_func_test1_begin:
    push %rbp
    mov %rsp, %rbp
    sub $192, %rsp
    fstcw -8(%rbp)
    stmxcsr -16(%rbp)
    mov %rdi, %rdx
    movq $0, (%rdx)
    movd _kefir_func_test1_label1(%rip), %xmm0
    movd %xmm0, 8(%rdx)
    movq _kefir_func_test1_label2(%rip), %xmm0
    movq %xmm0, 16(%rdx)
    fldt _kefir_func_test1_label3(%rip)
    movq $0, 40(%rdx)
    fstpt 32(%rdx)
    lea 48(%rdx), %rdi
    movd _kefir_func_test1_label4(%rip), %xmm0
    movaps %xmm0, %xmm1
    movd %xmm1, (%rdi)
    movd %xmm0, 4(%rdi)
    lea 56(%rdx), %rdi
    movq _kefir_func_test1_label5(%rip), %xmm0
    movaps %xmm0, %xmm1
    movq %xmm1, (%rdi)
    movq %xmm0, 8(%rdi)
    lea 80(%rdx), %rdi
    fldt _kefir_func_test1_label6(%rip)
    fstpt -192(%rbp)
    fldt -192(%rbp)
    fldt -192(%rbp)
    fstpt -160(%rbp)
    fstpt -176(%rbp)
    movq $0, 8(%rdi)
    movq $0, 24(%rdi)
    fldt -176(%rbp)
    fstpt (%rdi)
    fldt -160(%rbp)
    fstpt 16(%rdi)
    leaq -144(%rbp), %rdi
    xor %eax, %eax
    mov $16, %rcx
    rep stosq
    lea 112(%rdx), %rdi
    leaq -144(%rbp), %rsi
    cld
    mov $16, %rcx
    rep movsq
    ldmxcsr -16(%rbp)
    fldcw -8(%rbp)
    lea (%rbp), %rsp
    pop %rbp
    ret
__kefir_text_func_test1_end:
.section .rodata
    .align 4
_kefir_func_test1_label1:
    .long 0
    .align 8
_kefir_func_test1_label2:
    .quad 0
    .align 8
_kefir_func_test1_label3:
    .quad 0
    .quad 0
    .align 4
_kefir_func_test1_label4:
    .long 0
    .align 8
_kefir_func_test1_label5:
    .quad 0
    .align 8
_kefir_func_test1_label6:
    .quad 0
    .quad 0
.section .text

__kefir_text_section_end:

