{
    "functions": [
        {
            "id": 46,
            "name": "test2",
            "code": {
                "entry_point": 0,
                "blocks": [
                    {
                        "id": 0,
                        "control_flow": 36,
                        "code": [
                            {
                                "id": 2,
                                "opcode": "get_argument",
                                "index": 0,
                                "control_next": null,
                                "ir_instruction": 2
                            },
                            {
                                "id": 32,
                                "opcode": "int_const",
                                "value": 3,
                                "control_next": null,
                                "ir_instruction": 27
                            },
                            {
                                "id": 33,
                                "opcode": "int32_not",
                                "arg": 2,
                                "control_next": null,
                                "ir_instruction": 27
                            },
                            {
                                "id": 34,
                                "opcode": "select",
                                "variant": "inverted_32bit",
                                "args": [
                                    2,
                                    32,
                                    33
                                ],
                                "control_next": null,
                                "ir_instruction": 27
                            },
                            {
                                "id": 35,
                                "opcode": "int32_add",
                                "args": [
                                    2,
                                    34
                                ],
                                "control_next": null,
                                "ir_instruction": 27
                            },
                            {
                                "id": 37,
                                "opcode": "int32_add",
                                "args": [
                                    2,
                                    35
                                ],
                                "control_next": null,
                                "ir_instruction": 22
                            },
                            {
                                "id": 36,
                                "opcode": "return",
                                "arg": 37,
                                "control_next": null,
                                "ir_instruction": 25
                            }
                        ],
                        "public_labels": [],
                        "properties": {
                            "successors": [],
                            "predecessors": [],
                            "immediate_dominator": null,
                            "alive_instructions": [
                                35,
                                33,
                                32,
                                36,
                                37,
                                34,
                                2
                            ]
                        }
                    }
                ],
                "debug": {
                    "local_variables": [
                        {
                            "variable_id": 412316860416,
                            "allocations": [
                                3
                            ]
                        },
                        {
                            "variable_id": 395136991233,
                            "allocations": [
                                29
                            ]
                        },
                        {
                            "variable_id": 395136991232,
                            "allocations": [
                                30
                            ]
                        },
                        {
                            "variable_id": 412316860417,
                            "allocations": [
                                5
                            ]
                        }
                    ],
                    "allocation_placement": []
                }
            }
        }
    ]
}