.att_syntax
.section .note.GNU-stack,"",%progbits

.global get
.type get, @function

.section .text
.L__kefir_text_section_begin:
get:
.L__kefir_text_func_get_begin:
    cmp $0, %edi
    je .L__kefir_func_get_label9
    cmp $1, %edi
    je .L__kefir_func_get_label8
    cmp $2, %edi
    je .L__kefir_func_get_label7
    cmp $3, %edi
    je .L__kefir_func_get_label6
    mov $-101, %rax
    ret
.L__kefir_func_get_label6:
    mov $101, %eax
    ret
.L__kefir_func_get_label7:
    mov $1, %eax
    ret
.L__kefir_func_get_label8:
    xor %eax, %eax
    ret
.L__kefir_func_get_label9:
    mov $-1, %rax
    ret
.L__kefir_text_func_get_end:

.L__kefir_text_section_end:

