.att_syntax
.section .note.GNU-stack,"",%progbits

.extern getlarge
.extern getsmall
.extern my_memcmp
.global testlarge
.type testlarge, @function
.global testsmall
.type testsmall, @function
.global testlarge2
.type testlarge2, @function

.section .text
.L__kefir_text_section_begin:
testlarge:
.L__kefir_text_func_testlarge_begin:
    push %rbp
    mov %rsp, %rbp
    push %rbx
    push %r12
    sub $512, %rsp
    mov %rdi, %r12
    lea -528(%rbp), %rbx
    mov %r12, %rsi
    mov %rbx, %rdi
    call getlarge@PLT
    movsx %r12d, %rcx
    shl $2, %rcx
    movl (%rax, %rcx, 1), %eax
    lea -16(%rbp), %rsp
    pop %r12
    pop %rbx
    pop %rbp
    ret
.L__kefir_text_func_testlarge_end:

testsmall:
.L__kefir_text_func_testsmall_begin:
    push %rbp
    mov %rsp, %rbp
    push %rbx
    push %r12
    push %r13
    sub $40, %rsp
    stmxcsr -32(%rbp)
    mov %rdi, %r12
    lea -64(%rbp), %rbx
    mov %r12, %rdi
    call getsmall@PLT
    movq %rax, (%rbx)
    movq %xmm0, 8(%rbx)
    movq (%rbx), %r13
    lea -48(%rbp), %rbx
    mov %r12, %rdi
    call getsmall@PLT
    movq %rax, (%rbx)
    movq %xmm0, 8(%rbx)
    movl 8(%rbx), %eax
    cvtsi2ss %r13, %xmm0
    movd %eax, %xmm1
    addss %xmm1, %xmm0
    ldmxcsr -32(%rbp)
    lea -24(%rbp), %rsp
    pop %r13
    pop %r12
    pop %rbx
    pop %rbp
    ret
.L__kefir_text_func_testsmall_end:

testlarge2:
.L__kefir_text_func_testlarge2_begin:
    push %rbp
    mov %rsp, %rbp
    push %rbx
    push %r12
    sub $1024, %rsp
    mov %rsi, %r12
    mov %rdi, %rsi
    lea -1040(%rbp), %rbx
    mov %rbx, %rdi
    call getlarge@PLT
    lea -528(%rbp), %rbx
    mov %r12, %rsi
    mov %rbx, %rdi
    call getlarge@PLT
    lea -1040(%rbp), %rdi
    lea -528(%rbp), %rsi
    mov $512, %edx
    call my_memcmp@PLT
    lea -16(%rbp), %rsp
    pop %r12
    pop %rbx
    pop %rbp
    ret
.L__kefir_text_func_testlarge2_end:

.L__kefir_text_section_end:

