.att_syntax
.section .note.GNU-stack,"",%progbits

.global get_a1
.type get_a1, @function
.global get_i8
.type get_i8, @function
.global get_f32
.type get_f32, @function
.global get_f64
.type get_f64, @function
.global get_i16
.type get_i16, @function
.global get_i32
.type get_i32, @function
.global get_i64
.type get_i64, @function
.global get_arr1_el
.type get_arr1_el, @function
.global get_arr2_el
.type get_arr2_el, @function

.section .text
.L__kefir_text_section_begin:
get_a1:
.L__kefir_text_func_get_a1_begin:
    push %rbp
    mov %rsp, %rbp
    push %rbx
    sub $72, %rsp
    mov %rdi, %rbx
    lea 32(%rsi), %rax
    lea -72(%rbp), %rdx
    mov %rax, %rsi
    mov $64, %rdi
    mov $5, %rcx
    call __atomic_load@PLT
    mov %rbx, %rax
    movdqu -72(%rbp), %xmm0
    movdqu %xmm0, (%rax)
    movdqu -56(%rbp), %xmm0
    movdqu %xmm0, 16(%rax)
    movdqu -40(%rbp), %xmm0
    movdqu %xmm0, 32(%rax)
    movdqu -24(%rbp), %xmm0
    movdqu %xmm0, 48(%rax)
    lea -8(%rbp), %rsp
    pop %rbx
    pop %rbp
    ret
.L__kefir_text_func_get_a1_end:

get_i8:
.L__kefir_text_func_get_i8_begin:
    mov %rdi, %rcx
    movb (%rcx), %al
    movsx %al, %rax
    ret
.L__kefir_text_func_get_i8_end:

get_f32:
.L__kefir_text_func_get_f32_begin:
    mov %rdi, %rax
    lea 16(%rax), %rcx
    movl (%rcx), %eax
    movq %rax, %xmm0
    ret
.L__kefir_text_func_get_f32_end:

get_f64:
.L__kefir_text_func_get_f64_begin:
    mov %rdi, %rax
    lea 24(%rax), %rcx
    movq (%rcx), %rax
    movq %rax, %xmm0
    ret
.L__kefir_text_func_get_f64_end:

get_i16:
.L__kefir_text_func_get_i16_begin:
    mov %rdi, %rax
    lea 2(%rax), %rcx
    movw (%rcx), %ax
    movsx %ax, %rax
    ret
.L__kefir_text_func_get_i16_end:

get_i32:
.L__kefir_text_func_get_i32_begin:
    mov %rdi, %rax
    lea 4(%rax), %rcx
    movl (%rcx), %eax
    movsx %eax, %rax
    ret
.L__kefir_text_func_get_i32_end:

get_i64:
.L__kefir_text_func_get_i64_begin:
    mov %rdi, %rax
    lea 8(%rax), %rcx
    movq (%rcx), %rax
    ret
.L__kefir_text_func_get_i64_end:

get_arr1_el:
.L__kefir_text_func_get_arr1_el_begin:
    mov %rsi, %rax
    lea 96(%rdi), %rcx
    movsx %eax, %rax
    imul $8, %rax, %rax
    add %rax, %rcx
    movq (%rcx), %rax
    ret
.L__kefir_text_func_get_arr1_el_end:

get_arr2_el:
.L__kefir_text_func_get_arr2_el_begin:
    push %rbp
    mov %rsp, %rbp
    push %rbx
    sub $72, %rsp
    mov %rdi, %rbx
    mov %rdx, %rax
    lea 160(%rsi), %rcx
    movsx %eax, %rax
    imul $64, %rax, %rax
    mov %rcx, %rdx
    add %rax, %rdx
    mov %rdx, %rax
    lea -72(%rbp), %rdx
    mov %rax, %rsi
    mov $64, %rdi
    mov $5, %rcx
    call __atomic_load@PLT
    mov %rbx, %rax
    movdqu -72(%rbp), %xmm0
    movdqu %xmm0, (%rax)
    movdqu -56(%rbp), %xmm0
    movdqu %xmm0, 16(%rax)
    movdqu -40(%rbp), %xmm0
    movdqu %xmm0, 32(%rax)
    movdqu -24(%rbp), %xmm0
    movdqu %xmm0, 48(%rax)
    lea -8(%rbp), %rsp
    pop %rbx
    pop %rbp
    ret
.L__kefir_text_func_get_arr2_el_end:

.L__kefir_text_section_end:

