.att_syntax
.section .note.GNU-stack,"",%progbits

.global fn1
.type fn1, @function
.global fn2
.type fn2, @function
.global fn3
.type fn3, @function

.section .text
__kefir_text_section_begin:
fn1:
.file 0 "source/tests/end2end/debug_info_local_vars1/lib.kefir.asmgen.c"
.loc 0 25 1
__kefir_text_func_fn1_begin:
    push %rbp
    mov %rsp, %rbp
    sub $1664, %rsp
    fstcw -8(%rbp)
    stmxcsr -16(%rbp)
_kefir_func_fn1_label9:
    mov %rdi, %r8
_kefir_func_fn1_label10:
    mov %rsi, %r9
_kefir_func_fn1_label13:
_kefir_func_fn1_label12:
_kefir_func_fn1_label11:
    lea 16(%rbp), %rsi
_kefir_func_fn1_label15:
_kefir_func_fn1_label14:
    leaq -1632(%rbp), %rdi
    cld
    mov $100, %rcx
    rep movsq
.loc 0 26 16
_kefir_func_fn1_label16:
    movsx %r8d, %rax
.loc 0 26 16
_kefir_func_fn1_label17:
    movsx %eax, %rax
.loc 0 26 16
_kefir_func_fn1_label18:
    add %r9, %rax
.loc 0 26 5
_kefir_func_fn1_label19:
    cvtsi2sd %rax, %xmm1
.loc 0 28 9
_kefir_func_fn1_label21:
_kefir_func_fn1_label20:
    xor %eax, %eax
    test %r9, %r9
    sete %al
.loc 0 28 9
_kefir_func_fn1_label22:
    test %al, %al
    jz _kefir_func_fn1_label5
_kefir_func_fn1_label24:
_kefir_func_fn1_label23:
    pxor %xmm0, %xmm0
    ldmxcsr -16(%rbp)
    fldcw -8(%rbp)
    lea (%rbp), %rsp
    pop %rbp
    ret
.loc 0 30 33
_kefir_func_fn1_label5:
_kefir_func_fn1_label25:
    movq (%rdx), %rax
.loc 0 30 29
_kefir_func_fn1_label26:
    cvtss2sd %xmm0, %xmm0
_kefir_func_fn1_label27:
    movq %rax, %xmm2
.loc 0 30 29
    addsd %xmm2, %xmm0
.loc 0 30 13
_kefir_func_fn1_label28:
    movq %xmm0, -1664(%rbp)
    fldl -1664(%rbp)
    fstpt -1648(%rbp)
.loc 0 30 13
_kefir_func_fn1_label29:
    movq $0, -824(%rbp)
    fldt -1648(%rbp)
    fstpt -832(%rbp)
.loc 0 31 28
_kefir_func_fn1_label30:
    fldt -832(%rbp)
    fstpt -1664(%rbp)
.loc 0 32 29
_kefir_func_fn1_label31:
    movsx %r8d, %rax
.loc 0 32 24
_kefir_func_fn1_label32:
    movsx %eax, %rax
.loc 0 32 24
_kefir_func_fn1_label33:
    imul $8, %rax, %rax
_kefir_func_fn1_label34:
    leaq -816(%rbp), %rcx
.loc 0 32 24
    add %rax, %rcx
.loc 0 32 24
_kefir_func_fn1_label35:
    movq (%rcx), %rax
.loc 0 31 24
_kefir_func_fn1_label36:
    movq %xmm1, -1648(%rbp)
    fldl -1648(%rbp)
    fstpt -1648(%rbp)
.loc 0 31 24
_kefir_func_fn1_label37:
    fldt -1664(%rbp)
    fldt -1648(%rbp)
    fsubp
    fstpt -1664(%rbp)
.loc 0 31 13
_kefir_func_fn1_label38:
    fldt -1664(%rbp)
    fstpl -8(%rsp)
    movq -8(%rsp), %xmm0
.loc 0 32 20
_kefir_func_fn1_label39:
    cvtsi2sd %rax, %xmm1
.loc 0 32 20
_kefir_func_fn1_label40:
    movq %xmm0, %xmm2
    mulsd %xmm1, %xmm2
.loc 0 32 34
_kefir_func_fn1_label41:
    cmp $0, %rdx
    je _kefir_func_fn1_label8
.loc 0 32 44
_kefir_func_fn1_label42:
    imul $8, %r9, %rax
_kefir_func_fn1_label43:
    leaq -1632(%rbp), %rdi
.loc 0 32 44
    add %rax, %rdi
.loc 0 32 44
_kefir_func_fn1_label44:
    movq (%rdi), %rax
.loc 0 32 20
_kefir_func_fn1_label7:
_kefir_func_fn1_label46:
_kefir_func_fn1_label45:
    cvtsi2sd %rax, %xmm1
.loc 0 32 20
_kefir_func_fn1_label47:
    movq %xmm2, %xmm0
    addsd %xmm1, %xmm0
.loc 0 32 13
_kefir_func_fn1_label48:
    ldmxcsr -16(%rbp)
    fldcw -8(%rbp)
    lea (%rbp), %rsp
    pop %rbp
    ret
.loc 0 32 54
_kefir_func_fn1_label8:
_kefir_func_fn1_label49:
    movq -1576(%rbp), %rcx
.loc 0 32 34
_kefir_func_fn1_label50:
    mov %rcx, %rax
    jmp _kefir_func_fn1_label7
__kefir_text_func_fn1_end:

fn2:
.loc 0 37 1
__kefir_text_func_fn2_begin:
    push %rbp
    mov %rsp, %rbp
    push %rbx
    push %r12
    push %r13
    push %r14
    push %r15
    sub $40, %rsp
_kefir_func_fn2_label8:
_kefir_func_fn2_label7:
_kefir_func_fn2_label6:
_kefir_func_fn2_label5:
_kefir_func_fn2_label4:
_kefir_func_fn2_label3:
_kefir_func_fn2_label2:
    movq 16(%rbp), %rax
_kefir_func_fn2_label9:
    movq 24(%rbp), %r10
_kefir_func_fn2_label10:
    movq 32(%rbp), %r11
_kefir_func_fn2_label11:
    movq 40(%rbp), %rbx
_kefir_func_fn2_label12:
    movq 48(%rbp), %r12
_kefir_func_fn2_label13:
    movq 56(%rbp), %r13
_kefir_func_fn2_label14:
    movq 64(%rbp), %r14
_kefir_func_fn2_label15:
    movq 72(%rbp), %r15
_kefir_func_fn2_label16:
    movq %rax, -72(%rbp)
    movq 80(%rbp), %rax
    movq %rax, -80(%rbp)
    movq -72(%rbp), %rax
_kefir_func_fn2_label17:
    movq %rax, -64(%rbp)
    movq 88(%rbp), %rax
    movq %rax, -72(%rbp)
    movq -64(%rbp), %rax
_kefir_func_fn2_label18:
    movq %rax, -56(%rbp)
    movq 96(%rbp), %rax
    movq %rax, -64(%rbp)
    movq -56(%rbp), %rax
_kefir_func_fn2_label19:
    movq %rax, -48(%rbp)
    movq 104(%rbp), %rax
    movq %rax, -56(%rbp)
    movq -48(%rbp), %rax
.loc 0 39 12
_kefir_func_fn2_label21:
_kefir_func_fn2_label20:
    add %rsi, %rdi
.loc 0 39 12
_kefir_func_fn2_label22:
    add %rdx, %rdi
.loc 0 39 12
_kefir_func_fn2_label23:
    add %rcx, %rdi
.loc 0 39 12
_kefir_func_fn2_label24:
    add %r8, %rdi
.loc 0 39 12
_kefir_func_fn2_label25:
    add %r9, %rdi
.loc 0 39 12
_kefir_func_fn2_label26:
    add %rax, %rdi
.loc 0 39 12
_kefir_func_fn2_label27:
    add %r10, %rdi
.loc 0 39 12
_kefir_func_fn2_label28:
    add %r11, %rdi
.loc 0 39 12
_kefir_func_fn2_label29:
    add %rbx, %rdi
.loc 0 39 12
_kefir_func_fn2_label30:
    add %r12, %rdi
.loc 0 39 12
_kefir_func_fn2_label31:
    add %r13, %rdi
.loc 0 39 12
_kefir_func_fn2_label32:
    add %r14, %rdi
.loc 0 39 12
_kefir_func_fn2_label33:
    add %r15, %rdi
.loc 0 39 12
_kefir_func_fn2_label34:
    addq -80(%rbp), %rdi
.loc 0 39 12
_kefir_func_fn2_label35:
    addq -72(%rbp), %rdi
.loc 0 39 12
_kefir_func_fn2_label36:
    addq -64(%rbp), %rdi
.loc 0 39 12
_kefir_func_fn2_label37:
    addq -56(%rbp), %rdi
.loc 0 39 5
_kefir_func_fn2_label38:
    mov %rdi, %rax
    lea -40(%rbp), %rsp
    pop %r15
    pop %r14
    pop %r13
    pop %r12
    pop %rbx
    pop %rbp
    ret
__kefir_text_func_fn2_end:

fn3:
.loc 0 42 1
__kefir_text_func_fn3_begin:
    push %rbp
    mov %rsp, %rbp
    sub $48, %rsp
    stmxcsr -8(%rbp)
_kefir_func_fn3_label10:
_kefir_func_fn3_label9:
_kefir_func_fn3_label8:
_kefir_func_fn3_label7:
_kefir_func_fn3_label6:
_kefir_func_fn3_label5:
_kefir_func_fn3_label4:
_kefir_func_fn3_label3:
_kefir_func_fn3_label2:
    movq 16(%rbp), %xmm8
_kefir_func_fn3_label11:
    movq 24(%rbp), %xmm9
_kefir_func_fn3_label12:
    movq 32(%rbp), %xmm10
_kefir_func_fn3_label13:
    movq 40(%rbp), %xmm11
_kefir_func_fn3_label14:
    movq 48(%rbp), %xmm12
_kefir_func_fn3_label15:
    movq 56(%rbp), %xmm13
_kefir_func_fn3_label16:
    movq 64(%rbp), %xmm14
_kefir_func_fn3_label17:
    movq 72(%rbp), %xmm15
_kefir_func_fn3_label18:
    movq 80(%rbp), %rax
    movq %rax, -48(%rbp)
    movq 88(%rbp), %rax
    movq %rax, -40(%rbp)
_kefir_func_fn3_label19:
    movq 88(%rbp), %rax
    movq %rax, -32(%rbp)
    movq 96(%rbp), %rax
    movq %rax, -24(%rbp)
.loc 0 44 12
_kefir_func_fn3_label21:
_kefir_func_fn3_label20:
    addsd %xmm1, %xmm0
.loc 0 44 12
_kefir_func_fn3_label22:
    addsd %xmm2, %xmm0
.loc 0 44 12
_kefir_func_fn3_label23:
    addsd %xmm3, %xmm0
.loc 0 44 12
_kefir_func_fn3_label24:
    addsd %xmm4, %xmm0
.loc 0 44 12
_kefir_func_fn3_label25:
    addsd %xmm5, %xmm0
.loc 0 44 12
_kefir_func_fn3_label26:
    addsd %xmm6, %xmm0
.loc 0 44 12
_kefir_func_fn3_label27:
    addsd %xmm7, %xmm0
.loc 0 44 12
_kefir_func_fn3_label28:
    addsd %xmm8, %xmm0
.loc 0 44 12
_kefir_func_fn3_label29:
    addsd %xmm9, %xmm0
.loc 0 44 12
_kefir_func_fn3_label30:
    addsd %xmm10, %xmm0
.loc 0 44 12
_kefir_func_fn3_label31:
    addsd %xmm11, %xmm0
.loc 0 44 12
_kefir_func_fn3_label32:
    addsd %xmm12, %xmm0
.loc 0 44 12
_kefir_func_fn3_label33:
    addsd %xmm13, %xmm0
.loc 0 44 12
_kefir_func_fn3_label34:
    addsd %xmm14, %xmm0
.loc 0 44 12
_kefir_func_fn3_label35:
    addsd %xmm15, %xmm0
.loc 0 44 12
_kefir_func_fn3_label36:
    addsd -48(%rbp), %xmm0
.loc 0 44 12
_kefir_func_fn3_label37:
    addsd -32(%rbp), %xmm0
.loc 0 44 5
_kefir_func_fn3_label38:
    ldmxcsr -8(%rbp)
    lea (%rbp), %rsp
    pop %rbp
    ret
__kefir_text_func_fn3_end:

__kefir_text_section_end:


.section .debug_abbrev
__kefir_debug_abbrev_section_begin:
__kefir_debug_abbrev_section_entry_1:
    .byte 1
    .byte 17
    .byte 1
    .byte 19
    .byte 5
    .byte 37
    .byte 8
    .byte 17
    .byte 1
    .byte 18
    .byte 7
    .byte 16
    .byte 23
    .byte 0
    .byte 0
    .byte 0

.section .debug_info
__kefir_debug_info_section:
    .long __kefir_debug_info_section_end - __kefir_debug_info_section_begin
__kefir_debug_info_section_begin:
    .word 5
    .byte 1
    .byte 8
    .long __kefir_debug_abbrev_section_begin
__kefir_debug_info_section_entry_1:
    .byte 1
    .word 29
    .ascii "Kefir C compiler 0.4.1\000"
    .quad __kefir_text_section_begin
    .quad __kefir_text_section_end - __kefir_text_section_begin
    .long __kefir_debug_lines_section_begin
    .byte 0
    .byte 0
__kefir_debug_info_section_end:

.section .debug_loclists
__kefir_debug_loclists_section:
    .long __kefir_debug_loclists_section_end - __kefir_debug_loclists_section_begin
__kefir_debug_loclists_section_begin:
    .word 5
    .byte 8
    .byte 0
    .long 0
__kefir_debug_loclists_section_end:

.section .debug_line
__kefir_debug_lines_section_begin:
