.att_syntax
.section .note.GNU-stack,"",%progbits

.global a
.type a, @object
.global b
.type b, @object
.global c
.type c, @object
.global d
.type d, @object
.global e
.type e, @object

.section .text
__kefir_text_section_begin:
__kefir_text_section_end:

.section .bss
    .align 8
a:
    .skip 8

    .align 8
b:
    .skip 8

    .align 8
c:
    .skip 8

    .align 16
d:
    .skip 80

    .align 8
e:
    .skip 8

