.att_syntax
.section .note.GNU-stack,"",%progbits

.global int128_clz
.type int128_clz, @function
.global int128_ctz
.type int128_ctz, @function
.global int128_ffs
.type int128_ffs, @function
.global int128_clrsb
.type int128_clrsb, @function
.global int128_popcount
.type int128_popcount, @function
.global int128_parity
.type int128_parity, @function

.section .text
.L__kefir_text_section_begin:
int128_clz:
.L__kefir_text_func_int128_clz_begin:
    push %rbp
    mov %rsp, %rbp
    push %rbx
    push %r12
    sub $64, %rsp
    mov %rdx, %rbx
    mov %rdi, -48(%rbp)
    mov %rsi, -40(%rbp)
    movdqu -48(%rbp), %xmm0
    movdqu %xmm0, -64(%rbp)
    lea -64(%rbp), %rdi
    mov $128, %rsi
    mov $128, %rdx
    call __kefir_bigint_cast_signed
    movl $0, -32(%rbp)
    movl $0, -28(%rbp)
    movl $0, -24(%rbp)
    movl $0, -20(%rbp)
    lea -64(%rbp), %rdi
    lea -32(%rbp), %rsi
    mov $128, %rdx
    call __kefir_bigint_unsigned_compare
    xor %ecx, %ecx
    cmp $0, %al
    mov %rcx, %r12
    sete %r12b
    lea -64(%rbp), %rdi
    mov $128, %rsi
    xor %edx, %edx
    call __kefir_bigint_leading_zeros
    test %r12b, %r12b
    cmovnz %rbx, %rax
    lea -16(%rbp), %rsp
    pop %r12
    pop %rbx
    pop %rbp
    ret
.L__kefir_text_func_int128_clz_end:

int128_ctz:
.L__kefir_text_func_int128_ctz_begin:
    push %rbp
    mov %rsp, %rbp
    push %rbx
    push %r12
    sub $64, %rsp
    mov %rdx, %rbx
    mov %rdi, -48(%rbp)
    mov %rsi, -40(%rbp)
    movdqu -48(%rbp), %xmm0
    movdqu %xmm0, -64(%rbp)
    lea -64(%rbp), %rdi
    mov $128, %rsi
    mov $128, %rdx
    call __kefir_bigint_cast_signed
    movl $0, -32(%rbp)
    movl $0, -28(%rbp)
    movl $0, -24(%rbp)
    movl $0, -20(%rbp)
    lea -64(%rbp), %rdi
    lea -32(%rbp), %rsi
    mov $128, %rdx
    call __kefir_bigint_unsigned_compare
    xor %ecx, %ecx
    cmp $0, %al
    mov %rcx, %r12
    sete %r12b
    lea -64(%rbp), %rdi
    mov $128, %rsi
    xor %edx, %edx
    call __kefir_bigint_trailing_zeros
    test %r12b, %r12b
    cmovnz %rbx, %rax
    lea -16(%rbp), %rsp
    pop %r12
    pop %rbx
    pop %rbp
    ret
.L__kefir_text_func_int128_ctz_end:

int128_ffs:
.L__kefir_text_func_int128_ffs_begin:
    push %rbp
    mov %rsp, %rbp
    sub $48, %rsp
    mov %rdi, -16(%rbp)
    mov %rsi, -8(%rbp)
    movdqu -16(%rbp), %xmm0
    movdqu %xmm0, -32(%rbp)
    lea -32(%rbp), %rdi
    mov $128, %rsi
    mov $128, %rdx
    call __kefir_bigint_cast_signed
    lea -32(%rbp), %rdi
    mov $128, %rsi
    call __kefir_bigint_least_significant_nonzero
    lea (%rbp), %rsp
    pop %rbp
    ret
.L__kefir_text_func_int128_ffs_end:

int128_clrsb:
.L__kefir_text_func_int128_clrsb_begin:
    push %rbp
    mov %rsp, %rbp
    sub $48, %rsp
    mov %rdi, -16(%rbp)
    mov %rsi, -8(%rbp)
    movdqu -16(%rbp), %xmm0
    movdqu %xmm0, -32(%rbp)
    lea -32(%rbp), %rdi
    mov $128, %rsi
    mov $128, %rdx
    call __kefir_bigint_cast_signed
    lea -32(%rbp), %rdi
    mov $128, %rsi
    call __kefir_bigint_redundant_sign_bits
    lea (%rbp), %rsp
    pop %rbp
    ret
.L__kefir_text_func_int128_clrsb_end:

int128_popcount:
.L__kefir_text_func_int128_popcount_begin:
    push %rbp
    mov %rsp, %rbp
    sub $48, %rsp
    mov %rdi, -16(%rbp)
    mov %rsi, -8(%rbp)
    movdqu -16(%rbp), %xmm0
    movdqu %xmm0, -32(%rbp)
    lea -32(%rbp), %rdi
    mov $128, %rsi
    mov $128, %rdx
    call __kefir_bigint_cast_signed
    lea -32(%rbp), %rdi
    mov $128, %rsi
    call __kefir_bigint_nonzero_count
    lea (%rbp), %rsp
    pop %rbp
    ret
.L__kefir_text_func_int128_popcount_end:

int128_parity:
.L__kefir_text_func_int128_parity_begin:
    push %rbp
    mov %rsp, %rbp
    sub $48, %rsp
    mov %rdi, -16(%rbp)
    mov %rsi, -8(%rbp)
    movdqu -16(%rbp), %xmm0
    movdqu %xmm0, -32(%rbp)
    lea -32(%rbp), %rdi
    mov $128, %rsi
    mov $128, %rdx
    call __kefir_bigint_cast_signed
    lea -32(%rbp), %rdi
    mov $128, %rsi
    call __kefir_bigint_parity
    lea (%rbp), %rsp
    pop %rbp
    ret
.L__kefir_text_func_int128_parity_end:

.L__kefir_text_section_end:

.att_syntax
.section .note.GNU-stack,"",%progbits


.section .text
__kefir_bigint_nonzero_count:
.L__kefir_runtime_text_func___kefir_bigint_nonzero_count_begin:
    push %rbp
    mov %rsp, %rbp
    push %rbx
    push %r12
    push %r13
    sub $8, %rsp
    cmp $0, %rsi
    je .L__kefir_runtime_func___kefir_bigint_nonzero_count_label21
    mov %rsi, %rax
    sub $-7, %rax
    xor %edx, %edx
    mov $8, %rcx
    div %rcx
    xor %ecx, %ecx
    xor %edx, %edx
    mov %rcx, %r8
    mov %rdx, %rcx
.L__kefir_runtime_func___kefir_bigint_nonzero_count_label4:
    cmp %rax, %r8
    jb .L__kefir_runtime_func___kefir_bigint_nonzero_count_label20
    mov %rcx, %rax
    lea -24(%rbp), %rsp
    pop %r13
    pop %r12
    pop %rbx
    pop %rbp
    ret
.L__kefir_runtime_func___kefir_bigint_nonzero_count_label20:
    mov %rdi, %rdx
    add %r8, %rdx
    movzxb (%rdx), %rdx
    lea 1(%r8), %r9
    mov %rax, %r10
    sub $1, %r10
    imul $8, %r10, %r10
    mov %rsi, %r11
    sub %r10, %r11
    mov %r11, %r10
    mov $8, %r11
    cmp %rax, %r9
    mov %r11, %r9
    cmovae %r10, %r9
    xor %r10d, %r10d
    mov %rcx, %r11
.L__kefir_runtime_func___kefir_bigint_nonzero_count_label9:
    lea 1(%r8), %rbx
    lea 1(%r10), %r12
    mov %r10, %rcx
    mov %rdx, %r13
    sar %cl, %r13d
    mov %r13, %rcx
    and $1, %ecx
    lea 1(%r11), %r13
    cmp $1, %ecx
    mov %r11, %rcx
    cmove %r13, %rcx
    cmp %r9, %r10
    jb .L__kefir_runtime_func___kefir_bigint_nonzero_count_label16
    mov %rbx, %r8
    mov %r11, %rcx
    jmp .L__kefir_runtime_func___kefir_bigint_nonzero_count_label4
.L__kefir_runtime_func___kefir_bigint_nonzero_count_label16:
    mov %rcx, %r11
    mov %r12, %r10
    jmp .L__kefir_runtime_func___kefir_bigint_nonzero_count_label9
.L__kefir_runtime_func___kefir_bigint_nonzero_count_label21:
    xor %eax, %eax
    lea -24(%rbp), %rsp
    pop %r13
    pop %r12
    pop %rbx
    pop %rbp
    ret
.L__kefir_runtime_text_func___kefir_bigint_nonzero_count_end:

__kefir_bigint_parity:
.L__kefir_runtime_text_func___kefir_bigint_parity_begin:
    push %rbp
    mov %rsp, %rbp
    call __kefir_bigint_nonzero_count
    xor %edx, %edx
    mov $2, %rcx
    div %rcx
    mov %rdx, %rax
    pop %rbp
    ret
.L__kefir_runtime_text_func___kefir_bigint_parity_end:

__kefir_bigint_unsigned_compare:
.L__kefir_runtime_text_func___kefir_bigint_unsigned_compare_begin:
    push %rbx
    push %r12
    mov %rdx, %r8
    mov %r8, %rax
    sub $-7, %rax
    xor %edx, %edx
    mov $8, %rcx
    div %rcx
    mov %rax, %r9
    mov %r9, %r10
.L__kefir_runtime_func___kefir_bigint_unsigned_compare_label2:
    cmp $0, %r10
    ja .L__kefir_runtime_func___kefir_bigint_unsigned_compare_label25
    xor %eax, %eax
    pop %r12
    pop %rbx
    ret
.L__kefir_runtime_func___kefir_bigint_unsigned_compare_label25:
    mov %r10, %rax
    sub $1, %rax
    mov %rdi, %rcx
    add %rax, %rcx
    mov %rcx, %rax
    movzxb (%rax), %r11
    mov %r10, %rax
    sub $1, %rax
    mov %rsi, %rcx
    add %rax, %rcx
    mov %rcx, %rax
    movzxb (%rax), %rbx
    cmp %r9, %r10
    je .L__kefir_runtime_func___kefir_bigint_unsigned_compare_label20
    mov %r11, %rcx
    mov %rbx, %rax
.L__kefir_runtime_func___kefir_bigint_unsigned_compare_label8:
    cmp %eax, %ecx
    ja .L__kefir_runtime_func___kefir_bigint_unsigned_compare_label23
    lea -1(%r10), %rdx
    cmp %eax, %ecx
    jb .L__kefir_runtime_func___kefir_bigint_unsigned_compare_label22
    mov %rdx, %r10
    jmp .L__kefir_runtime_func___kefir_bigint_unsigned_compare_label2
.L__kefir_runtime_func___kefir_bigint_unsigned_compare_label22:
    mov $-1, %rax
    pop %r12
    pop %rbx
    ret
.L__kefir_runtime_func___kefir_bigint_unsigned_compare_label23:
    mov $1, %rax
    pop %r12
    pop %rbx
    ret
.L__kefir_runtime_func___kefir_bigint_unsigned_compare_label20:
    mov %r8, %rcx
    sub $1, %rcx
    mov %r8, %rax
    sub $1, %rax
    xor %edx, %edx
    mov $8, %r12
    div %r12
    imul $8, %rax, %rax
    mov %rcx, %rdx
    sub %rax, %rdx
    lea 1(%rdx), %rax
    mov %eax, %ecx
    mov $1, %rax
    shl %cl, %rax
    sub $1, %rax
    mov %r11, %rcx
    and %eax, %ecx
    mov %rbx, %rdx
    and %eax, %edx
    mov %rdx, %rax
    jmp .L__kefir_runtime_func___kefir_bigint_unsigned_compare_label8
.L__kefir_runtime_text_func___kefir_bigint_unsigned_compare_end:

__kefir_bigint_cast_signed:
.L__kefir_runtime_text_func___kefir_bigint_cast_signed_begin:
    mov %rdx, %rcx
    mov %rcx, %r8
    sub $1, %r8
    mov %r8, %rax
    xor %edx, %edx
    mov $8, %r9
    div %r9
    mov %rax, %r9
    imul $8, %r9, %rax
    mov %r8, %rdx
    sub %rax, %rdx
    mov %rdx, %rax
    cmp %rsi, %rcx
    jbe .L__kefir_runtime_func___kefir_bigint_cast_signed_label46
    cmp $0, %rsi
    je .L__kefir_runtime_func___kefir_bigint_cast_signed_label5
    mov %rsi, %rcx
    sub $1, %rcx
    mov %rcx, %rax
    xor %edx, %edx
    mov $8, %rsi
    div %rsi
    mov %rdi, %rdx
    add %rax, %rdx
    movzxb (%rdx), %rsi
    imul $8, %rax, %r8
    mov %rcx, %r10
    sub %r8, %r10
    mov %r10, %r8
    mov %r8, %rcx
    mov %rsi, %r10
    sar %cl, %r10d
    mov %r10, %rcx
    mov %rcx, %rsi
    and $1, %esi
    lea 1(%r8), %rcx
    cmp $8, %rcx
    jb .L__kefir_runtime_func___kefir_bigint_cast_signed_label45
.L__kefir_runtime_func___kefir_bigint_cast_signed_label9:
    add $1, %rax
.L__kefir_runtime_func___kefir_bigint_cast_signed_label10:
    cmp %r9, %rax
    jbe .L__kefir_runtime_func___kefir_bigint_cast_signed_label50
    xor %eax, %eax
    ret
.L__kefir_runtime_func___kefir_bigint_cast_signed_label50:
    mov %rdi, %rcx
    add %rax, %rcx
    test %esi, %esi
    jnz .L__kefir_runtime_func___kefir_bigint_cast_signed_label54
    movb $0, (%rcx)
.L__kefir_runtime_func___kefir_bigint_cast_signed_label17:
    add $1, %rax
    jmp .L__kefir_runtime_func___kefir_bigint_cast_signed_label10
.L__kefir_runtime_func___kefir_bigint_cast_signed_label54:
    movb $-1, (%rcx)
    jmp .L__kefir_runtime_func___kefir_bigint_cast_signed_label17
.L__kefir_runtime_func___kefir_bigint_cast_signed_label45:
    test %esi, %esi
    jnz .L__kefir_runtime_func___kefir_bigint_cast_signed_label42
    movzxb (%rdx), %r10
    mov $1, %r11
    mov %r8, %rcx
    mov %r11, %r8
    shl %cl, %r8
    mov %r8, %rcx
    sub $1, %rcx
    mov %r10, %r8
    and %ecx, %r8d
    mov %r8, %rcx
    movb %cl, (%rdx)
    jmp .L__kefir_runtime_func___kefir_bigint_cast_signed_label9
.L__kefir_runtime_func___kefir_bigint_cast_signed_label42:
    movzxb (%rdx), %r10
    mov $1, %r11
    mov %r8, %rcx
    mov %r11, %r8
    shl %cl, %r8
    mov %r8, %rcx
    sub $1, %rcx
    not %rcx
    mov %r10, %r8
    or %ecx, %r8d
    mov %r8, %rcx
    movb %cl, (%rdx)
    jmp .L__kefir_runtime_func___kefir_bigint_cast_signed_label9
.L__kefir_runtime_func___kefir_bigint_cast_signed_label5:
    xor %eax, %eax
.L__kefir_runtime_func___kefir_bigint_cast_signed_label27:
    cmp %r9, %rax
    jbe .L__kefir_runtime_func___kefir_bigint_cast_signed_label44
    xor %eax, %eax
    ret
.L__kefir_runtime_func___kefir_bigint_cast_signed_label44:
    mov %rdi, %rcx
    add %rax, %rcx
    movb $0, (%rcx)
    add $1, %rax
    jmp .L__kefir_runtime_func___kefir_bigint_cast_signed_label27
.L__kefir_runtime_func___kefir_bigint_cast_signed_label46:
    mov %rdi, %rdx
    add %r9, %rdx
    movzxb (%rdx), %rsi
    mov %rax, %rcx
    mov %rsi, %rdi
    sar %cl, %edi
    mov %rdi, %rcx
    and $1, %ecx
    jnz .L__kefir_runtime_func___kefir_bigint_cast_signed_label47
    movzxb (%rdx), %rsi
    mov $1, %rdi
    mov %rax, %rcx
    mov %rdi, %rax
    shl %cl, %rax
    sub $1, %rax
    mov %rsi, %rcx
    and %eax, %ecx
    mov %rcx, %rax
    movb %al, (%rdx)
.L__kefir_runtime_func___kefir_bigint_cast_signed_label36:
    xor %eax, %eax
    ret
.L__kefir_runtime_func___kefir_bigint_cast_signed_label47:
    movzxb (%rdx), %rsi
    mov $1, %rdi
    mov %rax, %rcx
    mov %rdi, %rax
    shl %cl, %rax
    sub $1, %rax
    not %rax
    mov %rsi, %rcx
    or %eax, %ecx
    mov %rcx, %rax
    movb %al, (%rdx)
    jmp .L__kefir_runtime_func___kefir_bigint_cast_signed_label36
.L__kefir_runtime_text_func___kefir_bigint_cast_signed_end:

__kefir_bigint_least_significant_nonzero:
.L__kefir_runtime_text_func___kefir_bigint_least_significant_nonzero_begin:
    push %rbx
    push %r12
    cmp $0, %rsi
    je .L__kefir_runtime_func___kefir_bigint_least_significant_nonzero_label23
    mov %rsi, %rax
    sub $-7, %rax
    xor %edx, %edx
    mov $8, %rcx
    div %rcx
    xor %ecx, %ecx
    mov %rcx, %rdx
.L__kefir_runtime_func___kefir_bigint_least_significant_nonzero_label4:
    cmp %rax, %rdx
    jb .L__kefir_runtime_func___kefir_bigint_least_significant_nonzero_label27
    xor %eax, %eax
    pop %r12
    pop %rbx
    ret
.L__kefir_runtime_func___kefir_bigint_least_significant_nonzero_label27:
    mov %rdi, %rcx
    add %rdx, %rcx
    movb (%rcx), %r8b
    lea 1(%rdx), %rcx
    mov %rax, %r9
    sub $1, %r9
    imul $8, %r9, %r9
    mov %rsi, %r10
    sub %r9, %r10
    mov %r10, %r9
    mov $8, %r10
    cmp %rax, %rcx
    mov %r10, %rcx
    cmovae %r9, %rcx
    mov %rcx, %r9
    movzx %r8b, %rcx
    cmp $0, %ecx
    je .L__kefir_runtime_func___kefir_bigint_least_significant_nonzero_label12
    xor %ecx, %ecx
    mov %rcx, %r10
.L__kefir_runtime_func___kefir_bigint_least_significant_nonzero_label10:
    cmp %r9, %r10
    jb .L__kefir_runtime_func___kefir_bigint_least_significant_nonzero_label25
.L__kefir_runtime_func___kefir_bigint_least_significant_nonzero_label12:
    lea 1(%rdx), %rcx
    mov %rcx, %rdx
    jmp .L__kefir_runtime_func___kefir_bigint_least_significant_nonzero_label4
.L__kefir_runtime_func___kefir_bigint_least_significant_nonzero_label25:
    lea 1(%r10), %r11
    movzx %r8b, %rbx
    mov %r10, %rcx
    mov %rbx, %r12
    sar %cl, %r12d
    mov %r12, %rcx
    and $1, %ecx
    cmp $1, %ecx
    je .L__kefir_runtime_func___kefir_bigint_least_significant_nonzero_label29
    mov %r11, %r10
    jmp .L__kefir_runtime_func___kefir_bigint_least_significant_nonzero_label10
.L__kefir_runtime_func___kefir_bigint_least_significant_nonzero_label29:
    imul $8, %rdx, %rax
    add %r10, %rax
    add $1, %rax
    pop %r12
    pop %rbx
    ret
    jmp .L__kefir_runtime_func___kefir_bigint_least_significant_nonzero_label12
.L__kefir_runtime_func___kefir_bigint_least_significant_nonzero_label23:
    xor %eax, %eax
    pop %r12
    pop %rbx
    ret
.L__kefir_runtime_text_func___kefir_bigint_least_significant_nonzero_end:

__kefir_bigint_trailing_zeros:
.L__kefir_runtime_text_func___kefir_bigint_trailing_zeros_begin:
    push %rbx
    push %r12
    push %r13
    push %r14
    mov %rdx, %r8
    cmp $0, %rsi
    je .L__kefir_runtime_func___kefir_bigint_trailing_zeros_label26
    mov %rsi, %rax
    sub $-7, %rax
    xor %edx, %edx
    mov $8, %rcx
    div %rcx
    xor %ecx, %ecx
    xor %edx, %edx
    mov %rcx, %r9
.L__kefir_runtime_func___kefir_bigint_trailing_zeros_label4:
    cmp %rax, %r9
    jb .L__kefir_runtime_func___kefir_bigint_trailing_zeros_label27
    mov %r8, %rax
    pop %r14
    pop %r13
    pop %r12
    pop %rbx
    ret
.L__kefir_runtime_func___kefir_bigint_trailing_zeros_label27:
    mov %rdi, %rcx
    add %r9, %rcx
    movb (%rcx), %r10b
    lea 1(%r9), %rcx
    mov %rax, %r11
    sub $1, %r11
    imul $8, %r11, %r11
    mov %rsi, %rbx
    sub %r11, %rbx
    mov %rbx, %r11
    mov $8, %rbx
    cmp %rax, %rcx
    mov %rbx, %rcx
    cmovae %r11, %rcx
    mov %rcx, %r11
    lea 8(%rdx), %rcx
    movzx %r10b, %rbx
    cmp $0, %ebx
    je .L__kefir_runtime_func___kefir_bigint_trailing_zeros_label14
    xor %ecx, %ecx
.L__kefir_runtime_func___kefir_bigint_trailing_zeros_label12:
    cmp %r11, %rcx
    jb .L__kefir_runtime_func___kefir_bigint_trailing_zeros_label28
    mov %rdx, %rcx
.L__kefir_runtime_func___kefir_bigint_trailing_zeros_label14:
    add $1, %r9
    mov %rcx, %rdx
    jmp .L__kefir_runtime_func___kefir_bigint_trailing_zeros_label4
.L__kefir_runtime_func___kefir_bigint_trailing_zeros_label28:
    lea 1(%rcx), %rbx
    lea 1(%rdx), %r12
    movzx %r10b, %r13
    mov %r13, %r14
    sar %cl, %r14d
    mov %r14, %rcx
    and $1, %ecx
    cmp $1, %ecx
    je .L__kefir_runtime_func___kefir_bigint_trailing_zeros_label29
    mov %r12, %rdx
    mov %rbx, %rcx
    jmp .L__kefir_runtime_func___kefir_bigint_trailing_zeros_label12
.L__kefir_runtime_func___kefir_bigint_trailing_zeros_label29:
    mov %rdx, %rax
    pop %r14
    pop %r13
    pop %r12
    pop %rbx
    ret
    jmp .L__kefir_runtime_func___kefir_bigint_trailing_zeros_label14
.L__kefir_runtime_func___kefir_bigint_trailing_zeros_label26:
    mov %r8, %rax
    pop %r14
    pop %r13
    pop %r12
    pop %rbx
    ret
.L__kefir_runtime_text_func___kefir_bigint_trailing_zeros_end:

__kefir_bigint_leading_zeros:
.L__kefir_runtime_text_func___kefir_bigint_leading_zeros_begin:
    push %rbp
    mov %rsp, %rbp
    push %rbx
    push %r12
    push %r13
    sub $8, %rsp
    mov %rdx, %r8
    cmp $0, %rsi
    je .L__kefir_runtime_func___kefir_bigint_leading_zeros_label20
    mov %rsi, %rax
    sub $-7, %rax
    xor %edx, %edx
    mov $8, %rcx
    div %rcx
    xor %ecx, %ecx
    xor %edx, %edx
    mov %rcx, %r9
.L__kefir_runtime_func___kefir_bigint_leading_zeros_label4:
    cmp %rax, %r9
    jb .L__kefir_runtime_func___kefir_bigint_leading_zeros_label24
    mov %r8, %rax
    lea -24(%rbp), %rsp
    pop %r13
    pop %r12
    pop %rbx
    pop %rbp
    ret
.L__kefir_runtime_func___kefir_bigint_leading_zeros_label24:
    mov %rax, %rcx
    sub %r9, %rcx
    sub $1, %rcx
    mov %rdi, %r10
    add %rcx, %r10
    mov %r10, %rcx
    movzxb (%rcx), %r10
    mov %rax, %rcx
    sub $1, %rcx
    imul $8, %rcx, %rcx
    mov %rsi, %r11
    sub %rcx, %r11
    mov %r11, %rcx
    mov $8, %r11
    cmp $0, %r9
    cmovbe %rcx, %r11
    xor %ecx, %ecx
.L__kefir_runtime_func___kefir_bigint_leading_zeros_label9:
    lea 1(%r9), %rbx
    cmp %r11, %rcx
    jb .L__kefir_runtime_func___kefir_bigint_leading_zeros_label22
    mov %rbx, %r9
    jmp .L__kefir_runtime_func___kefir_bigint_leading_zeros_label4
.L__kefir_runtime_func___kefir_bigint_leading_zeros_label22:
    lea 1(%rcx), %rbx
    lea 1(%rdx), %r12
    mov %r11, %r13
    sub %rcx, %r13
    mov %r13, %rcx
    sub $1, %rcx
    mov %r10, %r13
    sar %cl, %r13d
    mov %r13, %rcx
    and $1, %ecx
    cmp $1, %ecx
    je .L__kefir_runtime_func___kefir_bigint_leading_zeros_label21
    mov %rbx, %rcx
    mov %r12, %rdx
    jmp .L__kefir_runtime_func___kefir_bigint_leading_zeros_label9
.L__kefir_runtime_func___kefir_bigint_leading_zeros_label21:
    mov %rdx, %rax
    lea -24(%rbp), %rsp
    pop %r13
    pop %r12
    pop %rbx
    pop %rbp
    ret
.L__kefir_runtime_func___kefir_bigint_leading_zeros_label20:
    mov %r8, %rax
    lea -24(%rbp), %rsp
    pop %r13
    pop %r12
    pop %rbx
    pop %rbp
    ret
.L__kefir_runtime_text_func___kefir_bigint_leading_zeros_end:

__kefir_bigint_redundant_sign_bits:
.L__kefir_runtime_text_func___kefir_bigint_redundant_sign_bits_begin:
    push %rbp
    mov %rsp, %rbp
    push %rbx
    push %r12
    push %r13
    sub $8, %rsp
    cmp $0, %rsi
    je .L__kefir_runtime_func___kefir_bigint_redundant_sign_bits_label21
    mov %rsi, %rax
    sub $-7, %rax
    xor %edx, %edx
    mov $8, %rcx
    div %rcx
    mov %rax, %rcx
    sub $1, %rcx
    mov %rdi, %rdx
    add %rcx, %rdx
    movzxb (%rdx), %rdx
    mov %rsi, %r8
    sub $1, %r8
    imul $8, %rcx, %rcx
    mov %r8, %r9
    sub %rcx, %r9
    mov %r9, %rcx
    mov %rdx, %r8
    sar %cl, %r8d
    mov %r8, %rcx
    mov %rcx, %rdx
    and $1, %edx
    xor %ecx, %ecx
    xor %r8d, %r8d
    mov %rcx, %r9
.L__kefir_runtime_func___kefir_bigint_redundant_sign_bits_label4:
    cmp %rax, %r9
    jb .L__kefir_runtime_func___kefir_bigint_redundant_sign_bits_label24
    mov %r8, %rax
    sub $1, %rax
    lea -24(%rbp), %rsp
    pop %r13
    pop %r12
    pop %rbx
    pop %rbp
    ret
.L__kefir_runtime_func___kefir_bigint_redundant_sign_bits_label24:
    mov %rax, %rcx
    sub %r9, %rcx
    sub $1, %rcx
    mov %rdi, %r10
    add %rcx, %r10
    mov %r10, %rcx
    movzxb (%rcx), %r10
    mov %rax, %rcx
    sub $1, %rcx
    imul $8, %rcx, %rcx
    mov %rsi, %r11
    sub %rcx, %r11
    mov %r11, %rcx
    mov $8, %r11
    cmp $0, %r9
    cmovbe %rcx, %r11
    xor %ecx, %ecx
.L__kefir_runtime_func___kefir_bigint_redundant_sign_bits_label9:
    lea 1(%r9), %rbx
    cmp %r11, %rcx
    jb .L__kefir_runtime_func___kefir_bigint_redundant_sign_bits_label22
    mov %rbx, %r9
    jmp .L__kefir_runtime_func___kefir_bigint_redundant_sign_bits_label4
.L__kefir_runtime_func___kefir_bigint_redundant_sign_bits_label22:
    lea 1(%rcx), %rbx
    lea 1(%r8), %r12
    mov %r11, %r13
    sub %rcx, %r13
    mov %r13, %rcx
    sub $1, %rcx
    mov %r10, %r13
    sar %cl, %r13d
    mov %r13, %rcx
    and $1, %ecx
    cmp %edx, %ecx
    je .L__kefir_runtime_func___kefir_bigint_redundant_sign_bits_label28
    mov %r8, %rax
    sub $1, %rax
    lea -24(%rbp), %rsp
    pop %r13
    pop %r12
    pop %rbx
    pop %rbp
    ret
.L__kefir_runtime_func___kefir_bigint_redundant_sign_bits_label28:
    mov %rbx, %rcx
    mov %r12, %r8
    jmp .L__kefir_runtime_func___kefir_bigint_redundant_sign_bits_label9
.L__kefir_runtime_func___kefir_bigint_redundant_sign_bits_label21:
    xor %eax, %eax
    lea -24(%rbp), %rsp
    pop %r13
    pop %r12
    pop %rbx
    pop %rbp
    ret
.L__kefir_runtime_text_func___kefir_bigint_redundant_sign_bits_end:


