.att_syntax
.section .note.GNU-stack,"",%progbits

.global get
.type get, @function
.global get2
.type get2, @function
.global get3
.type get3, @function
.global get4
.type get4, @function
.global get5
.type get5, @function
.global get6
.type get6, @function
.global get7
.type get7, @function
.global get8
.type get8, @function
.global get9
.type get9, @function
.global get10
.type get10, @function

.section .text
__kefir_text_section_begin:
get:
__kefir_text_func_get_begin:
    push %rbp
    mov %rsp, %rbp
    sub $64, %rsp
    fstcw -8(%rbp)
    fldt 32(%rbp)
    fldt 16(%rbp)
    fstpt -64(%rbp)
    fstpt -48(%rbp)
    test %rdi, %rdi
    jnz _kefir_func_get_label2
    movq -64(%rbp), %rdi
    movq %rdi, -32(%rbp)
    movq -56(%rbp), %rdi
    movq %rdi, -24(%rbp)
_kefir_func_get_label1:
    fldt -32(%rbp)
    fldcw -8(%rbp)
    lea (%rbp), %rsp
    pop %rbp
    ret
_kefir_func_get_label2:
    cmp $1, %rsi
    je _kefir_func_get_label3
    movq -48(%rbp), %rsi
    movq %rsi, -64(%rbp)
    movq -40(%rbp), %rsi
    movq %rsi, -56(%rbp)
_kefir_func_get_label3:
    movq -64(%rbp), %rsi
    movq %rsi, -32(%rbp)
    movq -56(%rbp), %rsi
    movq %rsi, -24(%rbp)
    jmp _kefir_func_get_label1
__kefir_text_func_get_end:

get2:
__kefir_text_func_get2_begin:
    push %rbp
    mov %rsp, %rbp
    sub $64, %rsp
    fstcw -8(%rbp)
    fldt 32(%rbp)
    fldt 16(%rbp)
    fstpt -64(%rbp)
    fstpt -48(%rbp)
    test %rdi, %rdi
    jnz _kefir_func_get2_label2
    movq -64(%rbp), %rdi
    movq %rdi, -32(%rbp)
    movq -56(%rbp), %rdi
    movq %rdi, -24(%rbp)
_kefir_func_get2_label1:
    fldt -32(%rbp)
    fldcw -8(%rbp)
    lea (%rbp), %rsp
    pop %rbp
    ret
_kefir_func_get2_label2:
    cmp $2, %rsi
    jne _kefir_func_get2_label3
    movq -48(%rbp), %rsi
    movq %rsi, -64(%rbp)
    movq -40(%rbp), %rsi
    movq %rsi, -56(%rbp)
_kefir_func_get2_label3:
    movq -64(%rbp), %rsi
    movq %rsi, -32(%rbp)
    movq -56(%rbp), %rsi
    movq %rsi, -24(%rbp)
    jmp _kefir_func_get2_label1
__kefir_text_func_get2_end:

get3:
__kefir_text_func_get3_begin:
    push %rbp
    mov %rsp, %rbp
    sub $64, %rsp
    fstcw -8(%rbp)
    fldt 32(%rbp)
    fldt 16(%rbp)
    fstpt -64(%rbp)
    fstpt -48(%rbp)
    test %rdi, %rdi
    jnz _kefir_func_get3_label2
    movq -64(%rbp), %rdi
    movq %rdi, -32(%rbp)
    movq -56(%rbp), %rdi
    movq %rdi, -24(%rbp)
_kefir_func_get3_label1:
    fldt -32(%rbp)
    fldcw -8(%rbp)
    lea (%rbp), %rsp
    pop %rbp
    ret
_kefir_func_get3_label2:
    cmp $3, %rsi
    jg _kefir_func_get3_label3
    movq -48(%rbp), %rsi
    movq %rsi, -64(%rbp)
    movq -40(%rbp), %rsi
    movq %rsi, -56(%rbp)
_kefir_func_get3_label3:
    movq -64(%rbp), %rsi
    movq %rsi, -32(%rbp)
    movq -56(%rbp), %rsi
    movq %rsi, -24(%rbp)
    jmp _kefir_func_get3_label1
__kefir_text_func_get3_end:

get4:
__kefir_text_func_get4_begin:
    push %rbp
    mov %rsp, %rbp
    sub $64, %rsp
    fstcw -8(%rbp)
    fldt 32(%rbp)
    fldt 16(%rbp)
    fstpt -64(%rbp)
    fstpt -48(%rbp)
    test %rdi, %rdi
    jnz _kefir_func_get4_label2
    movq -64(%rbp), %rdi
    movq %rdi, -32(%rbp)
    movq -56(%rbp), %rdi
    movq %rdi, -24(%rbp)
_kefir_func_get4_label1:
    fldt -32(%rbp)
    fldcw -8(%rbp)
    lea (%rbp), %rsp
    pop %rbp
    ret
_kefir_func_get4_label2:
    cmp $4, %rsi
    jge _kefir_func_get4_label3
    movq -48(%rbp), %rsi
    movq %rsi, -64(%rbp)
    movq -40(%rbp), %rsi
    movq %rsi, -56(%rbp)
_kefir_func_get4_label3:
    movq -64(%rbp), %rsi
    movq %rsi, -32(%rbp)
    movq -56(%rbp), %rsi
    movq %rsi, -24(%rbp)
    jmp _kefir_func_get4_label1
__kefir_text_func_get4_end:

get5:
__kefir_text_func_get5_begin:
    push %rbp
    mov %rsp, %rbp
    sub $64, %rsp
    fstcw -8(%rbp)
    fldt 32(%rbp)
    fldt 16(%rbp)
    fstpt -64(%rbp)
    fstpt -48(%rbp)
    test %rdi, %rdi
    jnz _kefir_func_get5_label2
    movq -64(%rbp), %rdi
    movq %rdi, -32(%rbp)
    movq -56(%rbp), %rdi
    movq %rdi, -24(%rbp)
_kefir_func_get5_label1:
    fldt -32(%rbp)
    fldcw -8(%rbp)
    lea (%rbp), %rsp
    pop %rbp
    ret
_kefir_func_get5_label2:
    cmp $-3, %rsi
    jl _kefir_func_get5_label3
    movq -48(%rbp), %rsi
    movq %rsi, -64(%rbp)
    movq -40(%rbp), %rsi
    movq %rsi, -56(%rbp)
_kefir_func_get5_label3:
    movq -64(%rbp), %rsi
    movq %rsi, -32(%rbp)
    movq -56(%rbp), %rsi
    movq %rsi, -24(%rbp)
    jmp _kefir_func_get5_label1
__kefir_text_func_get5_end:

get6:
__kefir_text_func_get6_begin:
    push %rbp
    mov %rsp, %rbp
    sub $64, %rsp
    fstcw -8(%rbp)
    fldt 32(%rbp)
    fldt 16(%rbp)
    fstpt -64(%rbp)
    fstpt -48(%rbp)
    test %rdi, %rdi
    jnz _kefir_func_get6_label2
    movq -64(%rbp), %rdi
    movq %rdi, -32(%rbp)
    movq -56(%rbp), %rdi
    movq %rdi, -24(%rbp)
_kefir_func_get6_label1:
    fldt -32(%rbp)
    fldcw -8(%rbp)
    lea (%rbp), %rsp
    pop %rbp
    ret
_kefir_func_get6_label2:
    cmp $-4, %rsi
    jle _kefir_func_get6_label3
    movq -48(%rbp), %rsi
    movq %rsi, -64(%rbp)
    movq -40(%rbp), %rsi
    movq %rsi, -56(%rbp)
_kefir_func_get6_label3:
    movq -64(%rbp), %rsi
    movq %rsi, -32(%rbp)
    movq -56(%rbp), %rsi
    movq %rsi, -24(%rbp)
    jmp _kefir_func_get6_label1
__kefir_text_func_get6_end:

get7:
__kefir_text_func_get7_begin:
    push %rbp
    mov %rsp, %rbp
    sub $64, %rsp
    fstcw -8(%rbp)
    fldt 32(%rbp)
    fldt 16(%rbp)
    fstpt -64(%rbp)
    fstpt -48(%rbp)
    test %rdi, %rdi
    jnz _kefir_func_get7_label2
    movq -64(%rbp), %rdi
    movq %rdi, -32(%rbp)
    movq -56(%rbp), %rdi
    movq %rdi, -24(%rbp)
_kefir_func_get7_label1:
    fldt -32(%rbp)
    fldcw -8(%rbp)
    lea (%rbp), %rsp
    pop %rbp
    ret
_kefir_func_get7_label2:
    cmp $30, %rsi
    ja _kefir_func_get7_label3
    movq -48(%rbp), %rsi
    movq %rsi, -64(%rbp)
    movq -40(%rbp), %rsi
    movq %rsi, -56(%rbp)
_kefir_func_get7_label3:
    movq -64(%rbp), %rsi
    movq %rsi, -32(%rbp)
    movq -56(%rbp), %rsi
    movq %rsi, -24(%rbp)
    jmp _kefir_func_get7_label1
__kefir_text_func_get7_end:

get8:
__kefir_text_func_get8_begin:
    push %rbp
    mov %rsp, %rbp
    sub $64, %rsp
    fstcw -8(%rbp)
    fldt 32(%rbp)
    fldt 16(%rbp)
    fstpt -64(%rbp)
    fstpt -48(%rbp)
    test %rdi, %rdi
    jnz _kefir_func_get8_label2
    movq -64(%rbp), %rdi
    movq %rdi, -32(%rbp)
    movq -56(%rbp), %rdi
    movq %rdi, -24(%rbp)
_kefir_func_get8_label1:
    fldt -32(%rbp)
    fldcw -8(%rbp)
    lea (%rbp), %rsp
    pop %rbp
    ret
_kefir_func_get8_label2:
    cmp $40, %rsi
    jae _kefir_func_get8_label3
    movq -48(%rbp), %rsi
    movq %rsi, -64(%rbp)
    movq -40(%rbp), %rsi
    movq %rsi, -56(%rbp)
_kefir_func_get8_label3:
    movq -64(%rbp), %rsi
    movq %rsi, -32(%rbp)
    movq -56(%rbp), %rsi
    movq %rsi, -24(%rbp)
    jmp _kefir_func_get8_label1
__kefir_text_func_get8_end:

get9:
__kefir_text_func_get9_begin:
    push %rbp
    mov %rsp, %rbp
    sub $64, %rsp
    fstcw -8(%rbp)
    fldt 32(%rbp)
    fldt 16(%rbp)
    fstpt -64(%rbp)
    fstpt -48(%rbp)
    test %rdi, %rdi
    jnz _kefir_func_get9_label2
    movq -64(%rbp), %rdi
    movq %rdi, -32(%rbp)
    movq -56(%rbp), %rdi
    movq %rdi, -24(%rbp)
_kefir_func_get9_label1:
    fldt -32(%rbp)
    fldcw -8(%rbp)
    lea (%rbp), %rsp
    pop %rbp
    ret
_kefir_func_get9_label2:
    cmp $100, %rsi
    jb _kefir_func_get9_label3
    movq -48(%rbp), %rsi
    movq %rsi, -64(%rbp)
    movq -40(%rbp), %rsi
    movq %rsi, -56(%rbp)
_kefir_func_get9_label3:
    movq -64(%rbp), %rsi
    movq %rsi, -32(%rbp)
    movq -56(%rbp), %rsi
    movq %rsi, -24(%rbp)
    jmp _kefir_func_get9_label1
__kefir_text_func_get9_end:

get10:
__kefir_text_func_get10_begin:
    push %rbp
    mov %rsp, %rbp
    sub $64, %rsp
    fstcw -8(%rbp)
    fldt 32(%rbp)
    fldt 16(%rbp)
    fstpt -64(%rbp)
    fstpt -48(%rbp)
    test %rdi, %rdi
    jnz _kefir_func_get10_label2
    movq -64(%rbp), %rdi
    movq %rdi, -32(%rbp)
    movq -56(%rbp), %rdi
    movq %rdi, -24(%rbp)
_kefir_func_get10_label1:
    fldt -32(%rbp)
    fldcw -8(%rbp)
    lea (%rbp), %rsp
    pop %rbp
    ret
_kefir_func_get10_label2:
    cmp $200, %rsi
    jbe _kefir_func_get10_label3
    movq -48(%rbp), %rsi
    movq %rsi, -64(%rbp)
    movq -40(%rbp), %rsi
    movq %rsi, -56(%rbp)
_kefir_func_get10_label3:
    movq -64(%rbp), %rsi
    movq %rsi, -32(%rbp)
    movq -56(%rbp), %rsi
    movq %rsi, -24(%rbp)
    jmp _kefir_func_get10_label1
__kefir_text_func_get10_end:

__kefir_text_section_end:

