.att_syntax
.section .note.GNU-stack,"",%progbits

.global test
.type test, @function
.global test2
.type test2, @function

.section .text
.L__kefir_text_section_begin:
test:
.L__kefir_text_func_test_begin:
    push %rbp
    mov %rsp, %rbp
    movsx %edi, %rax
    mov %rax, %r10
    sar $63, %r10
    sub $32, %rsp
    mov $7, %rdi
    xor %esi, %esi
    xor %edx, %edx
    xor %ecx, %ecx
    xor %r8d, %r8d
    xor %r9d, %r9d
    movl $0, (%rsp)
    movl $0, 8(%rsp)
    movq %rax, 16(%rsp)
    movq %r10, 24(%rsp)
    xor %eax, %eax
    call testx
    add $32, %rsp
    pop %rbp
    ret
.L__kefir_text_func_test_end:

test2:
.L__kefir_text_func_test2_begin:
    push %rbp
    mov %rsp, %rbp
    movsx %edi, %rax
    mov %rax, %r10
    sar $63, %r10
    sub $32, %rsp
    mov $6, %rdi
    xor %esi, %esi
    xor %edx, %edx
    xor %ecx, %ecx
    xor %r8d, %r8d
    xor %r9d, %r9d
    movl $0, (%rsp)
    movl $0, 8(%rsp)
    movq %rax, 16(%rsp)
    movq %r10, 24(%rsp)
    xor %eax, %eax
    call testx
    add $32, %rsp
    pop %rbp
    ret
.L__kefir_text_func_test2_end:

testx:
.L__kefir_text_func_testx_begin:
    push %rbp
    mov %rsp, %rbp
    sub $208, %rsp
    test %al, %al
    je .L__kefir_func_testx_label2
    movdqu %xmm0, -160(%rbp)
    movdqu %xmm1, -144(%rbp)
    movdqu %xmm2, -128(%rbp)
    movdqu %xmm3, -112(%rbp)
    movdqu %xmm4, -96(%rbp)
    movdqu %xmm5, -80(%rbp)
    movdqu %xmm6, -64(%rbp)
    movdqu %xmm7, -48(%rbp)
.L__kefir_func_testx_label2:
    mov %rdi, -208(%rbp)
    mov %rsi, -200(%rbp)
    mov %rdx, -192(%rbp)
    mov %rcx, -184(%rbp)
    mov %r8, -176(%rbp)
    mov %r9, -168(%rbp)
    movl $8, -32(%rbp)
    movl $48, -28(%rbp)
    lea 16(%rbp), %rax
    movq %rax, -24(%rbp)
    lea -208(%rbp), %rax
    movq %rax, -16(%rbp)
.L__kefir_func_testx_label4:
    mov %rdi, %rax
    add $-1, %eax
    test %edi, %edi
    jnz .L__kefir_func_testx_label19
    movl -32(%rbp), %eax
    add $16, %rax
    cmp $48, %rax
    ja .L__kefir_func_testx_label8
    movq -16(%rbp), %rax
    movl -32(%rbp), %ecx
    add %rcx, %rax
    movq (%rax), %rcx
    mov %rcx, %rcx
    movq 8(%rax), %rax
    mov %rax, %rdx
    addl $16, -32(%rbp)
    mov %rcx, %rax
.L__kefir_func_testx_label9:
    lea (%rbp), %rsp
    pop %rbp
    ret
.L__kefir_func_testx_label8:
    movq -24(%rbp), %rax
    add $15, %rax
    mov %rax, %rcx
    and $-16, %rcx
    lea 16(%rcx), %rax
    movq %rax, -24(%rbp)
    movq (%rcx), %rax
    mov %rax, %rax
    movq 8(%rcx), %rcx
    mov %rcx, %rdx
    jmp .L__kefir_func_testx_label9
.L__kefir_func_testx_label19:
    movl -32(%rbp), %ecx
    cmp $48, %ecx
    jae .L__kefir_func_testx_label13
    lea 8(%rcx), %rcx
    movl %ecx, -32(%rbp)
    add -16(%rbp), %rcx
    mov %eax, %edi
    jmp .L__kefir_func_testx_label4
.L__kefir_func_testx_label13:
    mov -24(%rbp), %rcx
    lea 8(%rcx), %rcx
    mov %rcx, -24(%rbp)
    mov %eax, %edi
    jmp .L__kefir_func_testx_label4
.L__kefir_text_func_testx_end:

.L__kefir_text_section_end:

