.att_syntax
.section .note.GNU-stack,"",%progbits

.global x
.type x, @object

.section .text
__kefir_text_section_begin:
__kefir_text_section_end:

.section .data
    .align 8
x:
    .byte 1
    .byte 0
    .byte 0
    .byte 0
    .byte 0
    .byte 0
    .byte 0
    .byte 0
    .byte 0
    .byte 0
    .byte 0
    .byte 0
    .byte 144
    .byte 3
    .byte 0
    .byte 0
    .byte 0
    .zero 7

