.att_syntax
.section .note.GNU-stack,"",%progbits

.global test
.type test, @function
.global test2
.type test2, @function
.global test3
.type test3, @function
.global test4
.type test4, @function
.global test5
.type test5, @function
.global test6
.type test6, @function
.global test7
.type test7, @function
.global test8
.type test8, @function
.global test9
.type test9, @function
.extern somefn
.global test10
.type test10, @function
.global test11
.type test11, @function
.global test12
.type test12, @function
.global test13
.type test13, @function
.global test14
.type test14, @function
.extern somejmp
.extern someptr
.extern somejmp2
.extern someothervar

.section .text
.L__kefir_text_section_begin:
test:
.L__kefir_text_func_test_begin:
    push %rbp
    mov %rsp, %rbp
    sub $16, %rsp
    movl %edi, -4(%rbp)
    movq someptr@GOTPCREL(%rip), %rax
    lea -4(%rbp), %rcx
    movq %rcx, (%rax)
    movl -4(%rbp), %edi
    add $1, %edi
    call test
    lea (%rbp), %rsp
    pop %rbp
    ret
.L__kefir_text_func_test_end:

test2:
.L__kefir_text_func_test2_begin:
    add $1, %edi
    jmp test2
.L__kefir_text_func_test2_end:

test3:
.L__kefir_text_func_test3_begin:
    push %rbp
    mov %rsp, %rbp
    sub $16, %rsp
    movl %edi, -4(%rbp)
    leaq -4(%rbp), %rdi
    call somefn@PLT
    movl -4(%rbp), %edi
    add $1, %edi
    call test3
    lea (%rbp), %rsp
    pop %rbp
    ret
.L__kefir_text_func_test3_end:

test4:
.L__kefir_text_func_test4_begin:
    push %rbp
    mov %rsp, %rbp
    push %rbx
    push %r12
    sub $16, %rsp
    movl %edi, -20(%rbp)
    movq someothervar@GOTPCREL(%rip), %rbx
    movq someothervar@GOTPCREL(%rip), %rcx
    leaq -20(%rbp), %rax
    sub %rcx, %rax
    cqo
    mov $4, %rcx
    idiv %rcx
    mov %rax, %r12
.L__kefir_func_test4_label2:
    movl (%rbx), %eax
    movsx %eax, %rcx
    add %r12, %rcx
    mov %rbx, %rdx
    lock     cmpxchgl %ecx, (%rdx)
    sete %cl
    test %cl, %cl
    jz .L__kefir_func_test4_label2
    jmp .L__kefir_func_test4_label4
.L__kefir_func_test4_label4:
    movl -20(%rbp), %edi
    add $1, %edi
    call test4
    lea -16(%rbp), %rsp
    pop %r12
    pop %rbx
    pop %rbp
    ret
.L__kefir_text_func_test4_end:

test5:
.L__kefir_text_func_test5_begin:
    push %rbp
    mov %rsp, %rbp
    sub $16, %rsp
    movl %edi, -4(%rbp)
    leaq -4(%rbp), %rax

    movl -4(%rbp), %edi
    add $1, %edi
    call test5
    lea (%rbp), %rsp
    pop %rbp
    ret
.L__kefir_text_func_test5_end:

test6:
.L__kefir_text_func_test6_begin:
    push %rbp
    mov %rsp, %rbp
    mov %rdi, %rax

    add $1, %edi
    pop %rbp
    jmp test5
.L__kefir_text_func_test6_end:

test7:
.L__kefir_text_func_test7_begin:
    push %rbp
    mov %rsp, %rbp
    sub $16, %rsp
    movl %edi, -4(%rbp)
    movl -4(%rbp), %eax
    leaq -4(%rbp), %rdi
    xor %ecx, %ecx
    cmp $0, %eax
    cmovle %rcx, %rdi
    call somefn@PLT
    movl -4(%rbp), %edi
    add $1, %edi
    call test7
    lea (%rbp), %rsp
    pop %rbp
    ret
.L__kefir_text_func_test7_end:

test8:
.L__kefir_text_func_test8_begin:
    push %rbp
    mov %rsp, %rbp
    push %rbx
    sub $8, %rsp
    mov %rdi, %rbx
    xor %eax, %eax
    cmp $0, %ebx
    mov %rbx, %rdi
    cmovle %rax, %rdi
    movsx %edi, %rdi
    call somefn@PLT
    mov %rbx, %rdi
    add $1, %edi
    lea -8(%rbp), %rsp
    pop %rbx
    pop %rbp
    jmp test8
.L__kefir_text_func_test8_end:

test9:
.L__kefir_text_func_test9_begin:
    push %rbp
    mov %rsp, %rbp
    push %rbx
    sub $8, %rsp
    mov %rdi, %rbx
    call somejmp@PLT
    mov %rbx, %rdi
    add $1, %edi
    call test9
    lea -8(%rbp), %rsp
    pop %rbx
    pop %rbp
    ret
.L__kefir_text_func_test9_end:

test10:
.L__kefir_text_func_test10_begin:
    push %rbp
    mov %rsp, %rbp
    push %rbx
    sub $8, %rsp
    mov %rdi, %rbx
    call somejmp2@PLT
    mov %rbx, %rdi
    add $1, %edi
    lea -8(%rbp), %rsp
    pop %rbx
    pop %rbp
    jmp test10
.L__kefir_text_func_test10_end:

test11:
.L__kefir_text_func_test11_begin:
    mov %rdi, %rax
    add $1, %esi
    mov %rax, %rdi
    jmp test11
.L__kefir_text_func_test11_end:

test12:
.L__kefir_text_func_test12_begin:
    add $1, %edi
    jmp test12
.L__kefir_text_func_test12_end:

test13:
.L__kefir_text_func_test13_begin:
    push %rbp
    mov %rsp, %rbp
    sub $4096, %rsp
    movl $0, -4096(%rbp)
    call test13
    lea (%rbp), %rsp
    pop %rbp
    ret
.L__kefir_text_func_test13_end:

test14:
.L__kefir_text_func_test14_begin:
    push %rbp
    mov %rsp, %rbp
    sub $4096, %rsp
    movl -4096(%rbp), %eax
    add %eax, %edi
    call test14
    lea (%rbp), %rsp
    pop %rbp
    ret
.L__kefir_text_func_test14_end:

.L__kefir_text_section_end:

