.att_syntax
.section .note.GNU-stack,"",%progbits

.extern free
.extern abort
.extern calloc
.extern malloc
.extern __bid_eqdd2
.extern __bid_eqsd2
.extern __bid_eqtd2
.extern __bid_ltdd2
.extern __bid_ltsd2
.extern __bid_lttd2
.extern __bid_adddd3
.extern __bid_addsd3
.extern __bid_addtd3
.extern __bid_divdd3
.extern __bid_divsd3
.extern __bid_divtd3
.extern __bid_muldd3
.extern __bid_mulsd3
.extern __bid_multd3
.extern __bid_subdd3
.extern __bid_subsd3
.extern __bid_subtd3
.global test_dec32_run_simulation
.type test_dec32_run_simulation, @function
.global test_dec64_run_simulation
.type test_dec64_run_simulation, @function
.global test_dec128_run_simulation
.type test_dec128_run_simulation, @function
.extern __bid_floatunsdidd
.extern __bid_floatunsdisd
.extern __bid_floatunsditd

.section .text
__kefir_text_section_begin:
test_dec128_timestep_implicit:
__kefir_text_func_test_dec128_timestep_implicit_begin:
    push %rbp
    mov %rsp, %rbp
    push %rbx
    push %r12
    push %r13
    push %r14
    push %r15
    sub $40, %rsp
    movdqu %xmm1, -80(%rbp)
    mov %rsi, %r14
    movdqu %xmm0, -64(%rbp)
    mov %rdi, %r15
    movq (%r15), %rax
    movq (%r15), %rcx
    mov %rax, %r13
    imul %rcx, %r13
    imul $16, %r13, %rdi
    call malloc@PLT
    mov %rax, %r12
    imul $16, %r13, %rdi
    call malloc@PLT
    mov %rax, %rbx
    lea 48(%r15), %rdi
    lea 48(%r15), %r9
    xor %ecx, %ecx
    test %r12, %r12
    sete %cl
    xor %edx, %edx
    test %rbx, %rbx
    sete %dl
    test %r12, %r12
    cmovnz %rdx, %rcx
    test %ecx, %ecx
    jnz __kefir_func_test_dec128_timestep_implicit_label14
    xor %r8d, %r8d
__kefir_func_test_dec128_timestep_implicit_label2:
    cmp %r13, %r8
    jb __kefir_func_test_dec128_timestep_implicit_label12
    mov %r15, %rdi
    mov %rbx, %rsi
    mov %r12, %rdx
    movdqu -64(%rbp), %xmm0
    mov %r14, %rcx
    movdqu -80(%rbp), %xmm1
    call test_dec128_cg_solve
    lea 48(%r15), %rdi
    xor %esi, %esi
__kefir_func_test_dec128_timestep_implicit_label6:
    cmp %r13, %rsi
    jb __kefir_func_test_dec128_timestep_implicit_label10
    mov %r12, %rdi
    call free@PLT
    mov %rbx, %rdi
    lea -40(%rbp), %rsp
    pop %r15
    pop %r14
    pop %r13
    pop %r12
    pop %rbx
    pop %rbp
    jmp free@PLT
__kefir_func_test_dec128_timestep_implicit_label10:
    imul $16, %rsi, %rcx
    mov %rbx, %rax
    add %rcx, %rax
    movdqu (%rax), %xmm0
    movq (%rdi), %rcx
    imul $16, %rsi, %rdx
    add %rdx, %rcx
    movdqu %xmm0, (%rcx)
    lea 1(%rsi), %rcx
    mov %rcx, %rsi
    jmp __kefir_func_test_dec128_timestep_implicit_label6
__kefir_func_test_dec128_timestep_implicit_label12:
    movq (%rdi), %rcx
    imul $16, %r8, %rdx
    add %rdx, %rcx
    movdqu (%rcx), %xmm2
    imul $16, %r8, %rcx
    mov %r12, %rax
    add %rcx, %rax
    movdqu %xmm2, (%rax)
    movq (%r9), %rcx
    imul $16, %r8, %rdx
    add %rdx, %rcx
    movdqu (%rcx), %xmm2
    imul $16, %r8, %rcx
    mov %rbx, %rax
    add %rcx, %rax
    movdqu %xmm2, (%rax)
    lea 1(%r8), %rcx
    mov %rcx, %r8
    jmp __kefir_func_test_dec128_timestep_implicit_label2
__kefir_func_test_dec128_timestep_implicit_label14:
    lea -40(%rbp), %rsp
    pop %r15
    pop %r14
    pop %r13
    pop %r12
    pop %rbx
    pop %rbp
    jmp abort@PLT
__kefir_text_func_test_dec128_timestep_implicit_end:

test_dec32_total_energy:
__kefir_text_func_test_dec32_total_energy_begin:
    movq (%rdi), %rsi
    movq (%rdi), %rax
    movq 16(%rdi), %rdi
    imul %rax, %rsi
    jmp test_dec32_norm
__kefir_text_func_test_dec32_total_energy_end:

test_dec128_dot:
__kefir_text_func_test_dec128_dot_begin:
    push %rbp
    mov %rsp, %rbp
    push %rbx
    push %r12
    push %r13
    push %r14
    push %r15
    sub $24, %rsp
    mov %rdx, %r12
    mov %rsi, %r13
    mov %rdi, %r14
    movdqu __kefir_func_test_dec128_dot_label8(%rip), %xmm0
    xor %r15d, %r15d
    movdqu %xmm0, -64(%rbp)
__kefir_func_test_dec128_dot_label2:
    cmp %r12, %r15
    jb __kefir_func_test_dec128_dot_label6
    movdqu -64(%rbp), %xmm0
    lea -40(%rbp), %rsp
    pop %r15
    pop %r14
    pop %r13
    pop %r12
    pop %rbx
    pop %rbp
    ret
__kefir_func_test_dec128_dot_label6:
    imul $16, %r15, %rax
    mov %r14, %rdi
    add %rax, %rdi
    movdqu (%rdi), %xmm0
    imul $16, %r15, %rax
    mov %r13, %rsi
    add %rax, %rsi
    movdqu (%rsi), %xmm1
    lea 1(%r15), %rbx
    call __bid_multd3@PLT
    movaps %xmm0, %xmm1
    movdqu -64(%rbp), %xmm0
    call __bid_addtd3@PLT
    mov %rbx, %r15
    movdqu %xmm0, -64(%rbp)
    jmp __kefir_func_test_dec128_dot_label2
__kefir_text_func_test_dec128_dot_end:
.section .rodata
    .align 16
__kefir_func_test_dec128_dot_label8:
    .quad 0, 3476778912330022912
.section .text

test_dec32_norm:
__kefir_text_func_test_dec32_norm_begin:
    push %rbp
    mov %rsp, %rbp
    mov %rsi, %rax
    mov %rdi, %rcx
    mov %rcx, %rdi
    mov %rcx, %rsi
    mov %rax, %rdx
    call test_dec32_dot
    pop %rbp
    jmp test_dec32_sqrt_approx
__kefir_text_func_test_dec32_norm_end:

test_dec64_norm:
__kefir_text_func_test_dec64_norm_begin:
    push %rbp
    mov %rsp, %rbp
    mov %rsi, %rax
    mov %rdi, %rcx
    mov %rcx, %rdi
    mov %rcx, %rsi
    mov %rax, %rdx
    call test_dec64_dot
    pop %rbp
    jmp test_dec64_sqrt_approx
__kefir_text_func_test_dec64_norm_end:

test_dec32_cg_solve:
__kefir_text_func_test_dec32_cg_solve_begin:
    push %rbp
    mov %rsp, %rbp
    push %rbx
    push %r12
    push %r13
    push %r14
    push %r15
    sub $168, %rsp
    movdqu %xmm1, -64(%rbp)
    movq %rcx, -112(%rbp)
    movdqu %xmm0, -96(%rbp)
    mov %rdx, %r13
    movq %rsi, -72(%rbp)
    movq %rdi, -104(%rbp)
    movq -104(%rbp), %rax
    movq (%rax), %rdx
    movq -104(%rbp), %rcx
    movq (%rcx), %rax
    movq %rdx, -80(%rbp)
    movq -80(%rbp), %rcx
    imul %rax, %rcx
    movq %rcx, -80(%rbp)
    imulq $4, -80(%rbp), %rdi
    call malloc@PLT
    movq %rax, -120(%rbp)
    imulq $4, -80(%rbp), %rdi
    call malloc@PLT
    movq %rax, -128(%rbp)
    imulq $4, -80(%rbp), %rdi
    call malloc@PLT
    mov %rax, %r15
    xor %r8d, %r8d
    movq -120(%rbp), %rax
    movq -120(%rbp), %rcx
    test %rcx, %rax
    sete %r8b
    xor %r9d, %r9d
    movq -128(%rbp), %rax
    movq -128(%rbp), %rcx
    test %rcx, %rax
    sete %r9b
    movq -120(%rbp), %rax
    movq -120(%rbp), %rcx
    test %rcx, %rax
    cmovnz %r9, %r8
    xor %r9d, %r9d
    test %r15, %r15
    sete %r9b
    or %r9d, %r8d
    setne %r8b
    test %r8b, %r8b
    jnz __kefir_func_test_dec32_cg_solve_label38
    movq -104(%rbp), %rdi
    movq -72(%rbp), %rsi
    mov %r15, %rdx
    movdqu -96(%rbp), %xmm0
    call test_dec32_ax
    xor %r12d, %r12d
__kefir_func_test_dec32_cg_solve_label4:
    movq -80(%rbp), %rax
    cmp %rax, %r12
    jb __kefir_func_test_dec32_cg_solve_label36
    xor %r9d, %r9d
__kefir_func_test_dec32_cg_solve_label6:
    movq -80(%rbp), %rax
    cmp %rax, %r9
    jb __kefir_func_test_dec32_cg_solve_label34
    movq -120(%rbp), %rdi
    movq -120(%rbp), %rsi
    movq -80(%rbp), %rdx
    call test_dec32_dot
    movdqu %xmm0, -144(%rbp)
    movd __kefir_func_test_dec32_cg_solve_label40(%rip), %xmm1
    movdqu -144(%rbp), %xmm0
    call __bid_eqsd2@PLT
    test %eax, %eax
    jz __kefir_func_test_dec32_cg_solve_label32
    xor %r14d, %r14d
    movq -144(%rbp), %rax
    movq %rax, -160(%rbp)
    movq -136(%rbp), %rax
    movq %rax, -152(%rbp)
__kefir_func_test_dec32_cg_solve_label10:
    movl -112(%rbp), %eax
    cmp %eax, %r14d
    jl __kefir_func_test_dec32_cg_solve_label14
__kefir_func_test_dec32_cg_solve_label12:
    movq -120(%rbp), %rdi
    call free@PLT
    movq -128(%rbp), %rdi
    call free@PLT
    mov %r15, %rdi
    call free@PLT
    mov %r14, %rax
    lea -40(%rbp), %rsp
    pop %r15
    pop %r14
    pop %r13
    pop %r12
    pop %rbx
    pop %rbp
    ret
__kefir_func_test_dec32_cg_solve_label14:
    movq -104(%rbp), %rdi
    movq -128(%rbp), %rsi
    mov %r15, %rdx
    movdqu -96(%rbp), %xmm0
    call test_dec32_ax
    movq -128(%rbp), %rdi
    mov %r15, %rsi
    movq -80(%rbp), %rdx
    call test_dec32_dot
    movaps %xmm0, %xmm2
    movdqu -160(%rbp), %xmm0
    movaps %xmm2, %xmm1
    call __bid_divsd3@PLT
    movdqu %xmm0, -192(%rbp)
    xor %r13d, %r13d
__kefir_func_test_dec32_cg_solve_label16:
    movq -80(%rbp), %rax
    cmp %rax, %r13
    jb __kefir_func_test_dec32_cg_solve_label30
    xor %r12d, %r12d
__kefir_func_test_dec32_cg_solve_label18:
    movq -80(%rbp), %rax
    cmp %rax, %r12
    jb __kefir_func_test_dec32_cg_solve_label28
    movq -120(%rbp), %rdi
    movq -120(%rbp), %rsi
    movq -80(%rbp), %rdx
    call test_dec32_dot
    movdqu %xmm0, -176(%rbp)
    movdqu -176(%rbp), %xmm0
    movdqu -144(%rbp), %xmm1
    call __bid_divsd3@PLT
    call test_dec32_sqrt_approx
    movdqu %xmm0, -208(%rbp)
    movdqu -208(%rbp), %xmm0
    movdqu -64(%rbp), %xmm1
    call __bid_ltsd2@PLT
    xor %ebx, %ebx
    cmp $0, %eax
    setl %bl
    movdqu -64(%rbp), %xmm0
    movdqu -208(%rbp), %xmm1
    call __bid_eqsd2@PLT
    test %eax, %eax
    sete %r8b
    mov %rbx, %r9
    or %r8b, %r9b
    setne %r9b
    test %r9b, %r9b
    jnz __kefir_func_test_dec32_cg_solve_label12
    movdqu -176(%rbp), %xmm0
    movdqu -160(%rbp), %xmm1
    call __bid_divsd3@PLT
    movdqu %xmm0, -192(%rbp)
    xor %r12d, %r12d
__kefir_func_test_dec32_cg_solve_label24:
    mov %r14, %rax
    add $1, %eax
    movq -80(%rbp), %rcx
    cmp %rcx, %r12
    jb __kefir_func_test_dec32_cg_solve_label26
    mov %rax, %r14
    movq -176(%rbp), %rax
    movq %rax, -160(%rbp)
    movq -168(%rbp), %rax
    movq %rax, -152(%rbp)
    jmp __kefir_func_test_dec32_cg_solve_label10
__kefir_func_test_dec32_cg_solve_label26:
    imul $4, %r12, %r8
    movq -120(%rbp), %rax
    add %r8, %rax
    movd (%rax), %xmm0
    movd %xmm0, -208(%rbp)
    imul $4, %r12, %r8
    movq -128(%rbp), %rax
    add %r8, %rax
    movd (%rax), %xmm1
    imul $4, %r12, %r8
    movq -128(%rbp), %rbx
    add %r8, %rbx
    movdqu -192(%rbp), %xmm0
    call __bid_mulsd3@PLT
    movaps %xmm0, %xmm2
    movdqu -208(%rbp), %xmm0
    movaps %xmm2, %xmm1
    call __bid_addsd3@PLT
    movd %xmm0, (%rbx)
    lea 1(%r12), %r8
    mov %r8, %r12
    jmp __kefir_func_test_dec32_cg_solve_label24
__kefir_func_test_dec32_cg_solve_label28:
    imul $4, %r12, %r8
    mov %r15, %rax
    add %r8, %rax
    movd (%rax), %xmm1
    imul $4, %r12, %r8
    movq -120(%rbp), %rbx
    add %r8, %rbx
    movd (%rbx), %xmm0
    movd %xmm0, -208(%rbp)
    movdqu -192(%rbp), %xmm0
    call __bid_mulsd3@PLT
    movaps %xmm0, %xmm2
    movdqu -208(%rbp), %xmm0
    movaps %xmm2, %xmm1
    call __bid_subsd3@PLT
    movd %xmm0, (%rbx)
    lea 1(%r12), %r8
    mov %r8, %r12
    jmp __kefir_func_test_dec32_cg_solve_label18
__kefir_func_test_dec32_cg_solve_label30:
    imul $4, %r13, %r8
    movq -128(%rbp), %rax
    add %r8, %rax
    movd (%rax), %xmm1
    imul $4, %r13, %r8
    movq -72(%rbp), %rbx
    add %r8, %rbx
    movd (%rbx), %xmm0
    movd %xmm0, -208(%rbp)
    movdqu -192(%rbp), %xmm0
    call __bid_mulsd3@PLT
    movaps %xmm0, %xmm2
    movdqu -208(%rbp), %xmm0
    movaps %xmm2, %xmm1
    call __bid_addsd3@PLT
    movd %xmm0, (%rbx)
    lea 1(%r13), %r8
    mov %r8, %r13
    jmp __kefir_func_test_dec32_cg_solve_label16
__kefir_func_test_dec32_cg_solve_label32:
    movq -120(%rbp), %rdi
    call free@PLT
    movq -128(%rbp), %rdi
    call free@PLT
    mov %r15, %rdi
    call free@PLT
    xor %eax, %eax
    lea -40(%rbp), %rsp
    pop %r15
    pop %r14
    pop %r13
    pop %r12
    pop %rbx
    pop %rbp
    ret
__kefir_func_test_dec32_cg_solve_label34:
    imul $4, %r9, %r8
    movq -120(%rbp), %rax
    add %r8, %rax
    movd (%rax), %xmm2
    imul $4, %r9, %r8
    movq -128(%rbp), %rax
    add %r8, %rax
    movd %xmm2, (%rax)
    lea 1(%r9), %r8
    mov %r8, %r9
    jmp __kefir_func_test_dec32_cg_solve_label6
__kefir_func_test_dec32_cg_solve_label36:
    imul $4, %r12, %r8
    mov %r13, %rdx
    add %r8, %rdx
    movd (%rdx), %xmm0
    imul $4, %r12, %r8
    mov %r15, %rax
    add %r8, %rax
    movd (%rax), %xmm1
    imul $4, %r12, %r8
    movq -120(%rbp), %rbx
    add %r8, %rbx
    call __bid_subsd3@PLT
    movd %xmm0, (%rbx)
    lea 1(%r12), %r8
    mov %r8, %r12
    jmp __kefir_func_test_dec32_cg_solve_label4
__kefir_func_test_dec32_cg_solve_label38:
    lea -40(%rbp), %rsp
    pop %r15
    pop %r14
    pop %r13
    pop %r12
    pop %rbx
    pop %rbp
    jmp abort@PLT
__kefir_text_func_test_dec32_cg_solve_end:
.section .rodata
    .align 4
__kefir_func_test_dec32_cg_solve_label40:
    .long 847249408
.section .text

test_dec64_cg_solve:
__kefir_text_func_test_dec64_cg_solve_begin:
    push %rbp
    mov %rsp, %rbp
    push %rbx
    push %r12
    push %r13
    push %r14
    push %r15
    sub $168, %rsp
    movdqu %xmm1, -64(%rbp)
    movq %rcx, -112(%rbp)
    movdqu %xmm0, -96(%rbp)
    mov %rdx, %r13
    movq %rsi, -72(%rbp)
    movq %rdi, -104(%rbp)
    movq -104(%rbp), %rax
    movq (%rax), %rdx
    movq -104(%rbp), %rcx
    movq (%rcx), %rax
    movq %rdx, -80(%rbp)
    movq -80(%rbp), %rcx
    imul %rax, %rcx
    movq %rcx, -80(%rbp)
    imulq $8, -80(%rbp), %rdi
    call malloc@PLT
    movq %rax, -120(%rbp)
    imulq $8, -80(%rbp), %rdi
    call malloc@PLT
    movq %rax, -128(%rbp)
    imulq $8, -80(%rbp), %rdi
    call malloc@PLT
    mov %rax, %r15
    xor %r8d, %r8d
    movq -120(%rbp), %rax
    movq -120(%rbp), %rcx
    test %rcx, %rax
    sete %r8b
    xor %r9d, %r9d
    movq -128(%rbp), %rax
    movq -128(%rbp), %rcx
    test %rcx, %rax
    sete %r9b
    movq -120(%rbp), %rax
    movq -120(%rbp), %rcx
    test %rcx, %rax
    cmovnz %r9, %r8
    xor %r9d, %r9d
    test %r15, %r15
    sete %r9b
    or %r9d, %r8d
    setne %r8b
    test %r8b, %r8b
    jnz __kefir_func_test_dec64_cg_solve_label38
    movq -104(%rbp), %rdi
    movq -72(%rbp), %rsi
    mov %r15, %rdx
    movdqu -96(%rbp), %xmm0
    call test_dec64_ax
    xor %r12d, %r12d
__kefir_func_test_dec64_cg_solve_label4:
    movq -80(%rbp), %rax
    cmp %rax, %r12
    jb __kefir_func_test_dec64_cg_solve_label36
    xor %r9d, %r9d
__kefir_func_test_dec64_cg_solve_label6:
    movq -80(%rbp), %rax
    cmp %rax, %r9
    jb __kefir_func_test_dec64_cg_solve_label34
    movq -120(%rbp), %rdi
    movq -120(%rbp), %rsi
    movq -80(%rbp), %rdx
    call test_dec64_dot
    movdqu %xmm0, -144(%rbp)
    movq __kefir_func_test_dec64_cg_solve_label40(%rip), %xmm1
    movdqu -144(%rbp), %xmm0
    call __bid_eqdd2@PLT
    test %eax, %eax
    jz __kefir_func_test_dec64_cg_solve_label32
    xor %r14d, %r14d
    movq -144(%rbp), %rax
    movq %rax, -160(%rbp)
    movq -136(%rbp), %rax
    movq %rax, -152(%rbp)
__kefir_func_test_dec64_cg_solve_label10:
    movl -112(%rbp), %eax
    cmp %eax, %r14d
    jl __kefir_func_test_dec64_cg_solve_label14
__kefir_func_test_dec64_cg_solve_label12:
    movq -120(%rbp), %rdi
    call free@PLT
    movq -128(%rbp), %rdi
    call free@PLT
    mov %r15, %rdi
    call free@PLT
    mov %r14, %rax
    lea -40(%rbp), %rsp
    pop %r15
    pop %r14
    pop %r13
    pop %r12
    pop %rbx
    pop %rbp
    ret
__kefir_func_test_dec64_cg_solve_label14:
    movq -104(%rbp), %rdi
    movq -128(%rbp), %rsi
    mov %r15, %rdx
    movdqu -96(%rbp), %xmm0
    call test_dec64_ax
    movq -128(%rbp), %rdi
    mov %r15, %rsi
    movq -80(%rbp), %rdx
    call test_dec64_dot
    movaps %xmm0, %xmm2
    movdqu -160(%rbp), %xmm0
    movaps %xmm2, %xmm1
    call __bid_divdd3@PLT
    movdqu %xmm0, -192(%rbp)
    xor %r13d, %r13d
__kefir_func_test_dec64_cg_solve_label16:
    movq -80(%rbp), %rax
    cmp %rax, %r13
    jb __kefir_func_test_dec64_cg_solve_label30
    xor %r12d, %r12d
__kefir_func_test_dec64_cg_solve_label18:
    movq -80(%rbp), %rax
    cmp %rax, %r12
    jb __kefir_func_test_dec64_cg_solve_label28
    movq -120(%rbp), %rdi
    movq -120(%rbp), %rsi
    movq -80(%rbp), %rdx
    call test_dec64_dot
    movdqu %xmm0, -176(%rbp)
    movdqu -176(%rbp), %xmm0
    movdqu -144(%rbp), %xmm1
    call __bid_divdd3@PLT
    call test_dec64_sqrt_approx
    movdqu %xmm0, -208(%rbp)
    movdqu -208(%rbp), %xmm0
    movdqu -64(%rbp), %xmm1
    call __bid_ltdd2@PLT
    xor %ebx, %ebx
    cmp $0, %eax
    setl %bl
    movdqu -64(%rbp), %xmm0
    movdqu -208(%rbp), %xmm1
    call __bid_eqdd2@PLT
    test %eax, %eax
    sete %r8b
    mov %rbx, %r9
    or %r8b, %r9b
    setne %r9b
    test %r9b, %r9b
    jnz __kefir_func_test_dec64_cg_solve_label12
    movdqu -176(%rbp), %xmm0
    movdqu -160(%rbp), %xmm1
    call __bid_divdd3@PLT
    movdqu %xmm0, -192(%rbp)
    xor %r12d, %r12d
__kefir_func_test_dec64_cg_solve_label24:
    mov %r14, %rax
    add $1, %eax
    movq -80(%rbp), %rcx
    cmp %rcx, %r12
    jb __kefir_func_test_dec64_cg_solve_label26
    mov %rax, %r14
    movq -176(%rbp), %rax
    movq %rax, -160(%rbp)
    movq -168(%rbp), %rax
    movq %rax, -152(%rbp)
    jmp __kefir_func_test_dec64_cg_solve_label10
__kefir_func_test_dec64_cg_solve_label26:
    imul $8, %r12, %r8
    movq -120(%rbp), %rax
    add %r8, %rax
    movq (%rax), %xmm0
    movq %xmm0, -208(%rbp)
    imul $8, %r12, %r8
    movq -128(%rbp), %rax
    add %r8, %rax
    movq (%rax), %xmm1
    imul $8, %r12, %r8
    movq -128(%rbp), %rbx
    add %r8, %rbx
    movdqu -192(%rbp), %xmm0
    call __bid_muldd3@PLT
    movaps %xmm0, %xmm2
    movdqu -208(%rbp), %xmm0
    movaps %xmm2, %xmm1
    call __bid_adddd3@PLT
    movq %xmm0, (%rbx)
    lea 1(%r12), %r8
    mov %r8, %r12
    jmp __kefir_func_test_dec64_cg_solve_label24
__kefir_func_test_dec64_cg_solve_label28:
    imul $8, %r12, %r8
    mov %r15, %rax
    add %r8, %rax
    movq (%rax), %xmm1
    imul $8, %r12, %r8
    movq -120(%rbp), %rbx
    add %r8, %rbx
    movq (%rbx), %xmm0
    movq %xmm0, -208(%rbp)
    movdqu -192(%rbp), %xmm0
    call __bid_muldd3@PLT
    movaps %xmm0, %xmm2
    movdqu -208(%rbp), %xmm0
    movaps %xmm2, %xmm1
    call __bid_subdd3@PLT
    movq %xmm0, (%rbx)
    lea 1(%r12), %r8
    mov %r8, %r12
    jmp __kefir_func_test_dec64_cg_solve_label18
__kefir_func_test_dec64_cg_solve_label30:
    imul $8, %r13, %r8
    movq -128(%rbp), %rax
    add %r8, %rax
    movq (%rax), %xmm1
    imul $8, %r13, %r8
    movq -72(%rbp), %rbx
    add %r8, %rbx
    movq (%rbx), %xmm0
    movq %xmm0, -208(%rbp)
    movdqu -192(%rbp), %xmm0
    call __bid_muldd3@PLT
    movaps %xmm0, %xmm2
    movdqu -208(%rbp), %xmm0
    movaps %xmm2, %xmm1
    call __bid_adddd3@PLT
    movq %xmm0, (%rbx)
    lea 1(%r13), %r8
    mov %r8, %r13
    jmp __kefir_func_test_dec64_cg_solve_label16
__kefir_func_test_dec64_cg_solve_label32:
    movq -120(%rbp), %rdi
    call free@PLT
    movq -128(%rbp), %rdi
    call free@PLT
    mov %r15, %rdi
    call free@PLT
    xor %eax, %eax
    lea -40(%rbp), %rsp
    pop %r15
    pop %r14
    pop %r13
    pop %r12
    pop %rbx
    pop %rbp
    ret
__kefir_func_test_dec64_cg_solve_label34:
    imul $8, %r9, %r8
    movq -120(%rbp), %rax
    add %r8, %rax
    movq (%rax), %xmm2
    imul $8, %r9, %r8
    movq -128(%rbp), %rax
    add %r8, %rax
    movq %xmm2, (%rax)
    lea 1(%r9), %r8
    mov %r8, %r9
    jmp __kefir_func_test_dec64_cg_solve_label6
__kefir_func_test_dec64_cg_solve_label36:
    imul $8, %r12, %r8
    mov %r13, %rdx
    add %r8, %rdx
    movq (%rdx), %xmm0
    imul $8, %r12, %r8
    mov %r15, %rax
    add %r8, %rax
    movq (%rax), %xmm1
    imul $8, %r12, %r8
    movq -120(%rbp), %rbx
    add %r8, %rbx
    call __bid_subdd3@PLT
    movq %xmm0, (%rbx)
    lea 1(%r12), %r8
    mov %r8, %r12
    jmp __kefir_func_test_dec64_cg_solve_label4
__kefir_func_test_dec64_cg_solve_label38:
    lea -40(%rbp), %rsp
    pop %r15
    pop %r14
    pop %r13
    pop %r12
    pop %rbx
    pop %rbp
    jmp abort@PLT
__kefir_text_func_test_dec64_cg_solve_end:
.section .rodata
    .align 8
__kefir_func_test_dec64_cg_solve_label40:
    .quad 3584865303386914816
.section .text

test_dec32_sqrt_approx:
__kefir_text_func_test_dec32_sqrt_approx_begin:
    push %rbp
    mov %rsp, %rbp
    push %rbx
    push %r12
    sub $32, %rsp
    movdqu %xmm0, -32(%rbp)
    movd __kefir_func_test_dec32_sqrt_approx_label12(%rip), %xmm0
    movd %xmm0, -48(%rbp)
    movdqu -32(%rbp), %xmm0
    movdqu -48(%rbp), %xmm1
    call __bid_ltsd2@PLT
    xor %ebx, %ebx
    cmp $0, %eax
    setl %bl
    movdqu -48(%rbp), %xmm0
    movdqu -32(%rbp), %xmm1
    call __bid_eqsd2@PLT
    test %eax, %eax
    sete %al
    mov %rbx, %rcx
    or %al, %cl
    setne %cl
    test %cl, %cl
    jnz __kefir_func_test_dec32_sqrt_approx_label10
    movd __kefir_func_test_dec32_sqrt_approx_label13(%rip), %xmm1
    movdqu -32(%rbp), %xmm0
    call __bid_mulsd3@PLT
    movd __kefir_func_test_dec32_sqrt_approx_label14(%rip), %xmm1
    call __bid_addsd3@PLT
    xor %r12d, %r12d
    movdqu %xmm0, -48(%rbp)
__kefir_func_test_dec32_sqrt_approx_label4:
    cmp $10, %r12d
    jl __kefir_func_test_dec32_sqrt_approx_label8
    movdqu -48(%rbp), %xmm0
    lea -16(%rbp), %rsp
    pop %r12
    pop %rbx
    pop %rbp
    ret
__kefir_func_test_dec32_sqrt_approx_label8:
    mov %r12, %rbx
    add $1, %ebx
    movdqu -32(%rbp), %xmm0
    movdqu -48(%rbp), %xmm1
    call __bid_divsd3@PLT
    movaps %xmm0, %xmm1
    movdqu -48(%rbp), %xmm0
    call __bid_addsd3@PLT
    movd __kefir_func_test_dec32_sqrt_approx_label15(%rip), %xmm1
    call __bid_mulsd3@PLT
    mov %rbx, %r12
    movdqu %xmm0, -48(%rbp)
    jmp __kefir_func_test_dec32_sqrt_approx_label4
__kefir_func_test_dec32_sqrt_approx_label10:
    movd __kefir_func_test_dec32_sqrt_approx_label16(%rip), %xmm0
    lea -16(%rbp), %rsp
    pop %r12
    pop %rbx
    pop %rbp
    ret
__kefir_text_func_test_dec32_sqrt_approx_end:
.section .rodata
    .align 4
__kefir_func_test_dec32_sqrt_approx_label12:
    .long 847249408
    .align 4
__kefir_func_test_dec32_sqrt_approx_label13:
    .long 838860805
    .align 4
__kefir_func_test_dec32_sqrt_approx_label14:
    .long 838860805
    .align 4
__kefir_func_test_dec32_sqrt_approx_label15:
    .long 838860805
    .align 4
__kefir_func_test_dec32_sqrt_approx_label16:
    .long 847249408
.section .text

test_dec128_ax:
__kefir_text_func_test_dec128_ax_begin:
    push %rbp
    mov %rsp, %rbp
    push %rbx
    push %r12
    push %r13
    push %r14
    push %r15
    sub $40, %rsp
    movdqu %xmm0, -64(%rbp)
    mov %rdx, %r14
    mov %rsi, %r15
    mov %rdi, %rbx
    movq (%rbx), %rax
    movq %rax, -48(%rbp)
    movq -48(%rbp), %rcx
    imul %rax, %rcx
    movq %rcx, -48(%rbp)
    imulq $16, -48(%rbp), %rdi
    call malloc@PLT
    mov %rax, %r13
    test %r13, %r13
    jz __kefir_func_test_dec128_ax_label10
    mov %rbx, %rdi
    mov %r15, %rsi
    mov %r13, %rdx
    call test_dec128_laplacian_apply
    xor %r12d, %r12d
__kefir_func_test_dec128_ax_label4:
    movq -48(%rbp), %rax
    cmp %rax, %r12
    jb __kefir_func_test_dec128_ax_label8
    mov %r13, %rdi
    lea -40(%rbp), %rsp
    pop %r15
    pop %r14
    pop %r13
    pop %r12
    pop %rbx
    pop %rbp
    jmp free@PLT
__kefir_func_test_dec128_ax_label8:
    imul $16, %r12, %rcx
    mov %r15, %rsi
    add %rcx, %rsi
    movdqu (%rsi), %xmm0
    movdqu %xmm0, -80(%rbp)
    imul $16, %r12, %rcx
    mov %r13, %rax
    add %rcx, %rax
    movdqu (%rax), %xmm1
    imul $16, %r12, %rcx
    mov %r14, %rbx
    add %rcx, %rbx
    movdqu -64(%rbp), %xmm0
    call __bid_multd3@PLT
    movaps %xmm0, %xmm1
    movdqu -80(%rbp), %xmm0
    call __bid_subtd3@PLT
    movdqu %xmm0, (%rbx)
    lea 1(%r12), %rcx
    mov %rcx, %r12
    jmp __kefir_func_test_dec128_ax_label4
__kefir_func_test_dec128_ax_label10:
    lea -40(%rbp), %rsp
    pop %r15
    pop %r14
    pop %r13
    pop %r12
    pop %rbx
    pop %rbp
    jmp abort@PLT
__kefir_text_func_test_dec128_ax_end:

test_dec32_dot:
__kefir_text_func_test_dec32_dot_begin:
    push %rbp
    mov %rsp, %rbp
    push %rbx
    push %r12
    push %r13
    push %r14
    push %r15
    sub $24, %rsp
    mov %rdx, %r12
    mov %rsi, %r13
    mov %rdi, %r14
    movd __kefir_func_test_dec32_dot_label8(%rip), %xmm0
    xor %r15d, %r15d
    movdqu %xmm0, -64(%rbp)
__kefir_func_test_dec32_dot_label2:
    cmp %r12, %r15
    jb __kefir_func_test_dec32_dot_label6
    movdqu -64(%rbp), %xmm0
    lea -40(%rbp), %rsp
    pop %r15
    pop %r14
    pop %r13
    pop %r12
    pop %rbx
    pop %rbp
    ret
__kefir_func_test_dec32_dot_label6:
    imul $4, %r15, %rax
    mov %r14, %rdi
    add %rax, %rdi
    movd (%rdi), %xmm0
    imul $4, %r15, %rax
    mov %r13, %rsi
    add %rax, %rsi
    movd (%rsi), %xmm1
    lea 1(%r15), %rbx
    call __bid_mulsd3@PLT
    movaps %xmm0, %xmm1
    movdqu -64(%rbp), %xmm0
    call __bid_addsd3@PLT
    mov %rbx, %r15
    movdqu %xmm0, -64(%rbp)
    jmp __kefir_func_test_dec32_dot_label2
__kefir_text_func_test_dec32_dot_end:
.section .rodata
    .align 4
__kefir_func_test_dec32_dot_label8:
    .long 847249408
.section .text

test_dec64_dot:
__kefir_text_func_test_dec64_dot_begin:
    push %rbp
    mov %rsp, %rbp
    push %rbx
    push %r12
    push %r13
    push %r14
    push %r15
    sub $24, %rsp
    mov %rdx, %r12
    mov %rsi, %r13
    mov %rdi, %r14
    movq __kefir_func_test_dec64_dot_label8(%rip), %xmm0
    xor %r15d, %r15d
    movdqu %xmm0, -64(%rbp)
__kefir_func_test_dec64_dot_label2:
    cmp %r12, %r15
    jb __kefir_func_test_dec64_dot_label6
    movdqu -64(%rbp), %xmm0
    lea -40(%rbp), %rsp
    pop %r15
    pop %r14
    pop %r13
    pop %r12
    pop %rbx
    pop %rbp
    ret
__kefir_func_test_dec64_dot_label6:
    imul $8, %r15, %rax
    mov %r14, %rdi
    add %rax, %rdi
    movq (%rdi), %xmm0
    imul $8, %r15, %rax
    mov %r13, %rsi
    add %rax, %rsi
    movq (%rsi), %xmm1
    lea 1(%r15), %rbx
    call __bid_muldd3@PLT
    movaps %xmm0, %xmm1
    movdqu -64(%rbp), %xmm0
    call __bid_adddd3@PLT
    mov %rbx, %r15
    movdqu %xmm0, -64(%rbp)
    jmp __kefir_func_test_dec64_dot_label2
__kefir_text_func_test_dec64_dot_end:
.section .rodata
    .align 8
__kefir_func_test_dec64_dot_label8:
    .quad 3584865303386914816
.section .text

test_dec32_laplacian_apply:
__kefir_text_func_test_dec32_laplacian_apply_begin:
    push %rbp
    mov %rsp, %rbp
    push %rbx
    push %r12
    push %r13
    push %r14
    push %r15
    sub $104, %rsp
    movq %rdx, -96(%rbp)
    movq %rsi, -88(%rbp)
    movq %rdi, -80(%rbp)
    movq -80(%rbp), %rax
    movq (%rax), %rcx
    movq %rcx, -72(%rbp)
    movq -80(%rbp), %rdi
    add $12, %rdi
    movd (%rdi), %xmm0
    movd %xmm0, -64(%rbp)
    movq $0, -48(%rbp)
__kefir_func_test_dec32_laplacian_apply_label2:
    movq -48(%rbp), %r12
    add $1, %r12
    movq -48(%rbp), %r13
    add $1, %r13
    movq -48(%rbp), %r14
    sub $1, %r14
    movq -48(%rbp), %rax
    movq -72(%rbp), %rcx
    cmp %rcx, %rax
    jae __kefir_func_test_dec32_laplacian_apply_label4
__kefir_func_test_dec32_laplacian_apply_label34:
    xor %r15d, %r15d
    jmp __kefir_func_test_dec32_laplacian_apply_label6
__kefir_func_test_dec32_laplacian_apply_label4:
    lea -40(%rbp), %rsp
    pop %r15
    pop %r14
    pop %r13
    pop %r12
    pop %rbx
    pop %rbp
    ret
__kefir_func_test_dec32_laplacian_apply_label6:
    movq -48(%rbp), %rax
    add $1, %rax
    movq -72(%rbp), %rcx
    cmp %rcx, %r15
    jb __kefir_func_test_dec32_laplacian_apply_label8
    movq %rax, -48(%rbp)
    jmp __kefir_func_test_dec32_laplacian_apply_label2
__kefir_func_test_dec32_laplacian_apply_label8:
    movq -80(%rbp), %rcx
    movq (%rcx), %rax
    movq -48(%rbp), %rcx
    imul %rax, %rcx
    add %r15, %rcx
    imul $4, %rcx, %rax
    movq -88(%rbp), %rsi
    add %rax, %rsi
    movd (%rsi), %xmm0
    movd %xmm0, -112(%rbp)
    cmpq $0, -48(%rbp)
    jbe __kefir_func_test_dec32_laplacian_apply_label32
    movq -80(%rbp), %rcx
    movq (%rcx), %rax
    mov %r14, %r8
    imul %rax, %r8
    add %r15, %r8
    imul $4, %r8, %rax
    movq -88(%rbp), %rsi
    add %rax, %rsi
    movd (%rsi), %xmm0
__kefir_func_test_dec32_laplacian_apply_label12:
    movq -72(%rbp), %rax
    cmp %rax, %r13
    jae __kefir_func_test_dec32_laplacian_apply_label30
    movq -80(%rbp), %rcx
    movq (%rcx), %rax
    mov %r12, %r8
    imul %rax, %r8
    add %r15, %r8
    imul $4, %r8, %rax
    movq -88(%rbp), %rsi
    add %rax, %rsi
    movd (%rsi), %xmm1
    movaps %xmm1, %xmm2
__kefir_func_test_dec32_laplacian_apply_label16:
    mov %r15, %r9
    sub $1, %r9
    cmp $0, %r15
    jbe __kefir_func_test_dec32_laplacian_apply_label28
    movq -80(%rbp), %rcx
    movq (%rcx), %rax
    movq -48(%rbp), %r8
    imul %rax, %r8
    add %r9, %r8
    imul $4, %r8, %rax
    movq -88(%rbp), %rsi
    add %rax, %rsi
    movd (%rsi), %xmm1
    movdqu %xmm1, -128(%rbp)
__kefir_func_test_dec32_laplacian_apply_label20:
    lea 1(%r15), %r9
    lea 1(%r15), %rax
    movq -72(%rbp), %rcx
    cmp %rcx, %rax
    jae __kefir_func_test_dec32_laplacian_apply_label26
    movq -80(%rbp), %rcx
    movq (%rcx), %rax
    movq -48(%rbp), %r8
    imul %rax, %r8
    add %r9, %r8
    imul $4, %r8, %rax
    movq -88(%rbp), %rsi
    add %rax, %rsi
    movd (%rsi), %xmm1
    movdqu %xmm1, -144(%rbp)
__kefir_func_test_dec32_laplacian_apply_label24:
    movq -80(%rbp), %rcx
    movq (%rcx), %rax
    movq -48(%rbp), %r8
    imul %rax, %r8
    add %r15, %r8
    imul $4, %r8, %rax
    movq -96(%rbp), %rbx
    add %rax, %rbx
    movaps %xmm2, %xmm1
    call __bid_addsd3@PLT
    movdqu -128(%rbp), %xmm1
    call __bid_addsd3@PLT
    movdqu -144(%rbp), %xmm1
    call __bid_addsd3@PLT
    movdqu %xmm0, -144(%rbp)
    movd __kefir_func_test_dec32_laplacian_apply_label35(%rip), %xmm0
    movdqu -112(%rbp), %xmm1
    call __bid_mulsd3@PLT
    movaps %xmm0, %xmm2
    movdqu -144(%rbp), %xmm0
    movaps %xmm2, %xmm1
    call __bid_subsd3@PLT
    movdqu -64(%rbp), %xmm1
    call __bid_mulsd3@PLT
    movd %xmm0, (%rbx)
    lea 1(%r15), %rax
    mov %rax, %r15
    jmp __kefir_func_test_dec32_laplacian_apply_label6
__kefir_func_test_dec32_laplacian_apply_label26:
    movd __kefir_func_test_dec32_laplacian_apply_label36(%rip), %xmm1
    movdqu %xmm1, -144(%rbp)
    jmp __kefir_func_test_dec32_laplacian_apply_label24
__kefir_func_test_dec32_laplacian_apply_label28:
    movd __kefir_func_test_dec32_laplacian_apply_label37(%rip), %xmm1
    movdqu %xmm1, -128(%rbp)
    jmp __kefir_func_test_dec32_laplacian_apply_label20
__kefir_func_test_dec32_laplacian_apply_label30:
    movd __kefir_func_test_dec32_laplacian_apply_label38(%rip), %xmm1
    movaps %xmm1, %xmm2
    jmp __kefir_func_test_dec32_laplacian_apply_label16
__kefir_func_test_dec32_laplacian_apply_label32:
    movd __kefir_func_test_dec32_laplacian_apply_label39(%rip), %xmm0
    jmp __kefir_func_test_dec32_laplacian_apply_label12
__kefir_text_func_test_dec32_laplacian_apply_end:
.section .rodata
    .align 4
__kefir_func_test_dec32_laplacian_apply_label35:
    .long 847249412
    .align 4
__kefir_func_test_dec32_laplacian_apply_label36:
    .long 847249408
    .align 4
__kefir_func_test_dec32_laplacian_apply_label37:
    .long 847249408
    .align 4
__kefir_func_test_dec32_laplacian_apply_label38:
    .long 847249408
    .align 4
__kefir_func_test_dec32_laplacian_apply_label39:
    .long 847249408
.section .text

test_dec128_sqrt_approx:
__kefir_text_func_test_dec128_sqrt_approx_begin:
    push %rbp
    mov %rsp, %rbp
    push %rbx
    push %r12
    sub $32, %rsp
    movdqu %xmm0, -32(%rbp)
    movdqu __kefir_func_test_dec128_sqrt_approx_label12(%rip), %xmm0
    movdqu %xmm0, -48(%rbp)
    movdqu -32(%rbp), %xmm0
    movdqu -48(%rbp), %xmm1
    call __bid_lttd2@PLT
    xor %ebx, %ebx
    cmp $0, %eax
    setl %bl
    movdqu -48(%rbp), %xmm0
    movdqu -32(%rbp), %xmm1
    call __bid_eqtd2@PLT
    test %eax, %eax
    sete %al
    mov %rbx, %rcx
    or %al, %cl
    setne %cl
    test %cl, %cl
    jnz __kefir_func_test_dec128_sqrt_approx_label10
    movdqu __kefir_func_test_dec128_sqrt_approx_label13(%rip), %xmm1
    movdqu -32(%rbp), %xmm0
    call __bid_multd3@PLT
    movdqu __kefir_func_test_dec128_sqrt_approx_label14(%rip), %xmm1
    call __bid_addtd3@PLT
    xor %r12d, %r12d
    movdqu %xmm0, -48(%rbp)
__kefir_func_test_dec128_sqrt_approx_label4:
    cmp $10, %r12d
    jl __kefir_func_test_dec128_sqrt_approx_label8
    movdqu -48(%rbp), %xmm0
    lea -16(%rbp), %rsp
    pop %r12
    pop %rbx
    pop %rbp
    ret
__kefir_func_test_dec128_sqrt_approx_label8:
    mov %r12, %rbx
    add $1, %ebx
    movdqu -32(%rbp), %xmm0
    movdqu -48(%rbp), %xmm1
    call __bid_divtd3@PLT
    movaps %xmm0, %xmm1
    movdqu -48(%rbp), %xmm0
    call __bid_addtd3@PLT
    movdqu __kefir_func_test_dec128_sqrt_approx_label15(%rip), %xmm1
    call __bid_multd3@PLT
    mov %rbx, %r12
    movdqu %xmm0, -48(%rbp)
    jmp __kefir_func_test_dec128_sqrt_approx_label4
__kefir_func_test_dec128_sqrt_approx_label10:
    movdqu __kefir_func_test_dec128_sqrt_approx_label16(%rip), %xmm0
    lea -16(%rbp), %rsp
    pop %r12
    pop %rbx
    pop %rbp
    ret
__kefir_text_func_test_dec128_sqrt_approx_end:
.section .rodata
    .align 16
__kefir_func_test_dec128_sqrt_approx_label12:
    .quad 0, 3476778912330022912
    .align 16
__kefir_func_test_dec128_sqrt_approx_label13:
    .quad 5, 3476215962376601600
    .align 16
__kefir_func_test_dec128_sqrt_approx_label14:
    .quad 5, 3476215962376601600
    .align 16
__kefir_func_test_dec128_sqrt_approx_label15:
    .quad 5, 3476215962376601600
    .align 16
__kefir_func_test_dec128_sqrt_approx_label16:
    .quad 0, 3476778912330022912
.section .text

test_dec64_sqrt_approx:
__kefir_text_func_test_dec64_sqrt_approx_begin:
    push %rbp
    mov %rsp, %rbp
    push %rbx
    push %r12
    sub $32, %rsp
    movdqu %xmm0, -32(%rbp)
    movq __kefir_func_test_dec64_sqrt_approx_label12(%rip), %xmm0
    movq %xmm0, -48(%rbp)
    movdqu -32(%rbp), %xmm0
    movdqu -48(%rbp), %xmm1
    call __bid_ltdd2@PLT
    xor %ebx, %ebx
    cmp $0, %eax
    setl %bl
    movdqu -48(%rbp), %xmm0
    movdqu -32(%rbp), %xmm1
    call __bid_eqdd2@PLT
    test %eax, %eax
    sete %al
    mov %rbx, %rcx
    or %al, %cl
    setne %cl
    test %cl, %cl
    jnz __kefir_func_test_dec64_sqrt_approx_label10
    movq __kefir_func_test_dec64_sqrt_approx_label13(%rip), %xmm1
    movdqu -32(%rbp), %xmm0
    call __bid_muldd3@PLT
    movq __kefir_func_test_dec64_sqrt_approx_label14(%rip), %xmm1
    call __bid_adddd3@PLT
    xor %r12d, %r12d
    movdqu %xmm0, -48(%rbp)
__kefir_func_test_dec64_sqrt_approx_label4:
    cmp $10, %r12d
    jl __kefir_func_test_dec64_sqrt_approx_label8
    movdqu -48(%rbp), %xmm0
    lea -16(%rbp), %rsp
    pop %r12
    pop %rbx
    pop %rbp
    ret
__kefir_func_test_dec64_sqrt_approx_label8:
    mov %r12, %rbx
    add $1, %ebx
    movdqu -32(%rbp), %xmm0
    movdqu -48(%rbp), %xmm1
    call __bid_divdd3@PLT
    movaps %xmm0, %xmm1
    movdqu -48(%rbp), %xmm0
    call __bid_adddd3@PLT
    movq __kefir_func_test_dec64_sqrt_approx_label15(%rip), %xmm1
    call __bid_muldd3@PLT
    mov %rbx, %r12
    movdqu %xmm0, -48(%rbp)
    jmp __kefir_func_test_dec64_sqrt_approx_label4
__kefir_func_test_dec64_sqrt_approx_label10:
    movq __kefir_func_test_dec64_sqrt_approx_label16(%rip), %xmm0
    lea -16(%rbp), %rsp
    pop %r12
    pop %rbx
    pop %rbp
    ret
__kefir_text_func_test_dec64_sqrt_approx_end:
.section .rodata
    .align 8
__kefir_func_test_dec64_sqrt_approx_label12:
    .quad 3584865303386914816
    .align 8
__kefir_func_test_dec64_sqrt_approx_label13:
    .quad 3575858104132173829
    .align 8
__kefir_func_test_dec64_sqrt_approx_label14:
    .quad 3575858104132173829
    .align 8
__kefir_func_test_dec64_sqrt_approx_label15:
    .quad 3575858104132173829
    .align 8
__kefir_func_test_dec64_sqrt_approx_label16:
    .quad 3584865303386914816
.section .text

test_dec32_ax:
__kefir_text_func_test_dec32_ax_begin:
    push %rbp
    mov %rsp, %rbp
    push %rbx
    push %r12
    push %r13
    push %r14
    push %r15
    sub $40, %rsp
    movdqu %xmm0, -64(%rbp)
    mov %rdx, %r14
    mov %rsi, %r15
    mov %rdi, %rbx
    movq (%rbx), %rax
    movq %rax, -48(%rbp)
    movq -48(%rbp), %rcx
    imul %rax, %rcx
    movq %rcx, -48(%rbp)
    imulq $4, -48(%rbp), %rdi
    call malloc@PLT
    mov %rax, %r13
    test %r13, %r13
    jz __kefir_func_test_dec32_ax_label10
    mov %rbx, %rdi
    mov %r15, %rsi
    mov %r13, %rdx
    call test_dec32_laplacian_apply
    xor %r12d, %r12d
__kefir_func_test_dec32_ax_label4:
    movq -48(%rbp), %rax
    cmp %rax, %r12
    jb __kefir_func_test_dec32_ax_label8
    mov %r13, %rdi
    lea -40(%rbp), %rsp
    pop %r15
    pop %r14
    pop %r13
    pop %r12
    pop %rbx
    pop %rbp
    jmp free@PLT
__kefir_func_test_dec32_ax_label8:
    imul $4, %r12, %rcx
    mov %r15, %rsi
    add %rcx, %rsi
    movd (%rsi), %xmm0
    movd %xmm0, -80(%rbp)
    imul $4, %r12, %rcx
    mov %r13, %rax
    add %rcx, %rax
    movd (%rax), %xmm1
    imul $4, %r12, %rcx
    mov %r14, %rbx
    add %rcx, %rbx
    movdqu -64(%rbp), %xmm0
    call __bid_mulsd3@PLT
    movaps %xmm0, %xmm1
    movdqu -80(%rbp), %xmm0
    call __bid_subsd3@PLT
    movd %xmm0, (%rbx)
    lea 1(%r12), %rcx
    mov %rcx, %r12
    jmp __kefir_func_test_dec32_ax_label4
__kefir_func_test_dec32_ax_label10:
    lea -40(%rbp), %rsp
    pop %r15
    pop %r14
    pop %r13
    pop %r12
    pop %rbx
    pop %rbp
    jmp abort@PLT
__kefir_text_func_test_dec32_ax_end:

test_dec64_ax:
__kefir_text_func_test_dec64_ax_begin:
    push %rbp
    mov %rsp, %rbp
    push %rbx
    push %r12
    push %r13
    push %r14
    push %r15
    sub $40, %rsp
    movdqu %xmm0, -64(%rbp)
    mov %rdx, %r14
    mov %rsi, %r15
    mov %rdi, %rbx
    movq (%rbx), %rax
    movq %rax, -48(%rbp)
    movq -48(%rbp), %rcx
    imul %rax, %rcx
    movq %rcx, -48(%rbp)
    imulq $8, -48(%rbp), %rdi
    call malloc@PLT
    mov %rax, %r13
    test %r13, %r13
    jz __kefir_func_test_dec64_ax_label10
    mov %rbx, %rdi
    mov %r15, %rsi
    mov %r13, %rdx
    call test_dec64_laplacian_apply
    xor %r12d, %r12d
__kefir_func_test_dec64_ax_label4:
    movq -48(%rbp), %rax
    cmp %rax, %r12
    jb __kefir_func_test_dec64_ax_label8
    mov %r13, %rdi
    lea -40(%rbp), %rsp
    pop %r15
    pop %r14
    pop %r13
    pop %r12
    pop %rbx
    pop %rbp
    jmp free@PLT
__kefir_func_test_dec64_ax_label8:
    imul $8, %r12, %rcx
    mov %r15, %rsi
    add %rcx, %rsi
    movq (%rsi), %xmm0
    movq %xmm0, -80(%rbp)
    imul $8, %r12, %rcx
    mov %r13, %rax
    add %rcx, %rax
    movq (%rax), %xmm1
    imul $8, %r12, %rcx
    mov %r14, %rbx
    add %rcx, %rbx
    movdqu -64(%rbp), %xmm0
    call __bid_muldd3@PLT
    movaps %xmm0, %xmm1
    movdqu -80(%rbp), %xmm0
    call __bid_subdd3@PLT
    movq %xmm0, (%rbx)
    lea 1(%r12), %rcx
    mov %rcx, %r12
    jmp __kefir_func_test_dec64_ax_label4
__kefir_func_test_dec64_ax_label10:
    lea -40(%rbp), %rsp
    pop %r15
    pop %r14
    pop %r13
    pop %r12
    pop %rbx
    pop %rbp
    jmp abort@PLT
__kefir_text_func_test_dec64_ax_end:

test_dec64_laplacian_apply:
__kefir_text_func_test_dec64_laplacian_apply_begin:
    push %rbp
    mov %rsp, %rbp
    push %rbx
    push %r12
    push %r13
    push %r14
    push %r15
    sub $104, %rsp
    movq %rdx, -96(%rbp)
    movq %rsi, -88(%rbp)
    movq %rdi, -80(%rbp)
    movq -80(%rbp), %rax
    movq (%rax), %rcx
    movq %rcx, -72(%rbp)
    movq -80(%rbp), %rdi
    add $16, %rdi
    movq (%rdi), %xmm0
    movq %xmm0, -64(%rbp)
    movq $0, -48(%rbp)
__kefir_func_test_dec64_laplacian_apply_label2:
    movq -48(%rbp), %r12
    add $1, %r12
    movq -48(%rbp), %r13
    add $1, %r13
    movq -48(%rbp), %r14
    sub $1, %r14
    movq -48(%rbp), %rax
    movq -72(%rbp), %rcx
    cmp %rcx, %rax
    jae __kefir_func_test_dec64_laplacian_apply_label4
__kefir_func_test_dec64_laplacian_apply_label34:
    xor %r15d, %r15d
    jmp __kefir_func_test_dec64_laplacian_apply_label6
__kefir_func_test_dec64_laplacian_apply_label4:
    lea -40(%rbp), %rsp
    pop %r15
    pop %r14
    pop %r13
    pop %r12
    pop %rbx
    pop %rbp
    ret
__kefir_func_test_dec64_laplacian_apply_label6:
    movq -48(%rbp), %rax
    add $1, %rax
    movq -72(%rbp), %rcx
    cmp %rcx, %r15
    jb __kefir_func_test_dec64_laplacian_apply_label8
    movq %rax, -48(%rbp)
    jmp __kefir_func_test_dec64_laplacian_apply_label2
__kefir_func_test_dec64_laplacian_apply_label8:
    movq -80(%rbp), %rcx
    movq (%rcx), %rax
    movq -48(%rbp), %rcx
    imul %rax, %rcx
    add %r15, %rcx
    imul $8, %rcx, %rax
    movq -88(%rbp), %rsi
    add %rax, %rsi
    movq (%rsi), %xmm0
    movq %xmm0, -112(%rbp)
    cmpq $0, -48(%rbp)
    jbe __kefir_func_test_dec64_laplacian_apply_label32
    movq -80(%rbp), %rcx
    movq (%rcx), %rax
    mov %r14, %r8
    imul %rax, %r8
    add %r15, %r8
    imul $8, %r8, %rax
    movq -88(%rbp), %rsi
    add %rax, %rsi
    movq (%rsi), %xmm0
__kefir_func_test_dec64_laplacian_apply_label12:
    movq -72(%rbp), %rax
    cmp %rax, %r13
    jae __kefir_func_test_dec64_laplacian_apply_label30
    movq -80(%rbp), %rcx
    movq (%rcx), %rax
    mov %r12, %r8
    imul %rax, %r8
    add %r15, %r8
    imul $8, %r8, %rax
    movq -88(%rbp), %rsi
    add %rax, %rsi
    movq (%rsi), %xmm1
    movaps %xmm1, %xmm2
__kefir_func_test_dec64_laplacian_apply_label16:
    mov %r15, %r9
    sub $1, %r9
    cmp $0, %r15
    jbe __kefir_func_test_dec64_laplacian_apply_label28
    movq -80(%rbp), %rcx
    movq (%rcx), %rax
    movq -48(%rbp), %r8
    imul %rax, %r8
    add %r9, %r8
    imul $8, %r8, %rax
    movq -88(%rbp), %rsi
    add %rax, %rsi
    movq (%rsi), %xmm1
    movdqu %xmm1, -128(%rbp)
__kefir_func_test_dec64_laplacian_apply_label20:
    lea 1(%r15), %r9
    lea 1(%r15), %rax
    movq -72(%rbp), %rcx
    cmp %rcx, %rax
    jae __kefir_func_test_dec64_laplacian_apply_label26
    movq -80(%rbp), %rcx
    movq (%rcx), %rax
    movq -48(%rbp), %r8
    imul %rax, %r8
    add %r9, %r8
    imul $8, %r8, %rax
    movq -88(%rbp), %rsi
    add %rax, %rsi
    movq (%rsi), %xmm1
    movdqu %xmm1, -144(%rbp)
__kefir_func_test_dec64_laplacian_apply_label24:
    movq -80(%rbp), %rcx
    movq (%rcx), %rax
    movq -48(%rbp), %r8
    imul %rax, %r8
    add %r15, %r8
    imul $8, %r8, %rax
    movq -96(%rbp), %rbx
    add %rax, %rbx
    movaps %xmm2, %xmm1
    call __bid_adddd3@PLT
    movdqu -128(%rbp), %xmm1
    call __bid_adddd3@PLT
    movdqu -144(%rbp), %xmm1
    call __bid_adddd3@PLT
    movdqu %xmm0, -144(%rbp)
    movq __kefir_func_test_dec64_laplacian_apply_label35(%rip), %xmm0
    movdqu -112(%rbp), %xmm1
    call __bid_muldd3@PLT
    movaps %xmm0, %xmm2
    movdqu -144(%rbp), %xmm0
    movaps %xmm2, %xmm1
    call __bid_subdd3@PLT
    movdqu -64(%rbp), %xmm1
    call __bid_muldd3@PLT
    movq %xmm0, (%rbx)
    lea 1(%r15), %rax
    mov %rax, %r15
    jmp __kefir_func_test_dec64_laplacian_apply_label6
__kefir_func_test_dec64_laplacian_apply_label26:
    movq __kefir_func_test_dec64_laplacian_apply_label36(%rip), %xmm1
    movdqu %xmm1, -144(%rbp)
    jmp __kefir_func_test_dec64_laplacian_apply_label24
__kefir_func_test_dec64_laplacian_apply_label28:
    movq __kefir_func_test_dec64_laplacian_apply_label37(%rip), %xmm1
    movdqu %xmm1, -128(%rbp)
    jmp __kefir_func_test_dec64_laplacian_apply_label20
__kefir_func_test_dec64_laplacian_apply_label30:
    movq __kefir_func_test_dec64_laplacian_apply_label38(%rip), %xmm1
    movaps %xmm1, %xmm2
    jmp __kefir_func_test_dec64_laplacian_apply_label16
__kefir_func_test_dec64_laplacian_apply_label32:
    movq __kefir_func_test_dec64_laplacian_apply_label39(%rip), %xmm0
    jmp __kefir_func_test_dec64_laplacian_apply_label12
__kefir_text_func_test_dec64_laplacian_apply_end:
.section .rodata
    .align 8
__kefir_func_test_dec64_laplacian_apply_label35:
    .quad 3584865303386914820
    .align 8
__kefir_func_test_dec64_laplacian_apply_label36:
    .quad 3584865303386914816
    .align 8
__kefir_func_test_dec64_laplacian_apply_label37:
    .quad 3584865303386914816
    .align 8
__kefir_func_test_dec64_laplacian_apply_label38:
    .quad 3584865303386914816
    .align 8
__kefir_func_test_dec64_laplacian_apply_label39:
    .quad 3584865303386914816
.section .text

test_dec128_grid_free:
__kefir_text_func_test_dec128_grid_free_begin:
    push %rbp
    mov %rsp, %rbp
    push %rbx
    sub $8, %rsp
    mov %rdi, %rbx
    movq 48(%rbx), %rdi
    call free@PLT
    movq 56(%rbx), %rdi
    call free@PLT
    movq $0, 56(%rbx)
    movq $0, 48(%rbx)
    lea -8(%rbp), %rsp
    pop %rbx
    pop %rbp
    ret
__kefir_text_func_test_dec128_grid_free_end:

test_dec128_grid_init:
__kefir_text_func_test_dec128_grid_init_begin:
    push %rbp
    mov %rsp, %rbp
    push %rbx
    push %r12
    push %r13
    sub $24, %rsp
    mov %rsi, %r12
    mov %rdi, %r13
    movq %r12, (%r13)
    lea 16(%r13), %rbx
    movdqu __kefir_func_test_dec128_grid_init_label10(%rip), %xmm0
    movdqu %xmm0, -48(%rbp)
    lea 1(%r12), %rsi
    mov %rsi, %rdi
    call __bid_floatunsditd@PLT
    movaps %xmm0, %xmm1
    movdqu -48(%rbp), %xmm0
    call __bid_divtd3@PLT
    movaps %xmm0, %xmm1
    movdqu %xmm1, (%rbx)
    lea 32(%r13), %rbx
    movdqu __kefir_func_test_dec128_grid_init_label11(%rip), %xmm0
    movdqu %xmm0, -48(%rbp)
    movaps %xmm1, %xmm0
    call __bid_multd3@PLT
    movaps %xmm0, %xmm1
    movdqu -48(%rbp), %xmm0
    call __bid_divtd3@PLT
    movdqu %xmm0, (%rbx)
    mov %r12, %rbx
    imul %r12, %rbx
    mov %rbx, %rdi
    mov $16, %rsi
    call calloc@PLT
    movq %rax, 48(%r13)
    mov %rbx, %rdi
    mov $16, %rsi
    call calloc@PLT
    movq %rax, 56(%r13)
    movq 48(%r13), %rax
    xor %ecx, %ecx
    test %rax, %rax
    sete %cl
    test %rax, %rax
    jnz __kefir_func_test_dec128_grid_init_label8
    mov %rcx, %rax
__kefir_func_test_dec128_grid_init_label2:
    test %eax, %eax
    jnz __kefir_func_test_dec128_grid_init_label6
    lea -24(%rbp), %rsp
    pop %r13
    pop %r12
    pop %rbx
    pop %rbp
    ret
__kefir_func_test_dec128_grid_init_label6:
    lea -24(%rbp), %rsp
    pop %r13
    pop %r12
    pop %rbx
    pop %rbp
    jmp abort@PLT
__kefir_func_test_dec128_grid_init_label8:
    lea 56(%r13), %rdi
    movq (%rdi), %rcx
    xor %eax, %eax
    test %rcx, %rcx
    sete %al
    jmp __kefir_func_test_dec128_grid_init_label2
__kefir_text_func_test_dec128_grid_init_end:
.section .rodata
    .align 16
__kefir_func_test_dec128_grid_init_label10:
    .quad 1, 3476778912330022912
    .align 16
__kefir_func_test_dec128_grid_init_label11:
    .quad 1, 3476778912330022912
.section .text

test_dec128_laplacian_apply:
__kefir_text_func_test_dec128_laplacian_apply_begin:
    push %rbp
    mov %rsp, %rbp
    push %rbx
    push %r12
    push %r13
    push %r14
    push %r15
    sub $104, %rsp
    movq %rdx, -96(%rbp)
    movq %rsi, -88(%rbp)
    movq %rdi, -80(%rbp)
    movq -80(%rbp), %rax
    movq (%rax), %rcx
    movq %rcx, -72(%rbp)
    movq -80(%rbp), %rdi
    add $32, %rdi
    movdqu (%rdi), %xmm0
    movdqu %xmm0, -64(%rbp)
    movq $0, -48(%rbp)
__kefir_func_test_dec128_laplacian_apply_label2:
    movq -48(%rbp), %r12
    add $1, %r12
    movq -48(%rbp), %r13
    add $1, %r13
    movq -48(%rbp), %r14
    sub $1, %r14
    movq -48(%rbp), %rax
    movq -72(%rbp), %rcx
    cmp %rcx, %rax
    jae __kefir_func_test_dec128_laplacian_apply_label4
__kefir_func_test_dec128_laplacian_apply_label34:
    xor %r15d, %r15d
    jmp __kefir_func_test_dec128_laplacian_apply_label6
__kefir_func_test_dec128_laplacian_apply_label4:
    lea -40(%rbp), %rsp
    pop %r15
    pop %r14
    pop %r13
    pop %r12
    pop %rbx
    pop %rbp
    ret
__kefir_func_test_dec128_laplacian_apply_label6:
    movq -48(%rbp), %rax
    add $1, %rax
    movq -72(%rbp), %rcx
    cmp %rcx, %r15
    jb __kefir_func_test_dec128_laplacian_apply_label8
    movq %rax, -48(%rbp)
    jmp __kefir_func_test_dec128_laplacian_apply_label2
__kefir_func_test_dec128_laplacian_apply_label8:
    movq -80(%rbp), %rcx
    movq (%rcx), %rax
    movq -48(%rbp), %rcx
    imul %rax, %rcx
    add %r15, %rcx
    imul $16, %rcx, %rax
    movq -88(%rbp), %rsi
    add %rax, %rsi
    movdqu (%rsi), %xmm0
    movdqu %xmm0, -112(%rbp)
    cmpq $0, -48(%rbp)
    jbe __kefir_func_test_dec128_laplacian_apply_label32
    movq -80(%rbp), %rcx
    movq (%rcx), %rax
    mov %r14, %r8
    imul %rax, %r8
    add %r15, %r8
    imul $16, %r8, %rax
    movq -88(%rbp), %rsi
    add %rax, %rsi
    movdqu (%rsi), %xmm0
__kefir_func_test_dec128_laplacian_apply_label12:
    movq -72(%rbp), %rax
    cmp %rax, %r13
    jae __kefir_func_test_dec128_laplacian_apply_label30
    movq -80(%rbp), %rcx
    movq (%rcx), %rax
    mov %r12, %r8
    imul %rax, %r8
    add %r15, %r8
    imul $16, %r8, %rax
    movq -88(%rbp), %rsi
    add %rax, %rsi
    movdqu (%rsi), %xmm1
    movaps %xmm1, %xmm2
__kefir_func_test_dec128_laplacian_apply_label16:
    mov %r15, %r9
    sub $1, %r9
    cmp $0, %r15
    jbe __kefir_func_test_dec128_laplacian_apply_label28
    movq -80(%rbp), %rcx
    movq (%rcx), %rax
    movq -48(%rbp), %r8
    imul %rax, %r8
    add %r9, %r8
    imul $16, %r8, %rax
    movq -88(%rbp), %rsi
    add %rax, %rsi
    movdqu (%rsi), %xmm1
    movdqu %xmm1, -128(%rbp)
__kefir_func_test_dec128_laplacian_apply_label20:
    lea 1(%r15), %r9
    lea 1(%r15), %rax
    movq -72(%rbp), %rcx
    cmp %rcx, %rax
    jae __kefir_func_test_dec128_laplacian_apply_label26
    movq -80(%rbp), %rcx
    movq (%rcx), %rax
    movq -48(%rbp), %r8
    imul %rax, %r8
    add %r9, %r8
    imul $16, %r8, %rax
    movq -88(%rbp), %rsi
    add %rax, %rsi
    movdqu (%rsi), %xmm1
    movdqu %xmm1, -144(%rbp)
__kefir_func_test_dec128_laplacian_apply_label24:
    movq -80(%rbp), %rcx
    movq (%rcx), %rax
    movq -48(%rbp), %r8
    imul %rax, %r8
    add %r15, %r8
    imul $16, %r8, %rax
    movq -96(%rbp), %rbx
    add %rax, %rbx
    movaps %xmm2, %xmm1
    call __bid_addtd3@PLT
    movdqu -128(%rbp), %xmm1
    call __bid_addtd3@PLT
    movdqu -144(%rbp), %xmm1
    call __bid_addtd3@PLT
    movdqu %xmm0, -144(%rbp)
    movdqu __kefir_func_test_dec128_laplacian_apply_label35(%rip), %xmm0
    movdqu -112(%rbp), %xmm1
    call __bid_multd3@PLT
    movaps %xmm0, %xmm2
    movdqu -144(%rbp), %xmm0
    movaps %xmm2, %xmm1
    call __bid_subtd3@PLT
    movdqu -64(%rbp), %xmm1
    call __bid_multd3@PLT
    movdqu %xmm0, (%rbx)
    lea 1(%r15), %rax
    mov %rax, %r15
    jmp __kefir_func_test_dec128_laplacian_apply_label6
__kefir_func_test_dec128_laplacian_apply_label26:
    movdqu __kefir_func_test_dec128_laplacian_apply_label36(%rip), %xmm1
    movdqu %xmm1, -144(%rbp)
    jmp __kefir_func_test_dec128_laplacian_apply_label24
__kefir_func_test_dec128_laplacian_apply_label28:
    movdqu __kefir_func_test_dec128_laplacian_apply_label37(%rip), %xmm1
    movdqu %xmm1, -128(%rbp)
    jmp __kefir_func_test_dec128_laplacian_apply_label20
__kefir_func_test_dec128_laplacian_apply_label30:
    movdqu __kefir_func_test_dec128_laplacian_apply_label38(%rip), %xmm1
    movaps %xmm1, %xmm2
    jmp __kefir_func_test_dec128_laplacian_apply_label16
__kefir_func_test_dec128_laplacian_apply_label32:
    movdqu __kefir_func_test_dec128_laplacian_apply_label39(%rip), %xmm0
    jmp __kefir_func_test_dec128_laplacian_apply_label12
__kefir_text_func_test_dec128_laplacian_apply_end:
.section .rodata
    .align 16
__kefir_func_test_dec128_laplacian_apply_label35:
    .quad 4, 3476778912330022912
    .align 16
__kefir_func_test_dec128_laplacian_apply_label36:
    .quad 0, 3476778912330022912
    .align 16
__kefir_func_test_dec128_laplacian_apply_label37:
    .quad 0, 3476778912330022912
    .align 16
__kefir_func_test_dec128_laplacian_apply_label38:
    .quad 0, 3476778912330022912
    .align 16
__kefir_func_test_dec128_laplacian_apply_label39:
    .quad 0, 3476778912330022912
.section .text

test_dec128_cg_solve:
__kefir_text_func_test_dec128_cg_solve_begin:
    push %rbp
    mov %rsp, %rbp
    push %rbx
    push %r12
    push %r13
    push %r14
    push %r15
    sub $168, %rsp
    movdqu %xmm1, -64(%rbp)
    movq %rcx, -112(%rbp)
    movdqu %xmm0, -96(%rbp)
    mov %rdx, %r13
    movq %rsi, -72(%rbp)
    movq %rdi, -104(%rbp)
    movq -104(%rbp), %rax
    movq (%rax), %rdx
    movq -104(%rbp), %rcx
    movq (%rcx), %rax
    movq %rdx, -80(%rbp)
    movq -80(%rbp), %rcx
    imul %rax, %rcx
    movq %rcx, -80(%rbp)
    imulq $16, -80(%rbp), %rdi
    call malloc@PLT
    movq %rax, -120(%rbp)
    imulq $16, -80(%rbp), %rdi
    call malloc@PLT
    movq %rax, -128(%rbp)
    imulq $16, -80(%rbp), %rdi
    call malloc@PLT
    mov %rax, %r15
    xor %r8d, %r8d
    movq -120(%rbp), %rax
    movq -120(%rbp), %rcx
    test %rcx, %rax
    sete %r8b
    xor %r9d, %r9d
    movq -128(%rbp), %rax
    movq -128(%rbp), %rcx
    test %rcx, %rax
    sete %r9b
    movq -120(%rbp), %rax
    movq -120(%rbp), %rcx
    test %rcx, %rax
    cmovnz %r9, %r8
    xor %r9d, %r9d
    test %r15, %r15
    sete %r9b
    or %r9d, %r8d
    setne %r8b
    test %r8b, %r8b
    jnz __kefir_func_test_dec128_cg_solve_label38
    movq -104(%rbp), %rdi
    movq -72(%rbp), %rsi
    mov %r15, %rdx
    movdqu -96(%rbp), %xmm0
    call test_dec128_ax
    xor %r12d, %r12d
__kefir_func_test_dec128_cg_solve_label4:
    movq -80(%rbp), %rax
    cmp %rax, %r12
    jb __kefir_func_test_dec128_cg_solve_label36
    xor %r9d, %r9d
__kefir_func_test_dec128_cg_solve_label6:
    movq -80(%rbp), %rax
    cmp %rax, %r9
    jb __kefir_func_test_dec128_cg_solve_label34
    movq -120(%rbp), %rdi
    movq -120(%rbp), %rsi
    movq -80(%rbp), %rdx
    call test_dec128_dot
    movdqu %xmm0, -144(%rbp)
    movdqu __kefir_func_test_dec128_cg_solve_label40(%rip), %xmm1
    movdqu -144(%rbp), %xmm0
    call __bid_eqtd2@PLT
    test %eax, %eax
    jz __kefir_func_test_dec128_cg_solve_label32
    xor %r14d, %r14d
    movq -144(%rbp), %rax
    movq %rax, -160(%rbp)
    movq -136(%rbp), %rax
    movq %rax, -152(%rbp)
__kefir_func_test_dec128_cg_solve_label10:
    movl -112(%rbp), %eax
    cmp %eax, %r14d
    jl __kefir_func_test_dec128_cg_solve_label14
__kefir_func_test_dec128_cg_solve_label12:
    movq -120(%rbp), %rdi
    call free@PLT
    movq -128(%rbp), %rdi
    call free@PLT
    mov %r15, %rdi
    call free@PLT
    mov %r14, %rax
    lea -40(%rbp), %rsp
    pop %r15
    pop %r14
    pop %r13
    pop %r12
    pop %rbx
    pop %rbp
    ret
__kefir_func_test_dec128_cg_solve_label14:
    movq -104(%rbp), %rdi
    movq -128(%rbp), %rsi
    mov %r15, %rdx
    movdqu -96(%rbp), %xmm0
    call test_dec128_ax
    movq -128(%rbp), %rdi
    mov %r15, %rsi
    movq -80(%rbp), %rdx
    call test_dec128_dot
    movaps %xmm0, %xmm2
    movdqu -160(%rbp), %xmm0
    movaps %xmm2, %xmm1
    call __bid_divtd3@PLT
    movdqu %xmm0, -192(%rbp)
    xor %r13d, %r13d
__kefir_func_test_dec128_cg_solve_label16:
    movq -80(%rbp), %rax
    cmp %rax, %r13
    jb __kefir_func_test_dec128_cg_solve_label30
    xor %r12d, %r12d
__kefir_func_test_dec128_cg_solve_label18:
    movq -80(%rbp), %rax
    cmp %rax, %r12
    jb __kefir_func_test_dec128_cg_solve_label28
    movq -120(%rbp), %rdi
    movq -120(%rbp), %rsi
    movq -80(%rbp), %rdx
    call test_dec128_dot
    movdqu %xmm0, -176(%rbp)
    movdqu -176(%rbp), %xmm0
    movdqu -144(%rbp), %xmm1
    call __bid_divtd3@PLT
    call test_dec128_sqrt_approx
    movdqu %xmm0, -208(%rbp)
    movdqu -208(%rbp), %xmm0
    movdqu -64(%rbp), %xmm1
    call __bid_lttd2@PLT
    xor %ebx, %ebx
    cmp $0, %eax
    setl %bl
    movdqu -64(%rbp), %xmm0
    movdqu -208(%rbp), %xmm1
    call __bid_eqtd2@PLT
    test %eax, %eax
    sete %r8b
    mov %rbx, %r9
    or %r8b, %r9b
    setne %r9b
    test %r9b, %r9b
    jnz __kefir_func_test_dec128_cg_solve_label12
    movdqu -176(%rbp), %xmm0
    movdqu -160(%rbp), %xmm1
    call __bid_divtd3@PLT
    movdqu %xmm0, -192(%rbp)
    xor %r12d, %r12d
__kefir_func_test_dec128_cg_solve_label24:
    mov %r14, %rax
    add $1, %eax
    movq -80(%rbp), %rcx
    cmp %rcx, %r12
    jb __kefir_func_test_dec128_cg_solve_label26
    mov %rax, %r14
    movq -176(%rbp), %rax
    movq %rax, -160(%rbp)
    movq -168(%rbp), %rax
    movq %rax, -152(%rbp)
    jmp __kefir_func_test_dec128_cg_solve_label10
__kefir_func_test_dec128_cg_solve_label26:
    imul $16, %r12, %r8
    movq -120(%rbp), %rax
    add %r8, %rax
    movdqu (%rax), %xmm0
    movdqu %xmm0, -208(%rbp)
    imul $16, %r12, %r8
    movq -128(%rbp), %rax
    add %r8, %rax
    movdqu (%rax), %xmm1
    imul $16, %r12, %r8
    movq -128(%rbp), %rbx
    add %r8, %rbx
    movdqu -192(%rbp), %xmm0
    call __bid_multd3@PLT
    movaps %xmm0, %xmm2
    movdqu -208(%rbp), %xmm0
    movaps %xmm2, %xmm1
    call __bid_addtd3@PLT
    movdqu %xmm0, (%rbx)
    lea 1(%r12), %r8
    mov %r8, %r12
    jmp __kefir_func_test_dec128_cg_solve_label24
__kefir_func_test_dec128_cg_solve_label28:
    imul $16, %r12, %r8
    mov %r15, %rax
    add %r8, %rax
    movdqu (%rax), %xmm1
    imul $16, %r12, %r8
    movq -120(%rbp), %rbx
    add %r8, %rbx
    movdqu (%rbx), %xmm0
    movdqu %xmm0, -208(%rbp)
    movdqu -192(%rbp), %xmm0
    call __bid_multd3@PLT
    movaps %xmm0, %xmm2
    movdqu -208(%rbp), %xmm0
    movaps %xmm2, %xmm1
    call __bid_subtd3@PLT
    movdqu %xmm0, (%rbx)
    lea 1(%r12), %r8
    mov %r8, %r12
    jmp __kefir_func_test_dec128_cg_solve_label18
__kefir_func_test_dec128_cg_solve_label30:
    imul $16, %r13, %r8
    movq -128(%rbp), %rax
    add %r8, %rax
    movdqu (%rax), %xmm1
    imul $16, %r13, %r8
    movq -72(%rbp), %rbx
    add %r8, %rbx
    movdqu (%rbx), %xmm0
    movdqu %xmm0, -208(%rbp)
    movdqu -192(%rbp), %xmm0
    call __bid_multd3@PLT
    movaps %xmm0, %xmm2
    movdqu -208(%rbp), %xmm0
    movaps %xmm2, %xmm1
    call __bid_addtd3@PLT
    movdqu %xmm0, (%rbx)
    lea 1(%r13), %r8
    mov %r8, %r13
    jmp __kefir_func_test_dec128_cg_solve_label16
__kefir_func_test_dec128_cg_solve_label32:
    movq -120(%rbp), %rdi
    call free@PLT
    movq -128(%rbp), %rdi
    call free@PLT
    mov %r15, %rdi
    call free@PLT
    xor %eax, %eax
    lea -40(%rbp), %rsp
    pop %r15
    pop %r14
    pop %r13
    pop %r12
    pop %rbx
    pop %rbp
    ret
__kefir_func_test_dec128_cg_solve_label34:
    imul $16, %r9, %r8
    movq -120(%rbp), %rax
    add %r8, %rax
    movdqu (%rax), %xmm2
    imul $16, %r9, %r8
    movq -128(%rbp), %rax
    add %r8, %rax
    movdqu %xmm2, (%rax)
    lea 1(%r9), %r8
    mov %r8, %r9
    jmp __kefir_func_test_dec128_cg_solve_label6
__kefir_func_test_dec128_cg_solve_label36:
    imul $16, %r12, %r8
    mov %r13, %rdx
    add %r8, %rdx
    movdqu (%rdx), %xmm0
    imul $16, %r12, %r8
    mov %r15, %rax
    add %r8, %rax
    movdqu (%rax), %xmm1
    imul $16, %r12, %r8
    movq -120(%rbp), %rbx
    add %r8, %rbx
    call __bid_subtd3@PLT
    movdqu %xmm0, (%rbx)
    lea 1(%r12), %r8
    mov %r8, %r12
    jmp __kefir_func_test_dec128_cg_solve_label4
__kefir_func_test_dec128_cg_solve_label38:
    lea -40(%rbp), %rsp
    pop %r15
    pop %r14
    pop %r13
    pop %r12
    pop %rbx
    pop %rbp
    jmp abort@PLT
__kefir_text_func_test_dec128_cg_solve_end:
.section .rodata
    .align 16
__kefir_func_test_dec128_cg_solve_label40:
    .quad 0, 3476778912330022912
.section .text

test_dec32_grid_free:
__kefir_text_func_test_dec32_grid_free_begin:
    push %rbp
    mov %rsp, %rbp
    push %rbx
    sub $8, %rsp
    mov %rdi, %rbx
    movq 16(%rbx), %rdi
    call free@PLT
    movq 24(%rbx), %rdi
    call free@PLT
    movq $0, 24(%rbx)
    movq $0, 16(%rbx)
    lea -8(%rbp), %rsp
    pop %rbx
    pop %rbp
    ret
__kefir_text_func_test_dec32_grid_free_end:

test_dec32_grid_init:
__kefir_text_func_test_dec32_grid_init_begin:
    push %rbp
    mov %rsp, %rbp
    push %rbx
    push %r12
    push %r13
    sub $24, %rsp
    mov %rsi, %r12
    mov %rdi, %r13
    movq %r12, (%r13)
    lea 8(%r13), %rbx
    movd __kefir_func_test_dec32_grid_init_label10(%rip), %xmm0
    movd %xmm0, -48(%rbp)
    lea 1(%r12), %rsi
    mov %rsi, %rdi
    call __bid_floatunsdisd@PLT
    movaps %xmm0, %xmm1
    movdqu -48(%rbp), %xmm0
    call __bid_divsd3@PLT
    movaps %xmm0, %xmm1
    movd %xmm1, (%rbx)
    lea 12(%r13), %rbx
    movd __kefir_func_test_dec32_grid_init_label11(%rip), %xmm0
    movd %xmm0, -48(%rbp)
    movaps %xmm1, %xmm0
    call __bid_mulsd3@PLT
    movaps %xmm0, %xmm1
    movdqu -48(%rbp), %xmm0
    call __bid_divsd3@PLT
    movd %xmm0, (%rbx)
    mov %r12, %rbx
    imul %r12, %rbx
    mov %rbx, %rdi
    mov $4, %rsi
    call calloc@PLT
    movq %rax, 16(%r13)
    mov %rbx, %rdi
    mov $4, %rsi
    call calloc@PLT
    movq %rax, 24(%r13)
    movq 16(%r13), %rax
    xor %ecx, %ecx
    test %rax, %rax
    sete %cl
    test %rax, %rax
    jnz __kefir_func_test_dec32_grid_init_label8
    mov %rcx, %rax
__kefir_func_test_dec32_grid_init_label2:
    test %eax, %eax
    jnz __kefir_func_test_dec32_grid_init_label6
    lea -24(%rbp), %rsp
    pop %r13
    pop %r12
    pop %rbx
    pop %rbp
    ret
__kefir_func_test_dec32_grid_init_label6:
    lea -24(%rbp), %rsp
    pop %r13
    pop %r12
    pop %rbx
    pop %rbp
    jmp abort@PLT
__kefir_func_test_dec32_grid_init_label8:
    lea 24(%r13), %rdi
    movq (%rdi), %rcx
    xor %eax, %eax
    test %rcx, %rcx
    sete %al
    jmp __kefir_func_test_dec32_grid_init_label2
__kefir_text_func_test_dec32_grid_init_end:
.section .rodata
    .align 4
__kefir_func_test_dec32_grid_init_label10:
    .long 847249409
    .align 4
__kefir_func_test_dec32_grid_init_label11:
    .long 847249409
.section .text

test_dec64_grid_free:
__kefir_text_func_test_dec64_grid_free_begin:
    push %rbp
    mov %rsp, %rbp
    push %rbx
    sub $8, %rsp
    mov %rdi, %rbx
    movq 24(%rbx), %rdi
    call free@PLT
    movq 32(%rbx), %rdi
    call free@PLT
    movq $0, 32(%rbx)
    movq $0, 24(%rbx)
    lea -8(%rbp), %rsp
    pop %rbx
    pop %rbp
    ret
__kefir_text_func_test_dec64_grid_free_end:

test_dec64_grid_init:
__kefir_text_func_test_dec64_grid_init_begin:
    push %rbp
    mov %rsp, %rbp
    push %rbx
    push %r12
    push %r13
    sub $24, %rsp
    mov %rsi, %r12
    mov %rdi, %r13
    movq %r12, (%r13)
    lea 8(%r13), %rbx
    movq __kefir_func_test_dec64_grid_init_label10(%rip), %xmm0
    movq %xmm0, -48(%rbp)
    lea 1(%r12), %rsi
    mov %rsi, %rdi
    call __bid_floatunsdidd@PLT
    movaps %xmm0, %xmm1
    movdqu -48(%rbp), %xmm0
    call __bid_divdd3@PLT
    movaps %xmm0, %xmm1
    movq %xmm1, (%rbx)
    lea 16(%r13), %rbx
    movq __kefir_func_test_dec64_grid_init_label11(%rip), %xmm0
    movq %xmm0, -48(%rbp)
    movaps %xmm1, %xmm0
    call __bid_muldd3@PLT
    movaps %xmm0, %xmm1
    movdqu -48(%rbp), %xmm0
    call __bid_divdd3@PLT
    movq %xmm0, (%rbx)
    mov %r12, %rbx
    imul %r12, %rbx
    mov %rbx, %rdi
    mov $8, %rsi
    call calloc@PLT
    movq %rax, 24(%r13)
    mov %rbx, %rdi
    mov $8, %rsi
    call calloc@PLT
    movq %rax, 32(%r13)
    movq 24(%r13), %rax
    xor %ecx, %ecx
    test %rax, %rax
    sete %cl
    test %rax, %rax
    jnz __kefir_func_test_dec64_grid_init_label8
    mov %rcx, %rax
__kefir_func_test_dec64_grid_init_label2:
    test %eax, %eax
    jnz __kefir_func_test_dec64_grid_init_label6
    lea -24(%rbp), %rsp
    pop %r13
    pop %r12
    pop %rbx
    pop %rbp
    ret
__kefir_func_test_dec64_grid_init_label6:
    lea -24(%rbp), %rsp
    pop %r13
    pop %r12
    pop %rbx
    pop %rbp
    jmp abort@PLT
__kefir_func_test_dec64_grid_init_label8:
    lea 32(%r13), %rdi
    movq (%rdi), %rcx
    xor %eax, %eax
    test %rcx, %rcx
    sete %al
    jmp __kefir_func_test_dec64_grid_init_label2
__kefir_text_func_test_dec64_grid_init_end:
.section .rodata
    .align 8
__kefir_func_test_dec64_grid_init_label10:
    .quad 3584865303386914817
    .align 8
__kefir_func_test_dec64_grid_init_label11:
    .quad 3584865303386914817
.section .text

test_dec32_run_simulation:
__kefir_text_func_test_dec32_run_simulation_begin:
    push %rbp
    mov %rsp, %rbp
    push %rbx
    push %r12
    push %r13
    push %r14
    sub $64, %rsp
    movdqu %xmm1, -96(%rbp)
    mov %rdx, %r13
    movdqu %xmm0, -80(%rbp)
    mov %rsi, %r14
    mov %rdi, %rax
    leaq -64(%rbp), %rdi
    mov %rax, %rsi
    call test_dec32_grid_init
    movd __kefir_func_test_dec32_run_simulation_label16(%rip), %xmm0
    leaq -64(%rbp), %rdi
    call test_dec32_initialize_gaussian
    imul $2, %r14d, %ebx
    xor %r12d, %r12d
__kefir_func_test_dec32_run_simulation_label2:
    cmp %r14d, %r12d
    jl __kefir_func_test_dec32_run_simulation_label6
    leaq -64(%rbp), %rdi
    call test_dec32_total_energy
    movdqu %xmm0, -96(%rbp)
    leaq -64(%rbp), %rdi
    call test_dec32_grid_free
    movdqu -96(%rbp), %xmm0
    lea -32(%rbp), %rsp
    pop %r14
    pop %r13
    pop %r12
    pop %rbx
    pop %rbp
    ret
__kefir_func_test_dec32_run_simulation_label6:
    mov %r14, %rax
    cdq
    mov $3, %rcx
    idiv %ecx
    cmp %eax, %r12d
    jl __kefir_func_test_dec32_run_simulation_label14
    mov %rbx, %rax
    cdq
    mov $3, %rcx
    idiv %ecx
    cmp %eax, %r12d
    jl __kefir_func_test_dec32_run_simulation_label12
    movdqu -96(%rbp), %xmm1
__kefir_func_test_dec32_run_simulation_label10:
    leaq -64(%rbp), %rdi
    movdqu -80(%rbp), %xmm0
    mov %r13, %rsi
    call test_dec32_timestep_implicit
    mov %r12, %rcx
    add $1, %ecx
    mov %rcx, %r12
    jmp __kefir_func_test_dec32_run_simulation_label2
__kefir_func_test_dec32_run_simulation_label12:
    movd __kefir_func_test_dec32_run_simulation_label17(%rip), %xmm1
    movdqu -96(%rbp), %xmm0
    call __bid_mulsd3@PLT
    movaps %xmm0, %xmm1
    jmp __kefir_func_test_dec32_run_simulation_label10
__kefir_func_test_dec32_run_simulation_label14:
    movd __kefir_func_test_dec32_run_simulation_label18(%rip), %xmm1
    movdqu -96(%rbp), %xmm0
    call __bid_mulsd3@PLT
    movaps %xmm0, %xmm1
    jmp __kefir_func_test_dec32_run_simulation_label10
__kefir_text_func_test_dec32_run_simulation_end:
.section .rodata
    .align 4
__kefir_func_test_dec32_run_simulation_label16:
    .long 847249409
    .align 4
__kefir_func_test_dec32_run_simulation_label17:
    .long 847249410
    .align 4
__kefir_func_test_dec32_run_simulation_label18:
    .long 847249418
.section .text

test_dec64_total_energy:
__kefir_text_func_test_dec64_total_energy_begin:
    movq (%rdi), %rsi
    movq (%rdi), %rax
    movq 24(%rdi), %rdi
    imul %rax, %rsi
    jmp test_dec64_norm
__kefir_text_func_test_dec64_total_energy_end:

test_dec128_initialize_gaussian:
__kefir_text_func_test_dec128_initialize_gaussian_begin:
    push %rbp
    mov %rsp, %rbp
    push %rbx
    push %r12
    push %r13
    push %r14
    push %r15
    sub $120, %rsp
    movdqu %xmm0, -128(%rbp)
    mov %rdi, %r14
    movq (%r14), %r15
    lea 16(%r14), %rdi
    movdqu (%rdi), %xmm0
    movdqu %xmm0, -112(%rbp)
    movq %r14, -96(%rbp)
    addq $56, -96(%rbp)
    movdqu __kefir_func_test_dec128_initialize_gaussian_label10(%rip), %xmm0
    movdqu %xmm0, -80(%rbp)
    movdqu __kefir_func_test_dec128_initialize_gaussian_label11(%rip), %xmm0
    movdqu %xmm0, -64(%rbp)
    movq %r14, -88(%rbp)
    addq $48, -88(%rbp)
    movq $0, -48(%rbp)
__kefir_func_test_dec128_initialize_gaussian_label2:
    movq -48(%rbp), %r12
    add $1, %r12
    cmpq %r15, -48(%rbp)
    jae __kefir_func_test_dec128_initialize_gaussian_label4
__kefir_func_test_dec128_initialize_gaussian_label12:
    xor %r13d, %r13d
    jmp __kefir_func_test_dec128_initialize_gaussian_label6
__kefir_func_test_dec128_initialize_gaussian_label4:
    lea -40(%rbp), %rsp
    pop %r15
    pop %r14
    pop %r13
    pop %r12
    pop %rbx
    pop %rbp
    ret
__kefir_func_test_dec128_initialize_gaussian_label6:
    movq -48(%rbp), %rax
    add $1, %rax
    cmp %r15, %r13
    jb __kefir_func_test_dec128_initialize_gaussian_label8
    movq %rax, -48(%rbp)
    jmp __kefir_func_test_dec128_initialize_gaussian_label2
__kefir_func_test_dec128_initialize_gaussian_label8:
    movq -88(%rbp), %rcx
    movq (%rcx), %rax
    movq (%r14), %rcx
    movq -48(%rbp), %rdx
    imul %rcx, %rdx
    add %r13, %rdx
    imul $16, %rdx, %rcx
    mov %rax, %rbx
    add %rcx, %rbx
    movdqu __kefir_func_test_dec128_initialize_gaussian_label13(%rip), %xmm0
    movdqu %xmm0, -144(%rbp)
    mov %r12, %rdi
    call __bid_floatunsditd@PLT
    movdqu -112(%rbp), %xmm1
    call __bid_multd3@PLT
    movdqu -64(%rbp), %xmm1
    call __bid_subtd3@PLT
    movaps %xmm0, %xmm2
    movaps %xmm2, %xmm0
    movaps %xmm2, %xmm1
    call __bid_multd3@PLT
    movdqu %xmm0, -160(%rbp)
    lea 1(%r13), %rdi
    call __bid_floatunsditd@PLT
    movdqu -112(%rbp), %xmm1
    call __bid_multd3@PLT
    movdqu -80(%rbp), %xmm1
    call __bid_subtd3@PLT
    movaps %xmm0, %xmm2
    movaps %xmm2, %xmm0
    movaps %xmm2, %xmm1
    call __bid_multd3@PLT
    movaps %xmm0, %xmm2
    movdqu -160(%rbp), %xmm0
    movaps %xmm2, %xmm1
    call __bid_addtd3@PLT
    movdqu __kefir_func_test_dec128_initialize_gaussian_label14(%rip), %xmm1
    call __bid_divtd3@PLT
    movaps %xmm0, %xmm2
    movdqu -144(%rbp), %xmm0
    movaps %xmm2, %xmm1
    call __bid_addtd3@PLT
    movaps %xmm0, %xmm2
    movdqu -128(%rbp), %xmm0
    movaps %xmm2, %xmm1
    call __bid_divtd3@PLT
    movdqu %xmm0, (%rbx)
    movq -96(%rbp), %rcx
    movq (%rcx), %rax
    movq (%r14), %rcx
    movq -48(%rbp), %rsi
    imul %rcx, %rsi
    add %r13, %rsi
    imul $16, %rsi, %rcx
    add %rcx, %rax
    movdqu __kefir_func_test_dec128_initialize_gaussian_label15(%rip), %xmm2
    movdqu %xmm2, (%rax)
    lea 1(%r13), %rdi
    mov %rdi, %r13
    jmp __kefir_func_test_dec128_initialize_gaussian_label6
__kefir_text_func_test_dec128_initialize_gaussian_end:
.section .rodata
    .align 16
__kefir_func_test_dec128_initialize_gaussian_label10:
    .quad 5, 3476215962376601600
    .align 16
__kefir_func_test_dec128_initialize_gaussian_label11:
    .quad 5, 3476215962376601600
    .align 16
__kefir_func_test_dec128_initialize_gaussian_label13:
    .quad 1, 3476778912330022912
    .align 16
__kefir_func_test_dec128_initialize_gaussian_label14:
    .quad 5288042750157267162, 3457145052899316064
    .align 16
__kefir_func_test_dec128_initialize_gaussian_label15:
    .quad 0, 3476778912330022912
.section .text

test_dec128_total_energy:
__kefir_text_func_test_dec128_total_energy_begin:
    movq (%rdi), %rsi
    movq (%rdi), %rax
    movq 48(%rdi), %rdi
    imul %rax, %rsi
    jmp test_dec128_norm
__kefir_text_func_test_dec128_total_energy_end:

test_dec32_timestep_implicit:
__kefir_text_func_test_dec32_timestep_implicit_begin:
    push %rbp
    mov %rsp, %rbp
    push %rbx
    push %r12
    push %r13
    push %r14
    push %r15
    sub $40, %rsp
    movdqu %xmm1, -80(%rbp)
    mov %rsi, %r14
    movdqu %xmm0, -64(%rbp)
    mov %rdi, %r15
    movq (%r15), %rax
    movq (%r15), %rcx
    mov %rax, %r13
    imul %rcx, %r13
    imul $4, %r13, %rdi
    call malloc@PLT
    mov %rax, %r12
    imul $4, %r13, %rdi
    call malloc@PLT
    mov %rax, %rbx
    lea 16(%r15), %rdi
    lea 16(%r15), %r9
    xor %ecx, %ecx
    test %r12, %r12
    sete %cl
    xor %edx, %edx
    test %rbx, %rbx
    sete %dl
    test %r12, %r12
    cmovnz %rdx, %rcx
    test %ecx, %ecx
    jnz __kefir_func_test_dec32_timestep_implicit_label14
    xor %r8d, %r8d
__kefir_func_test_dec32_timestep_implicit_label2:
    cmp %r13, %r8
    jb __kefir_func_test_dec32_timestep_implicit_label12
    mov %r15, %rdi
    mov %rbx, %rsi
    mov %r12, %rdx
    movdqu -64(%rbp), %xmm0
    mov %r14, %rcx
    movdqu -80(%rbp), %xmm1
    call test_dec32_cg_solve
    lea 16(%r15), %rdi
    xor %esi, %esi
__kefir_func_test_dec32_timestep_implicit_label6:
    cmp %r13, %rsi
    jb __kefir_func_test_dec32_timestep_implicit_label10
    mov %r12, %rdi
    call free@PLT
    mov %rbx, %rdi
    lea -40(%rbp), %rsp
    pop %r15
    pop %r14
    pop %r13
    pop %r12
    pop %rbx
    pop %rbp
    jmp free@PLT
__kefir_func_test_dec32_timestep_implicit_label10:
    imul $4, %rsi, %rcx
    mov %rbx, %rax
    add %rcx, %rax
    movd (%rax), %xmm0
    movq (%rdi), %rcx
    imul $4, %rsi, %rdx
    add %rdx, %rcx
    movd %xmm0, (%rcx)
    lea 1(%rsi), %rcx
    mov %rcx, %rsi
    jmp __kefir_func_test_dec32_timestep_implicit_label6
__kefir_func_test_dec32_timestep_implicit_label12:
    movq (%rdi), %rcx
    imul $4, %r8, %rdx
    add %rdx, %rcx
    movd (%rcx), %xmm2
    imul $4, %r8, %rcx
    mov %r12, %rax
    add %rcx, %rax
    movd %xmm2, (%rax)
    movq (%r9), %rcx
    imul $4, %r8, %rdx
    add %rdx, %rcx
    movd (%rcx), %xmm2
    imul $4, %r8, %rcx
    mov %rbx, %rax
    add %rcx, %rax
    movd %xmm2, (%rax)
    lea 1(%r8), %rcx
    mov %rcx, %r8
    jmp __kefir_func_test_dec32_timestep_implicit_label2
__kefir_func_test_dec32_timestep_implicit_label14:
    lea -40(%rbp), %rsp
    pop %r15
    pop %r14
    pop %r13
    pop %r12
    pop %rbx
    pop %rbp
    jmp abort@PLT
__kefir_text_func_test_dec32_timestep_implicit_end:

test_dec128_norm:
__kefir_text_func_test_dec128_norm_begin:
    push %rbp
    mov %rsp, %rbp
    mov %rsi, %rax
    mov %rdi, %rcx
    mov %rcx, %rdi
    mov %rcx, %rsi
    mov %rax, %rdx
    call test_dec128_dot
    pop %rbp
    jmp test_dec128_sqrt_approx
__kefir_text_func_test_dec128_norm_end:

test_dec64_run_simulation:
__kefir_text_func_test_dec64_run_simulation_begin:
    push %rbp
    mov %rsp, %rbp
    push %rbx
    push %r12
    push %r13
    push %r14
    sub $80, %rsp
    movdqu %xmm1, -112(%rbp)
    mov %rdx, %r13
    movdqu %xmm0, -96(%rbp)
    mov %rsi, %r14
    mov %rdi, %rax
    leaq -72(%rbp), %rdi
    mov %rax, %rsi
    call test_dec64_grid_init
    movq __kefir_func_test_dec64_run_simulation_label16(%rip), %xmm0
    leaq -72(%rbp), %rdi
    call test_dec64_initialize_gaussian
    imul $2, %r14d, %ebx
    xor %r12d, %r12d
__kefir_func_test_dec64_run_simulation_label2:
    cmp %r14d, %r12d
    jl __kefir_func_test_dec64_run_simulation_label6
    leaq -72(%rbp), %rdi
    call test_dec64_total_energy
    movdqu %xmm0, -112(%rbp)
    leaq -72(%rbp), %rdi
    call test_dec64_grid_free
    movdqu -112(%rbp), %xmm0
    lea -32(%rbp), %rsp
    pop %r14
    pop %r13
    pop %r12
    pop %rbx
    pop %rbp
    ret
__kefir_func_test_dec64_run_simulation_label6:
    mov %r14, %rax
    cdq
    mov $3, %rcx
    idiv %ecx
    cmp %eax, %r12d
    jl __kefir_func_test_dec64_run_simulation_label14
    mov %rbx, %rax
    cdq
    mov $3, %rcx
    idiv %ecx
    cmp %eax, %r12d
    jl __kefir_func_test_dec64_run_simulation_label12
    movdqu -112(%rbp), %xmm1
__kefir_func_test_dec64_run_simulation_label10:
    leaq -72(%rbp), %rdi
    movdqu -96(%rbp), %xmm0
    mov %r13, %rsi
    call test_dec64_timestep_implicit
    mov %r12, %rcx
    add $1, %ecx
    mov %rcx, %r12
    jmp __kefir_func_test_dec64_run_simulation_label2
__kefir_func_test_dec64_run_simulation_label12:
    movq __kefir_func_test_dec64_run_simulation_label17(%rip), %xmm1
    movdqu -112(%rbp), %xmm0
    call __bid_muldd3@PLT
    movaps %xmm0, %xmm1
    jmp __kefir_func_test_dec64_run_simulation_label10
__kefir_func_test_dec64_run_simulation_label14:
    movq __kefir_func_test_dec64_run_simulation_label18(%rip), %xmm1
    movdqu -112(%rbp), %xmm0
    call __bid_muldd3@PLT
    movaps %xmm0, %xmm1
    jmp __kefir_func_test_dec64_run_simulation_label10
__kefir_text_func_test_dec64_run_simulation_end:
.section .rodata
    .align 8
__kefir_func_test_dec64_run_simulation_label16:
    .quad 3584865303386914817
    .align 8
__kefir_func_test_dec64_run_simulation_label17:
    .quad 3584865303386914818
    .align 8
__kefir_func_test_dec64_run_simulation_label18:
    .quad 3584865303386914826
.section .text

test_dec128_run_simulation:
__kefir_text_func_test_dec128_run_simulation_begin:
    push %rbp
    mov %rsp, %rbp
    push %rbx
    push %r12
    push %r13
    push %r14
    sub $96, %rsp
    movdqu %xmm1, -128(%rbp)
    mov %rdx, %r13
    movdqu %xmm0, -112(%rbp)
    mov %rsi, %r14
    mov %rdi, %rax
    leaq -96(%rbp), %rdi
    mov %rax, %rsi
    call test_dec128_grid_init
    movdqu __kefir_func_test_dec128_run_simulation_label16(%rip), %xmm0
    leaq -96(%rbp), %rdi
    call test_dec128_initialize_gaussian
    imul $2, %r14d, %ebx
    xor %r12d, %r12d
__kefir_func_test_dec128_run_simulation_label2:
    cmp %r14d, %r12d
    jl __kefir_func_test_dec128_run_simulation_label6
    leaq -96(%rbp), %rdi
    call test_dec128_total_energy
    movdqu %xmm0, -128(%rbp)
    leaq -96(%rbp), %rdi
    call test_dec128_grid_free
    movdqu -128(%rbp), %xmm0
    lea -32(%rbp), %rsp
    pop %r14
    pop %r13
    pop %r12
    pop %rbx
    pop %rbp
    ret
__kefir_func_test_dec128_run_simulation_label6:
    mov %r14, %rax
    cdq
    mov $3, %rcx
    idiv %ecx
    cmp %eax, %r12d
    jl __kefir_func_test_dec128_run_simulation_label14
    mov %rbx, %rax
    cdq
    mov $3, %rcx
    idiv %ecx
    cmp %eax, %r12d
    jl __kefir_func_test_dec128_run_simulation_label12
    movdqu -128(%rbp), %xmm1
__kefir_func_test_dec128_run_simulation_label10:
    leaq -96(%rbp), %rdi
    movdqu -112(%rbp), %xmm0
    mov %r13, %rsi
    call test_dec128_timestep_implicit
    mov %r12, %rcx
    add $1, %ecx
    mov %rcx, %r12
    jmp __kefir_func_test_dec128_run_simulation_label2
__kefir_func_test_dec128_run_simulation_label12:
    movdqu __kefir_func_test_dec128_run_simulation_label17(%rip), %xmm1
    movdqu -128(%rbp), %xmm0
    call __bid_multd3@PLT
    movaps %xmm0, %xmm1
    jmp __kefir_func_test_dec128_run_simulation_label10
__kefir_func_test_dec128_run_simulation_label14:
    movdqu __kefir_func_test_dec128_run_simulation_label18(%rip), %xmm1
    movdqu -128(%rbp), %xmm0
    call __bid_multd3@PLT
    movaps %xmm0, %xmm1
    jmp __kefir_func_test_dec128_run_simulation_label10
__kefir_text_func_test_dec128_run_simulation_end:
.section .rodata
    .align 16
__kefir_func_test_dec128_run_simulation_label16:
    .quad 1, 3476778912330022912
    .align 16
__kefir_func_test_dec128_run_simulation_label17:
    .quad 2, 3476778912330022912
    .align 16
__kefir_func_test_dec128_run_simulation_label18:
    .quad 10, 3476778912330022912
.section .text

test_dec64_timestep_implicit:
__kefir_text_func_test_dec64_timestep_implicit_begin:
    push %rbp
    mov %rsp, %rbp
    push %rbx
    push %r12
    push %r13
    push %r14
    push %r15
    sub $40, %rsp
    movdqu %xmm1, -80(%rbp)
    mov %rsi, %r14
    movdqu %xmm0, -64(%rbp)
    mov %rdi, %r15
    movq (%r15), %rax
    movq (%r15), %rcx
    mov %rax, %r13
    imul %rcx, %r13
    imul $8, %r13, %rdi
    call malloc@PLT
    mov %rax, %r12
    imul $8, %r13, %rdi
    call malloc@PLT
    mov %rax, %rbx
    lea 24(%r15), %rdi
    lea 24(%r15), %r9
    xor %ecx, %ecx
    test %r12, %r12
    sete %cl
    xor %edx, %edx
    test %rbx, %rbx
    sete %dl
    test %r12, %r12
    cmovnz %rdx, %rcx
    test %ecx, %ecx
    jnz __kefir_func_test_dec64_timestep_implicit_label14
    xor %r8d, %r8d
__kefir_func_test_dec64_timestep_implicit_label2:
    cmp %r13, %r8
    jb __kefir_func_test_dec64_timestep_implicit_label12
    mov %r15, %rdi
    mov %rbx, %rsi
    mov %r12, %rdx
    movdqu -64(%rbp), %xmm0
    mov %r14, %rcx
    movdqu -80(%rbp), %xmm1
    call test_dec64_cg_solve
    lea 24(%r15), %rdi
    xor %esi, %esi
__kefir_func_test_dec64_timestep_implicit_label6:
    cmp %r13, %rsi
    jb __kefir_func_test_dec64_timestep_implicit_label10
    mov %r12, %rdi
    call free@PLT
    mov %rbx, %rdi
    lea -40(%rbp), %rsp
    pop %r15
    pop %r14
    pop %r13
    pop %r12
    pop %rbx
    pop %rbp
    jmp free@PLT
__kefir_func_test_dec64_timestep_implicit_label10:
    imul $8, %rsi, %rcx
    mov %rbx, %rax
    add %rcx, %rax
    movq (%rax), %xmm0
    movq (%rdi), %rcx
    imul $8, %rsi, %rdx
    add %rdx, %rcx
    movq %xmm0, (%rcx)
    lea 1(%rsi), %rcx
    mov %rcx, %rsi
    jmp __kefir_func_test_dec64_timestep_implicit_label6
__kefir_func_test_dec64_timestep_implicit_label12:
    movq (%rdi), %rcx
    imul $8, %r8, %rdx
    add %rdx, %rcx
    movq (%rcx), %xmm2
    imul $8, %r8, %rcx
    mov %r12, %rax
    add %rcx, %rax
    movq %xmm2, (%rax)
    movq (%r9), %rcx
    imul $8, %r8, %rdx
    add %rdx, %rcx
    movq (%rcx), %xmm2
    imul $8, %r8, %rcx
    mov %rbx, %rax
    add %rcx, %rax
    movq %xmm2, (%rax)
    lea 1(%r8), %rcx
    mov %rcx, %r8
    jmp __kefir_func_test_dec64_timestep_implicit_label2
__kefir_func_test_dec64_timestep_implicit_label14:
    lea -40(%rbp), %rsp
    pop %r15
    pop %r14
    pop %r13
    pop %r12
    pop %rbx
    pop %rbp
    jmp abort@PLT
__kefir_text_func_test_dec64_timestep_implicit_end:

test_dec64_initialize_gaussian:
__kefir_text_func_test_dec64_initialize_gaussian_begin:
    push %rbp
    mov %rsp, %rbp
    push %rbx
    push %r12
    push %r13
    push %r14
    push %r15
    sub $120, %rsp
    movdqu %xmm0, -128(%rbp)
    mov %rdi, %r14
    movq (%r14), %r15
    lea 8(%r14), %rdi
    movq (%rdi), %xmm0
    movq %xmm0, -112(%rbp)
    movq %r14, -96(%rbp)
    addq $32, -96(%rbp)
    movq __kefir_func_test_dec64_initialize_gaussian_label10(%rip), %xmm0
    movq %xmm0, -80(%rbp)
    movq __kefir_func_test_dec64_initialize_gaussian_label11(%rip), %xmm0
    movq %xmm0, -64(%rbp)
    movq %r14, -88(%rbp)
    addq $24, -88(%rbp)
    movq $0, -48(%rbp)
__kefir_func_test_dec64_initialize_gaussian_label2:
    movq -48(%rbp), %r12
    add $1, %r12
    cmpq %r15, -48(%rbp)
    jae __kefir_func_test_dec64_initialize_gaussian_label4
__kefir_func_test_dec64_initialize_gaussian_label12:
    xor %r13d, %r13d
    jmp __kefir_func_test_dec64_initialize_gaussian_label6
__kefir_func_test_dec64_initialize_gaussian_label4:
    lea -40(%rbp), %rsp
    pop %r15
    pop %r14
    pop %r13
    pop %r12
    pop %rbx
    pop %rbp
    ret
__kefir_func_test_dec64_initialize_gaussian_label6:
    movq -48(%rbp), %rax
    add $1, %rax
    cmp %r15, %r13
    jb __kefir_func_test_dec64_initialize_gaussian_label8
    movq %rax, -48(%rbp)
    jmp __kefir_func_test_dec64_initialize_gaussian_label2
__kefir_func_test_dec64_initialize_gaussian_label8:
    movq -88(%rbp), %rcx
    movq (%rcx), %rax
    movq (%r14), %rcx
    movq -48(%rbp), %rdx
    imul %rcx, %rdx
    add %r13, %rdx
    imul $8, %rdx, %rcx
    mov %rax, %rbx
    add %rcx, %rbx
    movq __kefir_func_test_dec64_initialize_gaussian_label13(%rip), %xmm0
    movq %xmm0, -144(%rbp)
    mov %r12, %rdi
    call __bid_floatunsdidd@PLT
    movdqu -112(%rbp), %xmm1
    call __bid_muldd3@PLT
    movdqu -64(%rbp), %xmm1
    call __bid_subdd3@PLT
    movaps %xmm0, %xmm2
    movaps %xmm2, %xmm0
    movaps %xmm2, %xmm1
    call __bid_muldd3@PLT
    movdqu %xmm0, -160(%rbp)
    lea 1(%r13), %rdi
    call __bid_floatunsdidd@PLT
    movdqu -112(%rbp), %xmm1
    call __bid_muldd3@PLT
    movdqu -80(%rbp), %xmm1
    call __bid_subdd3@PLT
    movaps %xmm0, %xmm2
    movaps %xmm2, %xmm0
    movaps %xmm2, %xmm1
    call __bid_muldd3@PLT
    movaps %xmm0, %xmm2
    movdqu -160(%rbp), %xmm0
    movaps %xmm2, %xmm1
    call __bid_adddd3@PLT
    movq __kefir_func_test_dec64_initialize_gaussian_label14(%rip), %xmm1
    call __bid_divdd3@PLT
    movaps %xmm0, %xmm2
    movdqu -144(%rbp), %xmm0
    movaps %xmm2, %xmm1
    call __bid_adddd3@PLT
    movaps %xmm0, %xmm2
    movdqu -128(%rbp), %xmm0
    movaps %xmm2, %xmm1
    call __bid_divdd3@PLT
    movq %xmm0, (%rbx)
    movq -96(%rbp), %rcx
    movq (%rcx), %rax
    movq (%r14), %rcx
    movq -48(%rbp), %rsi
    imul %rcx, %rsi
    add %r13, %rsi
    imul $8, %rsi, %rcx
    add %rcx, %rax
    movq __kefir_func_test_dec64_initialize_gaussian_label15(%rip), %xmm2
    movq %xmm2, (%rax)
    lea 1(%r13), %rdi
    mov %rdi, %r13
    jmp __kefir_func_test_dec64_initialize_gaussian_label6
__kefir_text_func_test_dec64_initialize_gaussian_end:
.section .rodata
    .align 8
__kefir_func_test_dec64_initialize_gaussian_label10:
    .quad 3575858104132173829
    .align 8
__kefir_func_test_dec64_initialize_gaussian_label11:
    .quad 3575858104132173829
    .align 8
__kefir_func_test_dec64_initialize_gaussian_label13:
    .quad 3584865303386914817
    .align 8
__kefir_func_test_dec64_initialize_gaussian_label14:
    .quad 3433022916056317952
    .align 8
__kefir_func_test_dec64_initialize_gaussian_label15:
    .quad 3584865303386914816
.section .text

test_dec32_initialize_gaussian:
__kefir_text_func_test_dec32_initialize_gaussian_begin:
    push %rbp
    mov %rsp, %rbp
    push %rbx
    push %r12
    push %r13
    push %r14
    push %r15
    sub $120, %rsp
    movdqu %xmm0, -128(%rbp)
    mov %rdi, %r14
    movq (%r14), %r15
    lea 8(%r14), %rdi
    movd (%rdi), %xmm0
    movd %xmm0, -112(%rbp)
    movq %r14, -96(%rbp)
    addq $24, -96(%rbp)
    movd __kefir_func_test_dec32_initialize_gaussian_label10(%rip), %xmm0
    movd %xmm0, -80(%rbp)
    movd __kefir_func_test_dec32_initialize_gaussian_label11(%rip), %xmm0
    movd %xmm0, -64(%rbp)
    movq %r14, -88(%rbp)
    addq $16, -88(%rbp)
    movq $0, -48(%rbp)
__kefir_func_test_dec32_initialize_gaussian_label2:
    movq -48(%rbp), %r12
    add $1, %r12
    cmpq %r15, -48(%rbp)
    jae __kefir_func_test_dec32_initialize_gaussian_label4
__kefir_func_test_dec32_initialize_gaussian_label12:
    xor %r13d, %r13d
    jmp __kefir_func_test_dec32_initialize_gaussian_label6
__kefir_func_test_dec32_initialize_gaussian_label4:
    lea -40(%rbp), %rsp
    pop %r15
    pop %r14
    pop %r13
    pop %r12
    pop %rbx
    pop %rbp
    ret
__kefir_func_test_dec32_initialize_gaussian_label6:
    movq -48(%rbp), %rax
    add $1, %rax
    cmp %r15, %r13
    jb __kefir_func_test_dec32_initialize_gaussian_label8
    movq %rax, -48(%rbp)
    jmp __kefir_func_test_dec32_initialize_gaussian_label2
__kefir_func_test_dec32_initialize_gaussian_label8:
    movq -88(%rbp), %rcx
    movq (%rcx), %rax
    movq (%r14), %rcx
    movq -48(%rbp), %rdx
    imul %rcx, %rdx
    add %r13, %rdx
    imul $4, %rdx, %rcx
    mov %rax, %rbx
    add %rcx, %rbx
    movd __kefir_func_test_dec32_initialize_gaussian_label13(%rip), %xmm0
    movd %xmm0, -144(%rbp)
    mov %r12, %rdi
    call __bid_floatunsdisd@PLT
    movdqu -112(%rbp), %xmm1
    call __bid_mulsd3@PLT
    movdqu -64(%rbp), %xmm1
    call __bid_subsd3@PLT
    movaps %xmm0, %xmm2
    movaps %xmm2, %xmm0
    movaps %xmm2, %xmm1
    call __bid_mulsd3@PLT
    movdqu %xmm0, -160(%rbp)
    lea 1(%r13), %rdi
    call __bid_floatunsdisd@PLT
    movdqu -112(%rbp), %xmm1
    call __bid_mulsd3@PLT
    movdqu -80(%rbp), %xmm1
    call __bid_subsd3@PLT
    movaps %xmm0, %xmm2
    movaps %xmm2, %xmm0
    movaps %xmm2, %xmm1
    call __bid_mulsd3@PLT
    movaps %xmm0, %xmm2
    movdqu -160(%rbp), %xmm0
    movaps %xmm2, %xmm1
    call __bid_addsd3@PLT
    movd __kefir_func_test_dec32_initialize_gaussian_label14(%rip), %xmm1
    call __bid_divsd3@PLT
    movaps %xmm0, %xmm2
    movdqu -144(%rbp), %xmm0
    movaps %xmm2, %xmm1
    call __bid_addsd3@PLT
    movaps %xmm0, %xmm2
    movdqu -128(%rbp), %xmm0
    movaps %xmm2, %xmm1
    call __bid_divsd3@PLT
    movd %xmm0, (%rbx)
    movq -96(%rbp), %rcx
    movq (%rcx), %rax
    movq (%r14), %rcx
    movq -48(%rbp), %rsi
    imul %rcx, %rsi
    add %r13, %rsi
    imul $4, %rsi, %rcx
    add %rcx, %rax
    movd __kefir_func_test_dec32_initialize_gaussian_label15(%rip), %xmm2
    movd %xmm2, (%rax)
    lea 1(%r13), %rdi
    mov %rdi, %r13
    jmp __kefir_func_test_dec32_initialize_gaussian_label6
__kefir_text_func_test_dec32_initialize_gaussian_end:
.section .rodata
    .align 4
__kefir_func_test_dec32_initialize_gaussian_label10:
    .long 838860805
    .align 4
__kefir_func_test_dec32_initialize_gaussian_label11:
    .long 838860805
    .align 4
__kefir_func_test_dec32_initialize_gaussian_label13:
    .long 847249409
    .align 4
__kefir_func_test_dec32_initialize_gaussian_label14:
    .long 781420544
    .align 4
__kefir_func_test_dec32_initialize_gaussian_label15:
    .long 847249408
.section .text

__kefir_text_section_end:

