.att_syntax
.section .note.GNU-stack,"",%progbits

.global test2
.type test2, @function
.global test8
.type test8, @function

.section .text
__kefir_text_section_begin:
test2:
__kefir_text_func_test2_begin:
    push %rbp
    mov %rsp, %rbp
    sub $16, %rsp
    movq %rdi, -16(%rbp)
    movq %rsi, -8(%rbp)
    movq -16(%rbp), %rax
    leaq -16(%rbp), %rsi
    lea 8(%rsi), %rcx
    movq (%rcx), %rcx
    add %rcx, %rax
    lea (%rbp), %rsp
    pop %rbp
    ret
__kefir_text_func_test2_end:

test8:
__kefir_text_func_test8_begin:
    push %rbp
    mov %rsp, %rbp
    lea 16(%rbp), %rcx
    movq (%rcx), %rax
    lea 8(%rcx), %rdx
    movq (%rdx), %rdx
    lea 16(%rcx), %rsi
    movq (%rsi), %rsi
    lea 24(%rcx), %rdi
    movq (%rdi), %rdi
    lea 32(%rcx), %r8
    movq (%r8), %r8
    lea 40(%rcx), %r9
    movq (%r9), %r9
    lea 48(%rcx), %r10
    movq (%r10), %r10
    add $56, %rcx
    movq (%rcx), %rcx
    add %rdx, %rax
    add %rsi, %rax
    add %rdi, %rax
    add %r8, %rax
    add %r9, %rax
    add %r10, %rax
    add %rcx, %rax
    pop %rbp
    ret
__kefir_text_func_test8_end:

__kefir_text_section_end:

