.att_syntax
.section .note.GNU-stack,"",%progbits

.global test1
.type test1, @function
.global test2
.type test2, @function
.global test3
.type test3, @function
.global test4
.type test4, @function
.global test5
.type test5, @function
.global test6
.type test6, @function
.global test7
.type test7, @function
.global test8
.type test8, @function
.global test9
.type test9, @function
.global test10
.type test10, @function
.global test11
.type test11, @function
.global test12
.type test12, @function

.section .text
__kefir_text_section_begin:
test1:
__kefir_text_func_test1_begin:
    add %edx, %esi
    mov %rsi, %rax
    ret
__kefir_text_func_test1_end:

test2:
__kefir_text_func_test2_begin:
    add %edx, %esi
    mov %rsi, %rax
    ret
__kefir_text_func_test2_end:

test3:
__kefir_text_func_test3_begin:
    sub %edx, %esi
    mov %rsi, %rax
    ret
__kefir_text_func_test3_end:

test4:
__kefir_text_func_test4_begin:
    imul %edx, %esi
    mov %rsi, %rax
    ret
__kefir_text_func_test4_end:

test5:
__kefir_text_func_test5_begin:
    imul %edx, %esi
    mov %rsi, %rax
    ret
__kefir_text_func_test5_end:

test6:
__kefir_text_func_test6_begin:
    mov %rdx, %rcx
    test %edi, %edi
    jnz _kefir_func_test6_label3
    mov %rsi, %rax
    cdq
    idiv %ecx
_kefir_func_test6_label2:
    ret
_kefir_func_test6_label3:
    mov %rsi, %rax
    cdq
    idiv %ecx
    jmp _kefir_func_test6_label2
__kefir_text_func_test6_end:

test7:
__kefir_text_func_test7_begin:
    mov %rdx, %rcx
    shl %cl, %esi
    mov %rsi, %rax
    ret
__kefir_text_func_test7_end:

test8:
__kefir_text_func_test8_begin:
    mov %rdx, %rcx
    shl %cl, %esi
    mov %rsi, %rax
    ret
__kefir_text_func_test8_end:

test9:
__kefir_text_func_test9_begin:
    mov %rdx, %rcx
    sar %cl, %esi
    mov %rsi, %rax
    ret
__kefir_text_func_test9_end:

test10:
__kefir_text_func_test10_begin:
    mov %rdx, %rcx
    sar %cl, %esi
    mov %rsi, %rax
    ret
__kefir_text_func_test10_end:

test11:
__kefir_text_func_test11_begin:
    mov %rdx, %rcx
    shr %cl, %esi
    mov %rsi, %rax
    ret
__kefir_text_func_test11_end:

test12:
__kefir_text_func_test12_begin:
    mov %rdx, %rcx
    shr %cl, %esi
    mov %rsi, %rax
    ret
__kefir_text_func_test12_end:

__kefir_text_section_end:

