{
    "functions": [
        {
            "id": 1,
            "name": "test",
            "code": {
                "entry_point": 0,
                "blocks": [
                    {
                        "id": 0,
                        "control_flow": 17,
                        "phi": [],
                        "calls": [],
                        "code": [
                            {
                                "id": 0,
                                "opcode": "int_const",
                                "value": 1,
                                "control_next": null,
                                "properties": {
                                    "reachable": true,
                                    "linear_index": 0
                                }
                            },
                            {
                                "id": 1,
                                "opcode": "int_const",
                                "value": 2,
                                "control_next": null,
                                "properties": {
                                    "reachable": true,
                                    "linear_index": 1
                                }
                            },
                            {
                                "id": 2,
                                "opcode": "int_greater",
                                "args": [
                                    0,
                                    1
                                ],
                                "control_next": null,
                                "properties": {
                                    "reachable": true,
                                    "linear_index": 2
                                }
                            },
                            {
                                "id": 3,
                                "opcode": "int_const",
                                "value": 1,
                                "control_next": null,
                                "properties": {
                                    "reachable": true,
                                    "linear_index": 3
                                }
                            },
                            {
                                "id": 4,
                                "opcode": "int_or",
                                "args": [
                                    2,
                                    3
                                ],
                                "control_next": null,
                                "properties": {
                                    "reachable": true,
                                    "linear_index": 4
                                }
                            },
                            {
                                "id": 5,
                                "opcode": "int64_sign_extend_32bits",
                                "arg": 4,
                                "control_next": null,
                                "properties": {
                                    "reachable": true,
                                    "linear_index": 5
                                }
                            },
                            {
                                "id": 6,
                                "opcode": "int_const",
                                "value": 3,
                                "control_next": null,
                                "properties": {
                                    "reachable": true,
                                    "linear_index": 6
                                }
                            },
                            {
                                "id": 7,
                                "opcode": "int_const",
                                "value": 4,
                                "control_next": null,
                                "properties": {
                                    "reachable": true,
                                    "linear_index": 7
                                }
                            },
                            {
                                "id": 8,
                                "opcode": "int_lesser",
                                "args": [
                                    6,
                                    7
                                ],
                                "control_next": null,
                                "properties": {
                                    "reachable": true,
                                    "linear_index": 8
                                }
                            },
                            {
                                "id": 9,
                                "opcode": "int_equals",
                                "args": [
                                    7,
                                    6
                                ],
                                "control_next": null,
                                "properties": {
                                    "reachable": true,
                                    "linear_index": 9
                                }
                            },
                            {
                                "id": 10,
                                "opcode": "bool_or",
                                "args": [
                                    8,
                                    9
                                ],
                                "control_next": null,
                                "properties": {
                                    "reachable": true,
                                    "linear_index": 10
                                }
                            },
                            {
                                "id": 11,
                                "opcode": "int_const",
                                "value": 5,
                                "control_next": null,
                                "properties": {
                                    "reachable": true,
                                    "linear_index": 11
                                }
                            },
                            {
                                "id": 12,
                                "opcode": "int_equals",
                                "args": [
                                    10,
                                    11
                                ],
                                "control_next": null,
                                "properties": {
                                    "reachable": true,
                                    "linear_index": 12
                                }
                            },
                            {
                                "id": 13,
                                "opcode": "bool_not",
                                "arg": 12,
                                "control_next": null,
                                "properties": {
                                    "reachable": true,
                                    "linear_index": 13
                                }
                            },
                            {
                                "id": 14,
                                "opcode": "int_and",
                                "args": [
                                    5,
                                    13
                                ],
                                "control_next": null,
                                "properties": {
                                    "reachable": true,
                                    "linear_index": 14
                                }
                            },
                            {
                                "id": 15,
                                "opcode": "int64_sign_extend_32bits",
                                "arg": 14,
                                "control_next": null,
                                "properties": {
                                    "reachable": true,
                                    "linear_index": 15
                                }
                            },
                            {
                                "id": 16,
                                "opcode": "bool_not",
                                "arg": 15,
                                "control_next": null,
                                "properties": {
                                    "reachable": true,
                                    "linear_index": 16
                                }
                            },
                            {
                                "id": 17,
                                "opcode": "branch",
                                "target_block": 1,
                                "alternative_block": 2,
                                "condition": 16,
                                "control_next": null,
                                "properties": {
                                    "reachable": true,
                                    "linear_index": 17
                                }
                            }
                        ],
                        "properties": {
                            "reachable": true,
                            "linear_position": 1,
                            "linear_interval": {
                                "begin": 0,
                                "end": 18
                            }
                        }
                    },
                    {
                        "id": 1,
                        "control_flow": 42,
                        "phi": [],
                        "calls": [],
                        "code": [
                            {
                                "id": 42,
                                "opcode": "return",
                                "arg": null,
                                "control_next": null,
                                "properties": {
                                    "reachable": true,
                                    "linear_index": 18
                                }
                            }
                        ],
                        "properties": {
                            "reachable": true,
                            "linear_position": 2,
                            "linear_interval": {
                                "begin": 18,
                                "end": 19
                            }
                        }
                    },
                    {
                        "id": 2,
                        "control_flow": 22,
                        "phi": [],
                        "calls": [],
                        "code": [
                            {
                                "id": 18,
                                "opcode": "int_const",
                                "value": 0,
                                "control_next": null,
                                "properties": {
                                    "reachable": true,
                                    "linear_index": 19
                                }
                            },
                            {
                                "id": 19,
                                "opcode": "int_const",
                                "value": 10,
                                "control_next": null,
                                "properties": {
                                    "reachable": true,
                                    "linear_index": 20
                                }
                            },
                            {
                                "id": 20,
                                "opcode": "int_lesser",
                                "args": [
                                    18,
                                    19
                                ],
                                "control_next": null,
                                "properties": {
                                    "reachable": true,
                                    "linear_index": 21
                                }
                            },
                            {
                                "id": 21,
                                "opcode": "bool_not",
                                "arg": 20,
                                "control_next": null,
                                "properties": {
                                    "reachable": true,
                                    "linear_index": 22
                                }
                            },
                            {
                                "id": 22,
                                "opcode": "branch",
                                "target_block": 3,
                                "alternative_block": 4,
                                "condition": 21,
                                "control_next": null,
                                "properties": {
                                    "reachable": true,
                                    "linear_index": 23
                                }
                            }
                        ],
                        "properties": {
                            "reachable": true,
                            "linear_position": 3,
                            "linear_interval": {
                                "begin": 19,
                                "end": 24
                            }
                        }
                    },
                    {
                        "id": 3,
                        "control_flow": 40,
                        "phi": [],
                        "calls": [],
                        "code": [
                            {
                                "id": 26,
                                "opcode": "int_const",
                                "value": 1,
                                "control_next": null,
                                "properties": {
                                    "reachable": true,
                                    "linear_index": 24
                                }
                            },
                            {
                                "id": 27,
                                "opcode": "int_const",
                                "value": 2,
                                "control_next": null,
                                "properties": {
                                    "reachable": true,
                                    "linear_index": 25
                                }
                            },
                            {
                                "id": 28,
                                "opcode": "int_const",
                                "value": 2,
                                "control_next": null,
                                "properties": {
                                    "reachable": true,
                                    "linear_index": 26
                                }
                            },
                            {
                                "id": 29,
                                "opcode": "int_sub",
                                "args": [
                                    27,
                                    28
                                ],
                                "control_next": null,
                                "properties": {
                                    "reachable": true,
                                    "linear_index": 27
                                }
                            },
                            {
                                "id": 30,
                                "opcode": "int64_sign_extend_32bits",
                                "arg": 29,
                                "control_next": null,
                                "properties": {
                                    "reachable": true,
                                    "linear_index": 28
                                }
                            },
                            {
                                "id": 31,
                                "opcode": "int_mul",
                                "args": [
                                    26,
                                    30
                                ],
                                "control_next": null,
                                "properties": {
                                    "reachable": true,
                                    "linear_index": 29
                                }
                            },
                            {
                                "id": 32,
                                "opcode": "int64_sign_extend_32bits",
                                "arg": 31,
                                "control_next": null,
                                "properties": {
                                    "reachable": true,
                                    "linear_index": 30
                                }
                            },
                            {
                                "id": 33,
                                "opcode": "int_const",
                                "value": 5,
                                "control_next": null,
                                "properties": {
                                    "reachable": true,
                                    "linear_index": 31
                                }
                            },
                            {
                                "id": 34,
                                "opcode": "int_greater",
                                "args": [
                                    32,
                                    33
                                ],
                                "control_next": null,
                                "properties": {
                                    "reachable": true,
                                    "linear_index": 32
                                }
                            },
                            {
                                "id": 35,
                                "opcode": "int_equals",
                                "args": [
                                    33,
                                    32
                                ],
                                "control_next": null,
                                "properties": {
                                    "reachable": true,
                                    "linear_index": 33
                                }
                            },
                            {
                                "id": 36,
                                "opcode": "bool_or",
                                "args": [
                                    34,
                                    35
                                ],
                                "control_next": null,
                                "properties": {
                                    "reachable": true,
                                    "linear_index": 34
                                }
                            },
                            {
                                "id": 37,
                                "opcode": "bool_not",
                                "arg": 36,
                                "control_next": null,
                                "properties": {
                                    "reachable": true,
                                    "linear_index": 35
                                }
                            },
                            {
                                "id": 38,
                                "opcode": "int_const",
                                "value": 0,
                                "control_next": null,
                                "properties": {
                                    "reachable": true,
                                    "linear_index": 36
                                }
                            },
                            {
                                "id": 39,
                                "opcode": "int_equals",
                                "args": [
                                    37,
                                    38
                                ],
                                "control_next": null,
                                "properties": {
                                    "reachable": true,
                                    "linear_index": 37
                                }
                            },
                            {
                                "id": 40,
                                "opcode": "branch",
                                "target_block": 2,
                                "alternative_block": 5,
                                "condition": 39,
                                "control_next": null,
                                "properties": {
                                    "reachable": true,
                                    "linear_index": 38
                                }
                            }
                        ],
                        "properties": {
                            "reachable": true,
                            "linear_position": 4,
                            "linear_interval": {
                                "begin": 24,
                                "end": 39
                            }
                        }
                    },
                    {
                        "id": 4,
                        "control_flow": 25,
                        "phi": [],
                        "calls": [],
                        "code": [
                            {
                                "id": 23,
                                "opcode": "float64_const",
                                "value": 3.000000,
                                "control_next": null,
                                "properties": {
                                    "reachable": true,
                                    "linear_index": 40
                                }
                            },
                            {
                                "id": 24,
                                "opcode": "float64_to_float32",
                                "arg": 23,
                                "control_next": null,
                                "properties": {
                                    "reachable": true,
                                    "linear_index": 41
                                }
                            },
                            {
                                "id": 25,
                                "opcode": "return",
                                "arg": 24,
                                "control_next": null,
                                "properties": {
                                    "reachable": true,
                                    "linear_index": 42
                                }
                            }
                        ],
                        "properties": {
                            "reachable": true,
                            "linear_position": 6,
                            "linear_interval": {
                                "begin": 40,
                                "end": 43
                            }
                        }
                    },
                    {
                        "id": 5,
                        "control_flow": 41,
                        "phi": [],
                        "calls": [],
                        "code": [
                            {
                                "id": 41,
                                "opcode": "jump",
                                "target_block": 0,
                                "control_next": null,
                                "properties": {
                                    "reachable": true,
                                    "linear_index": 39
                                }
                            }
                        ],
                        "properties": {
                            "reachable": true,
                            "linear_position": 5,
                            "linear_interval": {
                                "begin": 39,
                                "end": 40
                            }
                        }
                    }
                ],
                "properties": {
                    "linear_length": 43
                }
            }
        }
    ]
}