.att_syntax
.section .note.GNU-stack,"",%progbits

.global test1
.type test1, @function
.global test3
.type test3, @function
.global test4
.type test4, @function
.global test5
.type test5, @function
.extern do_exit

.section .text
.L__kefir_text_section_begin:
test1:
.L__kefir_text_func_test1_begin:
    push %rbp
    mov %rsp, %rbp
    call do_exit@PLT
    ud2
.L__kefir_text_func_test1_end:

test3:
.L__kefir_text_func_test3_begin:
    push %rbp
    mov %rsp, %rbp
    call do_exit@PLT
    ud2
.L__kefir_text_func_test3_end:

test4:
.L__kefir_text_func_test4_begin:
    push %rbp
    mov %rsp, %rbp
    call do_exit@PLT
    ud2
.L__kefir_text_func_test4_end:

test5:
.L__kefir_text_func_test5_begin:
    push %rbp
    mov %rsp, %rbp
    call do_exit@PLT
    ud2
.L__kefir_text_func_test5_end:

.L__kefir_text_section_end:

