.att_syntax
.section .note.GNU-stack,"",%progbits

.global factorial
.type factorial, @function

.section .text
.L__kefir_text_section_begin:
factorial:
.L__kefir_text_func_factorial_begin:
    mov $1, %rax
    mov %rdi, %rcx
    mov %rax, %rdx
.L__kefir_func_factorial_label2:
    lea -1(%rcx), %rdi
    mov %rdx, %rax
    imul %rcx, %rax
    cmp $1, %rcx
    jle .L__kefir_func_factorial_label9
    mov %rdi, %rcx
    mov %rax, %rdx
    jmp .L__kefir_func_factorial_label2
.L__kefir_func_factorial_label9:
    mov %rdx, %rax
    ret
.L__kefir_text_func_factorial_end:

.L__kefir_text_section_end:

