.att_syntax
.section .note.GNU-stack,"",%progbits

.global factorial64
.type factorial64, @function

.section .text
__kefir_text_section_begin:
factorial64:
__kefir_text_func_factorial64_begin:
    jmp __kefir_func_factorial64_label1
__kefir_func_factorial64_label1:
    cmp $0, %rdi
    jl __kefir_func_factorial64_label13
    jmp __kefir_func_factorial64_label3
__kefir_func_factorial64_label3:
    cmp $2, %rdi
    jle __kefir_func_factorial64_label11
    jmp __kefir_func_factorial64_label4
__kefir_func_factorial64_label13:
    xor %eax, %eax
    ret
__kefir_func_factorial64_label4:
    mov $1, %rax
    mov %rdi, %rdx
    mov %rax, %rsi
    jmp __kefir_func_factorial64_label5
__kefir_func_factorial64_label11:
    mov %rdi, %rax
    ret
__kefir_func_factorial64_label5:
    lea -1(%rdx), %rdi
    mov %rsi, %rcx
    imul %rdx, %rcx
    cmp $1, %rdx
    jle __kefir_func_factorial64_label9
__kefir_func_factorial64_label18:
    mov %rdi, %rdx
    mov %rcx, %rsi
    jmp __kefir_func_factorial64_label5
__kefir_func_factorial64_label9:
    mov %rsi, %rax
    ret
__kefir_text_func_factorial64_end:

__kefir_text_section_end:

