.att_syntax
.section .note.GNU-stack,"",%progbits

.global factorial64
.type factorial64, @function
.extern __kefirrt_opt_amd64_sysv_vararg_save
.extern __kefirrt_opt_load_int_vararg
.extern __kefirrt_opt_load_sse_vararg
.extern __kefirrt_opt_float32_to_uint
.extern __kefirrt_opt_float64_to_uint
.extern __kefirrt_opt_long_double_to_int
.extern __kefirrt_opt_long_double_to_uint
.extern __kefirrt_opt_complex_long_double_equals
.extern __kefirrt_opt_complex_long_double_truncate_1bit
.extern __kefirrt_opt_complex_float32_mul
.extern __kefirrt_opt_complex_float32_div
.extern __kefirrt_opt_complex_float64_mul
.extern __kefirrt_opt_complex_float64_div
.extern __kefirrt_opt_complex_long_double_mul
.extern __kefirrt_opt_complex_long_double_div
.extern __kefirrt_fenv_update
.extern __kefir_opt_float32_neg
.extern __kefir_opt_float64_neg
.extern __kefir_opt_uint2long_double
.extern __kefir_opt_complex_float32_neg
.extern __kefir_opt_complex_float64_neg

.section .text
__kefir_text_section_begin:
factorial64:
.file 0 "source/tests/end2end/debug_info1/lib.kefir.c"
.loc 0 23 1
.loc 0 24 5
_kefir_func_factorial64_label9:
    cmp $0, %rdi
    jge _kefir_func_factorial64_label3
.loc 0 25 9
_kefir_func_factorial64_label2:
_kefir_func_factorial64_label10:
    xor %eax, %eax
.loc 0 25 9
_kefir_func_factorial64_label11:
    ret
.loc 0 26 12
_kefir_func_factorial64_label3:
_kefir_func_factorial64_label12:
    cmp $2, %rdi
    jg _kefir_func_factorial64_label5
.loc 0 27 9
_kefir_func_factorial64_label14:
_kefir_func_factorial64_label13:
    mov %rdi, %rax
    ret
.loc 0 28 12
_kefir_func_factorial64_label5:
_kefir_func_factorial64_label15:
    mov $1, %rax
.loc 0 30 9
_kefir_func_factorial64_label6:
_kefir_func_factorial64_label16:
    cmp $1, %rdi
    jg _kefir_func_factorial64_label17
    mov %rax, %rcx
    jmp _kefir_func_factorial64_label8
_kefir_func_factorial64_label17:
    mov %rdi, %rcx
    mov %rax, %rdx
.loc 0 31 13
_kefir_func_factorial64_label18:
    imul %rcx, %rdx
.loc 0 30 23
_kefir_func_factorial64_label19:
    add $-1, %rcx
.loc 0 30 9
_kefir_func_factorial64_label20:
    mov %rcx, %rdi
    mov %rdx, %rax
    jmp _kefir_func_factorial64_label6
.loc 0 33 9
_kefir_func_factorial64_label8:
_kefir_func_factorial64_label21:
    mov %rcx, %rax
    ret

__kefir_text_section_end:


.section .debug_abbrev
__kefir_debug_abbrev_section_begin:
__kefir_debug_abbrev_section_entry_1:
    .byte 1
    .byte 17
    .byte 1
    .byte 19
    .byte 5
    .byte 37
    .byte 8
    .byte 17
    .byte 1
    .byte 18
    .byte 7
    .byte 16
    .byte 23
    .byte 0
    .byte 0
    .byte 0

.section .debug_info
__kefir_debug_info_section:
    .long __kefir_debug_info_section_end - __kefir_debug_info_section_begin
__kefir_debug_info_section_begin:
    .word 5
    .byte 1
    .byte 8
    .long __kefir_debug_abbrev_section_begin
__kefir_debug_info_section_entry_1:
    .byte 1
    .word 29
    .ascii "Kefir C compiler\000"
    .quad __kefir_text_section_begin
    .quad __kefir_text_section_end - __kefir_text_section_begin
    .long __kefir_debug_lines_section_begin
    .byte 0
    .byte 0
__kefir_debug_info_section_end:

.section .debug_line
__kefir_debug_lines_section_begin:
