.att_syntax
.section .note.GNU-stack,"",%progbits


.section .text
.L__kefir_text_section_begin:
close1:
.L__kefir_text_func_close1_begin:
    push %rbp
    mov %rsp, %rbp
    pop %rbp
    ret
.L__kefir_text_func_close1_end:

close2:
.L__kefir_text_func_close2_begin:
    push %rbp
    mov %rsp, %rbp
    pop %rbp
    ret
.L__kefir_text_func_close2_end:

.L__kefir_text_section_end:


.section .fini_array
    .align 8
    .quad close1
    .quad close2
