.att_syntax
.section .note.GNU-stack,"",%progbits

.global pnanl
.type pnanl, @function
.extern mysignbit

.section .text
__kefir_text_section_begin:
minus:
__kefir_text_func_minus_begin:
    push %rbp
    mov %rsp, %rbp
    sub $16, %rsp
    fstcw -8(%rbp)
    jmp __kefir_func_minus_label1
__kefir_func_minus_label1:
    fldt 16(%rbp)
    fchs
    fldcw -8(%rbp)
    lea (%rbp), %rsp
    pop %rbp
    ret
__kefir_text_func_minus_end:

pnanl:
__kefir_text_func_pnanl_begin:
    push %rbp
    mov %rsp, %rbp
    sub $32, %rsp
    fstcw -8(%rbp)
    jmp __kefir_func_pnanl_label1
__kefir_func_pnanl_label1:
    fldt __kefir_func_pnanl_label9(%rip)
    fstpt -32(%rbp)
    sub $16, %rsp
    fldt -32(%rbp)
    fstpt (%rsp)
    call mysignbit@PLT
    add $16, %rsp
    test %eax, %eax
    jz __kefir_func_pnanl_label6
    jmp __kefir_func_pnanl_label5
__kefir_func_pnanl_label5:
    sub $16, %rsp
    fldt -32(%rbp)
    fstpt (%rsp)
    call minus
    add $16, %rsp
    fstpt -32(%rbp)
    jmp __kefir_func_pnanl_label6
__kefir_func_pnanl_label6:
    fldt -32(%rbp)
    fldcw -8(%rbp)
    lea (%rbp), %rsp
    pop %rbp
    ret
__kefir_text_func_pnanl_end:
.section .rodata
    .align 8
__kefir_func_pnanl_label9:
    .quad 13835058055282163712
    .quad 65535
.section .text

__kefir_text_section_end:

