.att_syntax
.section .note.GNU-stack,"",%progbits

.global somefn
.type somefn, @function
.extern somevar
.global assign_abs
.type assign_abs, @function
.global condition1
.type condition1, @function

.section .text
__kefir_text_section_begin:
somefn:
__kefir_text_func_somefn_begin:
    push %rbp
    mov %rsp, %rbp
    sub $16, %rsp
    stmxcsr -8(%rbp)
    movq _kefir_func_somefn_label5(%rip), %xmm0
    movq _kefir_func_somefn_label6(%rip), %xmm1
_kefir_func_somefn_label2:
    movsx %edi, %rax
    mov %rax, %rcx
    add $-1, %ecx
    xor %edx, %edx
    test %eax, %eax
    sete %dl
    test %dl, %dl
    jz _kefir_func_somefn_label7
    movq %xmm1, %xmm2
    jmp _kefir_func_somefn_label4
_kefir_func_somefn_label7:
    movq %xmm0, %xmm3
    movq %xmm1, %xmm4
    addsd %xmm3, %xmm4
    mov %rcx, %rdi
    movq %xmm3, %xmm0
    movq %xmm4, %xmm1
    jmp _kefir_func_somefn_label2
_kefir_func_somefn_label4:
    movq %xmm2, %xmm0
    ldmxcsr -8(%rbp)
    lea (%rbp), %rsp
    pop %rbp
    ret
__kefir_text_func_somefn_end:
.section .rodata
    .align 8
_kefir_func_somefn_label5:
    .quad 4607182418800017408
    .align 8
_kefir_func_somefn_label6:
    .quad 0
.section .text

assign_abs:
__kefir_text_func_assign_abs_begin:
    cmp $0, %rdi
    jg _kefir_func_assign_abs_label3
_kefir_func_assign_abs_label5:
    mov %rdi, %rax
    neg %rax
    jmp _kefir_func_assign_abs_label4
_kefir_func_assign_abs_label3:
    mov %rdi, %rax
_kefir_func_assign_abs_label4:
    movq somevar@GOTPCREL(%rip), %rcx
    movq %rax, (%rcx)
    ret
__kefir_text_func_assign_abs_end:

condition1:
__kefir_text_func_condition1_begin:
    movsx %edi, %rax
    cmp $0, %eax
    jle _kefir_func_condition1_label3
_kefir_func_condition1_label4:
    movsx %edi, %rax
    add $10, %eax
    ret
_kefir_func_condition1_label3:
    mov $10, %rax
    ret
__kefir_text_func_condition1_end:

__kefir_text_section_end:

